Component: ARM Compiler 5.06 update 7 (build 960) Tool: armlink [4d3601]

==============================================================================

Section Cross References

    startup_stm32f103xb.o(STACK) refers (Special) to heapauxi.o(.text) for __use_two_region_memory
    startup_stm32f103xb.o(HEAP) refers (Special) to heapauxi.o(.text) for __use_two_region_memory
    startup_stm32f103xb.o(RESET) refers (Special) to heapauxi.o(.text) for __use_two_region_memory
    startup_stm32f103xb.o(RESET) refers to startup_stm32f103xb.o(STACK) for __initial_sp
    startup_stm32f103xb.o(RESET) refers to startup_stm32f103xb.o(.text) for Reset_Handler
    startup_stm32f103xb.o(RESET) refers to stm32f1xx_it.o(i.NMI_Handler) for NMI_Handler
    startup_stm32f103xb.o(RESET) refers to stm32f1xx_it.o(i.HardFault_Handler) for HardFault_Handler
    startup_stm32f103xb.o(RESET) refers to stm32f1xx_it.o(i.MemManage_Handler) for MemManage_Handler
    startup_stm32f103xb.o(RESET) refers to stm32f1xx_it.o(i.BusFault_Handler) for BusFault_Handler
    startup_stm32f103xb.o(RESET) refers to stm32f1xx_it.o(i.UsageFault_Handler) for UsageFault_Handler
    startup_stm32f103xb.o(RESET) refers to port.o(.emb_text) for SVC_Handler
    startup_stm32f103xb.o(RESET) refers to stm32f1xx_it.o(i.DebugMon_Handler) for DebugMon_Handler
    startup_stm32f103xb.o(RESET) refers to stm32f1xx_it.o(i.SysTick_Handler) for SysTick_Handler
    startup_stm32f103xb.o(RESET) refers to stm32f1xx_it.o(i.DMA1_Channel2_IRQHandler) for DMA1_Channel2_IRQHandler
    startup_stm32f103xb.o(RESET) refers to stm32f1xx_it.o(i.DMA1_Channel3_IRQHandler) for DMA1_Channel3_IRQHandler
    startup_stm32f103xb.o(RESET) refers to stm32f1xx_it.o(i.DMA1_Channel4_IRQHandler) for DMA1_Channel4_IRQHandler
    startup_stm32f103xb.o(RESET) refers to stm32f1xx_it.o(i.DMA1_Channel5_IRQHandler) for DMA1_Channel5_IRQHandler
    startup_stm32f103xb.o(RESET) refers to stm32f1xx_it.o(i.DMA1_Channel6_IRQHandler) for DMA1_Channel6_IRQHandler
    startup_stm32f103xb.o(RESET) refers to stm32f1xx_it.o(i.DMA1_Channel7_IRQHandler) for DMA1_Channel7_IRQHandler
    startup_stm32f103xb.o(RESET) refers to stm32f1xx_it.o(i.USART1_IRQHandler) for USART1_IRQHandler
    startup_stm32f103xb.o(RESET) refers to stm32f1xx_it.o(i.USART2_IRQHandler) for USART2_IRQHandler
    startup_stm32f103xb.o(RESET) refers to stm32f1xx_it.o(i.USART3_IRQHandler) for USART3_IRQHandler
    startup_stm32f103xb.o(.text) refers (Special) to heapauxi.o(.text) for __use_two_region_memory
    startup_stm32f103xb.o(.text) refers to system_stm32f1xx.o(i.SystemInit) for SystemInit
    startup_stm32f103xb.o(.text) refers to __main.o(!!!main) for __main
    startup_stm32f103xb.o(.text) refers to startup_stm32f103xb.o(HEAP) for Heap_Mem
    startup_stm32f103xb.o(.text) refers to startup_stm32f103xb.o(STACK) for Stack_Mem
    main.o(i.StartDefaultTask) refers to cmsis_os2.o(i.osDelay) for osDelay
    main.o(i.Vtask_advance) refers to cmsis_os2.o(i.osDelay) for osDelay
    main.o(i.Vtask_advance) refers to test.o(i.test_mqtt_btn) for test_mqtt_btn
    main.o(i.Vtask_wifi) refers to cmsis_os2.o(i.osDelay) for osDelay
    main.o(i.main) refers to stm32f1xx_hal.o(i.HAL_Init) for HAL_Init
    main.o(i.main) refers to initialization.o(i.Hardware_init) for Hardware_init
    main.o(i.main) refers to initialization.o(i.Software_init) for Software_init
    main.o(i.main) refers to tasks.o(i.xTaskCreate) for xTaskCreate
    main.o(i.main) refers to tasks.o(i.vTaskStartScheduler) for vTaskStartScheduler
    main.o(i.main) refers to main.o(i.Vtask_wifi) for Vtask_wifi
    main.o(i.main) refers to main.o(i.Vtask_sim) for Vtask_sim
    main.o(i.main) refers to main.o(i.Vtask_advance) for Vtask_advance
    stm32f1xx_it.o(i.DMA1_Channel2_IRQHandler) refers to stm32f1xx_hal_dma.o(i.HAL_DMA_IRQHandler) for HAL_DMA_IRQHandler
    stm32f1xx_it.o(i.DMA1_Channel2_IRQHandler) refers to dma.o(.bss) for hdma_usart3_tx
    stm32f1xx_it.o(i.DMA1_Channel3_IRQHandler) refers to stm32f1xx_hal_dma.o(i.HAL_DMA_IRQHandler) for HAL_DMA_IRQHandler
    stm32f1xx_it.o(i.DMA1_Channel3_IRQHandler) refers to dma.o(.bss) for hdma_usart3_rx
    stm32f1xx_it.o(i.DMA1_Channel4_IRQHandler) refers to stm32f1xx_hal_dma.o(i.HAL_DMA_IRQHandler) for HAL_DMA_IRQHandler
    stm32f1xx_it.o(i.DMA1_Channel4_IRQHandler) refers to dma.o(.bss) for hdma_usart1_tx
    stm32f1xx_it.o(i.DMA1_Channel5_IRQHandler) refers to stm32f1xx_hal_dma.o(i.HAL_DMA_IRQHandler) for HAL_DMA_IRQHandler
    stm32f1xx_it.o(i.DMA1_Channel5_IRQHandler) refers to dma.o(.bss) for hdma_usart1_rx
    stm32f1xx_it.o(i.DMA1_Channel6_IRQHandler) refers to stm32f1xx_hal_dma.o(i.HAL_DMA_IRQHandler) for HAL_DMA_IRQHandler
    stm32f1xx_it.o(i.DMA1_Channel6_IRQHandler) refers to dma.o(.bss) for hdma_usart2_rx
    stm32f1xx_it.o(i.DMA1_Channel7_IRQHandler) refers to stm32f1xx_hal_dma.o(i.HAL_DMA_IRQHandler) for HAL_DMA_IRQHandler
    stm32f1xx_it.o(i.DMA1_Channel7_IRQHandler) refers to dma.o(.bss) for hdma_usart2_tx
[...]
    i.DebugMon_Handler                       0x080005dc   Section        0  stm32f1xx_it.o(i.DebugMon_Handler)
    i.Error_Handler                          0x080005de   Section        0  main.o(i.Error_Handler)
    i.GPIO_INI                               0x080005e4   Section        0  gpio.o(i.GPIO_INI)
    i.HAL_DMA_Abort_IT                       0x0800069c   Section        0  stm32f1xx_hal_dma.o(i.HAL_DMA_Abort_IT)
    i.HAL_DMA_IRQHandler                     0x0800074c   Section        0  stm32f1xx_hal_dma.o(i.HAL_DMA_IRQHandler)
    i.HAL_DMA_Init                           0x080008e8   Section        0  stm32f1xx_hal_dma.o(i.HAL_DMA_Init)
    i.HAL_GPIO_Init                          0x08000950   Section        0  stm32f1xx_hal_gpio.o(i.HAL_GPIO_Init)
    i.HAL_GPIO_ReadPin                       0x08000c70   Section        0  stm32f1xx_hal_gpio.o(i.HAL_GPIO_ReadPin)
    i.HAL_GPIO_WritePin                      0x08000c80   Section        0  stm32f1xx_hal_gpio.o(i.HAL_GPIO_WritePin)
    i.HAL_GetTick                            0x08000c8c   Section        0  stm32f1xx_hal.o(i.HAL_GetTick)
    i.HAL_IncTick                            0x08000c98   Section        0  stm32f1xx_hal.o(i.HAL_IncTick)
    i.HAL_Init                               0x08000cb0   Section        0  stm32f1xx_hal.o(i.HAL_Init)
    i.HAL_InitTick                           0x08000cd8   Section        0  stm32f1xx_hal.o(i.HAL_InitTick)
    i.HAL_MspInit                            0x08000d24   Section        0  stm32f1xx_hal_msp.o(i.HAL_MspInit)
    i.HAL_NVIC_EnableIRQ                     0x08000da0   Section        0  stm32f1xx_hal_cortex.o(i.HAL_NVIC_EnableIRQ)
    i.HAL_NVIC_SetPriority                   0x08000dc0   Section        0  stm32f1xx_hal_cortex.o(i.HAL_NVIC_SetPriority)
    i.HAL_NVIC_SetPriorityGrouping           0x08000e3c   Section        0  stm32f1xx_hal_cortex.o(i.HAL_NVIC_SetPriorityGrouping)
    i.HAL_RCC_ClockConfig                    0x08000e64   Section        0  stm32f1xx_hal_rcc.o(i.HAL_RCC_ClockConfig)
    i.HAL_RCC_GetHCLKFreq                    0x08000ff0   Section        0  stm32f1xx_hal_rcc.o(i.HAL_RCC_GetHCLKFreq)
    i.HAL_RCC_GetPCLK1Freq                   0x08000ffc   Section        0  stm32f1xx_hal_rcc.o(i.HAL_RCC_GetPCLK1Freq)
    i.HAL_RCC_GetPCLK2Freq                   0x0800101c   Section        0  stm32f1xx_hal_rcc.o(i.HAL_RCC_GetPCLK2Freq)
    i.HAL_RCC_GetSysClockFreq                0x0800103c   Section        0  stm32f1xx_hal_rcc.o(i.HAL_RCC_GetSysClockFreq)
    i.HAL_RCC_OscConfig                      0x080010d0   Section        0  stm32f1xx_hal_rcc.o(i.HAL_RCC_OscConfig)
    i.HAL_SYSTICK_Config                     0x08001534   Section        0  stm32f1xx_hal_cortex.o(i.HAL_SYSTICK_Config)
    i.HAL_UART_ErrorCallback                 0x08001568   Section        0  stm32f1xx_hal_uart.o(i.HAL_UART_ErrorCallback)
    i.HAL_UART_IRQHandler                    0x0800156c   Section        0  stm32f1xx_hal_uart.o(i.HAL_UART_IRQHandler)
    i.HAL_UART_Init                          0x080016b8   Section        0  stm32f1xx_hal_uart.o(i.HAL_UART_Init)
    i.HAL_UART_MspInit                       0x0800172c   Section        0  stm32f1xx_hal_msp.o(i.HAL_UART_MspInit)
    i.HAL_UART_RxCpltCallback                0x08001a10   Section        0  stm32f1xx_hal_uart.o(i.HAL_UART_RxCpltCallback)
    i.HAL_UART_TxCpltCallback                0x08001a12   Section        0  stm32f1xx_hal_uart.o(i.HAL_UART_TxCpltCallback)
    i.HardFault_Handler                      0x08001a14   Section        0  stm32f1xx_it.o(i.HardFault_Handler)
    i.Hardware_init                          0x08001a18   Section        0  initialization.o(i.Hardware_init)
    i.LL_USART_EnableIT_RXNE                 0x08001a30   Section        0  usart.o(i.LL_USART_EnableIT_RXNE)
    LL_USART_EnableIT_RXNE                   0x08001a31   Thumb Code    10  usart.o(i.LL_USART_EnableIT_RXNE)
    i.LL_USART_IsActiveFlag_RXNE             0x08001a3a   Section        0  stm32f1xx_it.o(i.LL_USART_IsActiveFlag_RXNE)
    LL_USART_IsActiveFlag_RXNE               0x08001a3b   Thumb Code    10  stm32f1xx_it.o(i.LL_USART_IsActiveFlag_RXNE)
    i.LL_USART_IsActiveFlag_TXE              0x08001a44   Section        0  usart.o(i.LL_USART_IsActiveFlag_TXE)
    LL_USART_IsActiveFlag_TXE                0x08001a45   Thumb Code    10  usart.o(i.LL_USART_IsActiveFlag_TXE)
    i.LL_USART_IsEnabledIT_RXNE              0x08001a4e   Section        0  stm32f1xx_it.o(i.LL_USART_IsEnabledIT_RXNE)
    LL_USART_IsEnabledIT_RXNE                0x08001a4f   Thumb Code    10  stm32f1xx_it.o(i.LL_USART_IsEnabledIT_RXNE)
    i.LL_USART_TransmitData8                 0x08001a58   Section        0  usart.o(i.LL_USART_TransmitData8)
    LL_USART_TransmitData8                   0x08001a59   Thumb Code     4  usart.o(i.LL_USART_TransmitData8)
    i.MemManage_Handler                      0x08001a5c   Section        0  stm32f1xx_it.o(i.MemManage_Handler)
    i.NMI_Handler                            0x08001a60   Section        0  stm32f1xx_it.o(i.NMI_Handler)
    i.NVIC_EncodePriority                    0x08001a64   Section        0  usart.o(i.NVIC_EncodePriority)
    NVIC_EncodePriority                      0x08001a65   Thumb Code    64  usart.o(i.NVIC_EncodePriority)
    i.RCC_Delay                              0x08001aa4   Section        0  stm32f1xx_hal_rcc.o(i.RCC_Delay)
    RCC_Delay                                0x08001aa5   Thumb Code    36  stm32f1xx_hal_rcc.o(i.RCC_Delay)
    i.Software_init                          0x08001acc   Section        0  initialization.o(i.Software_init)
    i.SysTick_Handler                        0x08001ad4   Section        0  stm32f1xx_it.o(i.SysTick_Handler)
    i.SystemClock_INI                        0x08001b28   Section        0  clock.o(i.SystemClock_INI)
    i.SystemInit                             0x08001b84   Section        0  system_stm32f1xx.o(i.SystemInit)
    i.UART1_INI                              0x08001bdc   Section        0  usart.o(i.UART1_INI)
    i.UART2_INI                              0x08001c38   Section        0  usart.o(i.UART2_INI)
    i.UART3_INI                              0x08001c94   Section        0  usart.o(i.UART3_INI)
    i.UART_DMAAbortOnError                   0x08001cf0   Section        0  stm32f1xx_hal_uart.o(i.UART_DMAAbortOnError)
    UART_DMAAbortOnError                     0x08001cf1   Thumb Code    20  stm32f1xx_hal_uart.o(i.UART_DMAAbortOnError)
    i.UART_EndRxTransfer                     0x08001d04   Section        0  stm32f1xx_hal_uart.o(i.UART_EndRxTransfer)
    UART_EndRxTransfer                       0x08001d05   Thumb Code    32  stm32f1xx_hal_uart.o(i.UART_EndRxTransfer)
    i.UART_EndTransmit_IT                    0x08001d24   Section        0  stm32f1xx_hal_uart.o(i.UART_EndTransmit_IT)
    UART_EndTransmit_IT                      0x08001d25   Thumb Code    32  stm32f1xx_hal_uart.o(i.UART_EndTransmit_IT)
    i.UART_PRINT                             0x08001d44   Section        0  usart.o(i.UART_PRINT)
    i.UART_Receive_IT                        0x08001dc0   Section        0  stm32f1xx_hal_uart.o(i.UART_Receive_IT)
    UART_Receive_IT                          0x08001dc1   Thumb Code   166  stm32f1xx_hal_uart.o(i.UART_Receive_IT)
    i.UART_SetConfig                         0x08001e68   Section        0  stm32f1xx_hal_uart.o(i.UART_SetConfig)
    UART_SetConfig                           0x08001e69   Thumb Code   412  stm32f1xx_hal_uart.o(i.UART_SetConfig)
    i.UART_Transmit_IT                       0x08002008   Section        0  stm32f1xx_hal_uart.o(i.UART_Transmit_IT)
    UART_Transmit_IT                         0x08002009   Thumb Code   104  stm32f1xx_hal_uart.o(i.UART_Transmit_IT)
    i.USART1_IRQHandler                      0x08002070   Section        0  stm32f1xx_it.o(i.USART1_IRQHandler)
    i.USART2_IRQHandler                      0x080020ac   Section        0  stm32f1xx_it.o(i.USART2_IRQHandler)
    i.USART3_IRQHandler                      0x080020e8   Section        0  stm32f1xx_it.o(i.USART3_IRQHandler)
    i.UsageFault_Handler                     0x0800211c   Section        0  stm32f1xx_it.o(i.UsageFault_Handler)
    i.Vtask_advance                          0x08002120   Section        0  main.o(i.Vtask_advance)
    i.Vtask_sim                              0x0800212e   Section        0  main.o(i.Vtask_sim)
    i.Vtask_wifi                             0x08002132   Section        0  main.o(i.Vtask_wifi)
    i.__NVIC_EnableIRQ                       0x0800213c   Section        0  usart.o(i.__NVIC_EnableIRQ)
    __NVIC_EnableIRQ                         0x0800213d   Thumb Code    26  usart.o(i.__NVIC_EnableIRQ)
    i.__NVIC_GetPriorityGrouping             0x08002158   Section        0  stm32f1xx_hal_cortex.o(i.__NVIC_GetPriorityGrouping)
    __NVIC_GetPriorityGrouping               0x08002159   Thumb Code    10  stm32f1xx_hal_cortex.o(i.__NVIC_GetPriorityGrouping)
    i.__NVIC_GetPriorityGrouping             0x08002168   Section        0  usart.o(i.__NVIC_GetPriorityGrouping)
    __NVIC_GetPriorityGrouping               0x08002169   Thumb Code    10  usart.o(i.__NVIC_GetPriorityGrouping)
    i.__NVIC_SetPriority                     0x08002178   Section        0  stm32f1xx_hal_cortex.o(i.__NVIC_SetPriority)
    __NVIC_SetPriority                       0x08002179   Thumb Code    32  stm32f1xx_hal_cortex.o(i.__NVIC_SetPriority)
    i.__NVIC_SetPriority                     0x080021a0   Section        0  usart.o(i.__NVIC_SetPriority)
    __NVIC_SetPriority                       0x080021a1   Thumb Code    32  usart.o(i.__NVIC_SetPriority)
    i.__get_BASEPRI                          0x080021c8   Section        0  cmsis_os2.o(i.__get_BASEPRI)
    __get_BASEPRI                            0x080021c9   Thumb Code     6  cmsis_os2.o(i.__get_BASEPRI)
    i.__get_IPSR                             0x080021ce   Section        0  cmsis_os2.o(i.__get_IPSR)
    __get_IPSR                               0x080021cf   Thumb Code     6  cmsis_os2.o(i.__get_IPSR)
    i.__get_PRIMASK                          0x080021d4   Section        0  cmsis_os2.o(i.__get_PRIMASK)
    __get_PRIMASK                            0x080021d5   Thumb Code     6  cmsis_os2.o(i.__get_PRIMASK)
    i.clear_esp_buffer                       0x080021dc   Section        0  esp8266.o(i.clear_esp_buffer)
    i.esp_uart_rx_manager                    0x08002200   Section        0  esp8266.o(i.esp_uart_rx_manager)
    i.ini_cpu_timer                          0x08002258   Section        0  cpu_timer.o(i.ini_cpu_timer)
    i.main                                   0x0800234c   Section        0  main.o(i.main)
    i.modbus_it_uart_manage                  0x080023d4   Section        0  modbus_gsm.o(i.modbus_it_uart_manage)
    i.osDelay                                0x08002414   Section        0  cmsis_os2.o(i.osDelay)
    i.prvAddCurrentTaskToDelayedList         0x0800244c   Section        0  tasks.o(i.prvAddCurrentTaskToDelayedList)
    prvAddCurrentTaskToDelayedList           0x0800244d   Thumb Code   100  tasks.o(i.prvAddCurrentTaskToDelayedList)
    i.prvAddNewTaskToReadyList               0x080024c8   Section        0  tasks.o(i.prvAddNewTaskToReadyList)
    prvAddNewTaskToReadyList                 0x080024c9   Thumb Code   154  tasks.o(i.prvAddNewTaskToReadyList)
    i.prvCheckForValidListAndQueue           0x08002580   Section        0  timers.o(i.prvCheckForValidListAndQueue)
    prvCheckForValidListAndQueue             0x08002581   Thumb Code    78  timers.o(i.prvCheckForValidListAndQueue)
    i.prvCheckTasksWaitingTermination        0x080025f4   Section        0  tasks.o(i.prvCheckTasksWaitingTermination)
    prvCheckTasksWaitingTermination          0x080025f5   Thumb Code    60  tasks.o(i.prvCheckTasksWaitingTermination)
    i.prvCopyDataFromQueue                   0x0800263c   Section        0  queue.o(i.prvCopyDataFromQueue)
    prvCopyDataFromQueue                     0x0800263d   Thumb Code    42  queue.o(i.prvCopyDataFromQueue)
    i.prvCopyDataToQueue                     0x08002666   Section        0  queue.o(i.prvCopyDataToQueue)
    prvCopyDataToQueue                       0x08002667   Thumb Code   124  queue.o(i.prvCopyDataToQueue)
    i.prvDeleteTCB                           0x080026e2   Section        0  tasks.o(i.prvDeleteTCB)
    prvDeleteTCB                             0x080026e3   Thumb Code    80  tasks.o(i.prvDeleteTCB)
    i.prvGetNextExpireTime                   0x08002734   Section        0  timers.o(i.prvGetNextExpireTime)
    prvGetNextExpireTime                     0x08002735   Thumb Code    36  timers.o(i.prvGetNextExpireTime)
    i.prvHeapInit                            0x0800275c   Section        0  heap_4.o(i.prvHeapInit)
    prvHeapInit                              0x0800275d   Thumb Code    98  heap_4.o(i.prvHeapInit)
    i.prvIdleTask                            0x080027d8   Section        0  tasks.o(i.prvIdleTask)
    prvIdleTask                              0x080027d9   Thumb Code    32  tasks.o(i.prvIdleTask)
    i.prvInitialiseNewQueue                  0x08002800   Section        0  queue.o(i.prvInitialiseNewQueue)
    prvInitialiseNewQueue                    0x08002801   Thumb Code    42  queue.o(i.prvInitialiseNewQueue)
    i.prvInitialiseNewTask                   0x0800282a   Section        0  tasks.o(i.prvInitialiseNewTask)
    prvInitialiseNewTask                     0x0800282b   Thumb Code   180  tasks.o(i.prvInitialiseNewTask)
    i.prvInitialiseTaskLists                 0x080028e0   Section        0  tasks.o(i.prvInitialiseTaskLists)
    prvInitialiseTaskLists                   0x080028e1   Thumb Code    70  tasks.o(i.prvInitialiseTaskLists)
    i.prvInsertBlockIntoFreeList             0x08002948   Section        0  heap_4.o(i.prvInsertBlockIntoFreeList)
    prvInsertBlockIntoFreeList               0x08002949   Thumb Code    96  heap_4.o(i.prvInsertBlockIntoFreeList)
    i.prvInsertTimerInActiveList             0x080029b0   Section        0  timers.o(i.prvInsertTimerInActiveList)
    prvInsertTimerInActiveList               0x080029b1   Thumb Code    80  timers.o(i.prvInsertTimerInActiveList)
    i.prvIsQueueEmpty                        0x08002a08   Section        0  queue.o(i.prvIsQueueEmpty)
    prvIsQueueEmpty                          0x08002a09   Thumb Code    26  queue.o(i.prvIsQueueEmpty)
    i.prvIsQueueFull                         0x08002a22   Section        0  queue.o(i.prvIsQueueFull)
    prvIsQueueFull                           0x08002a23   Thumb Code    30  queue.o(i.prvIsQueueFull)
    i.prvProcessExpiredTimer                 0x08002a40   Section        0  timers.o(i.prvProcessExpiredTimer)
    prvProcessExpiredTimer                   0x08002a41   Thumb Code    94  timers.o(i.prvProcessExpiredTimer)
    i.prvProcessReceivedCommands             0x08002aa4   Section        0  timers.o(i.prvProcessReceivedCommands)
    prvProcessReceivedCommands               0x08002aa5   Thumb Code   290  timers.o(i.prvProcessReceivedCommands)
    i.prvProcessTimerOrBlockTask             0x08002bcc   Section        0  timers.o(i.prvProcessTimerOrBlockTask)
    prvProcessTimerOrBlockTask               0x08002bcd   Thumb Code   102  timers.o(i.prvProcessTimerOrBlockTask)
    i.prvResetNextTaskUnblockTime            0x08002c40   Section        0  tasks.o(i.prvResetNextTaskUnblockTime)
    prvResetNextTaskUnblockTime              0x08002c41   Thumb Code    42  tasks.o(i.prvResetNextTaskUnblockTime)
    i.prvSampleTimeNow                       0x08002c74   Section        0  timers.o(i.prvSampleTimeNow)
    prvSampleTimeNow                         0x08002c75   Thumb Code    40  timers.o(i.prvSampleTimeNow)
    i.prvSwitchTimerLists                    0x08002ca0   Section        0  timers.o(i.prvSwitchTimerLists)
    prvSwitchTimerLists                      0x08002ca1   Thumb Code   150  timers.o(i.prvSwitchTimerLists)
    i.prvTaskExitError                       0x08002d40   Section        0  port.o(i.prvTaskExitError)
    prvTaskExitError                         0x08002d41   Thumb Code    60  port.o(i.prvTaskExitError)
    i.prvTimerTask                           0x08002d80   Section        0  timers.o(i.prvTimerTask)
    prvTimerTask                             0x08002d81   Thumb Code    26  timers.o(i.prvTimerTask)
    i.prvUnlockQueue                         0x08002d9a   Section        0  queue.o(i.prvUnlockQueue)
    prvUnlockQueue                           0x08002d9b   Thumb Code   126  queue.o(i.prvUnlockQueue)
    i.pvPortMalloc                           0x08002e18   Section        0  heap_4.o(i.pvPortMalloc)
    i.pxPortInitialiseStack                  0x08002f54   Section        0  port.o(i.pxPortInitialiseStack)
    i.test_mqtt_btn                          0x08002f78   Section        0  test.o(i.test_mqtt_btn)
    i.timer_basic_manager                    0x08002fdc   Section        0  cpu_timer.o(i.timer_basic_manager)
    i.timer_second_manager                   0x080030f0   Section        0  cpu_timer.o(i.timer_second_manager)
    i.uxListRemove                           0x08003194   Section        0  list.o(i.uxListRemove)
    i.vApplicationGetIdleTaskMemory          0x080031bc   Section        0  cmsis_os2.o(i.vApplicationGetIdleTaskMemory)
    i.vApplicationGetTimerTaskMemory         0x080031d4   Section        0  cmsis_os2.o(i.vApplicationGetTimerTaskMemory)
    i.vListInitialise                        0x080031ec   Section        0  list.o(i.vListInitialise)
    i.vListInitialiseItem                    0x08003206   Section        0  list.o(i.vListInitialiseItem)
    i.vListInsert                            0x0800320c   Section        0  list.o(i.vListInsert)
    i.vListInsertEnd                         0x08003240   Section        0  list.o(i.vListInsertEnd)
    i.vPortEnterCritical                     0x08003258   Section        0  port.o(i.vPortEnterCritical)
    i.vPortExitCritical                      0x080032ac   Section        0  port.o(i.vPortExitCritical)
    i.vPortFree                              0x080032e8   Section        0  heap_4.o(i.vPortFree)
    i.vPortSetupTimerInterrupt               0x0800337c   Section        0  port.o(i.vPortSetupTimerInterrupt)
    i.vPortValidateInterruptPriority         0x080033a4   Section        0  port.o(i.vPortValidateInterruptPriority)
    i.vQueueAddToRegistry                    0x0800341c   Section        0  queue.o(i.vQueueAddToRegistry)
    i.vQueueWaitForMessageRestricted         0x08003448   Section        0  queue.o(i.vQueueWaitForMessageRestricted)
    i.vTaskDelay                             0x08003494   Section        0  tasks.o(i.vTaskDelay)
    i.vTaskInternalSetTimeOutState           0x080034f0   Section        0  tasks.o(i.vTaskInternalSetTimeOutState)
    i.vTaskMissedYield                       0x08003508   Section        0  tasks.o(i.vTaskMissedYield)
    i.vTaskPlaceOnEventList                  0x08003514   Section        0  tasks.o(i.vTaskPlaceOnEventList)
    i.vTaskPlaceOnEventListRestricted        0x0800354c   Section        0  tasks.o(i.vTaskPlaceOnEventListRestricted)
    i.vTaskStartScheduler                    0x0800358c   Section        0  tasks.o(i.vTaskStartScheduler)
    i.vTaskSuspendAll                        0x08003644   Section        0  tasks.o(i.vTaskSuspendAll)
    i.vTaskSwitchContext                     0x08003654   Section        0  tasks.o(i.vTaskSwitchContext)
    i.xPortStartScheduler                    0x080036e4   Section        0  port.o(i.xPortStartScheduler)
    i.xPortSysTickHandler                    0x080037dc   Section        0  port.o(i.xPortSysTickHandler)
    i.xQueueGenericCreateStatic              0x08003810   Section        0  queue.o(i.xQueueGenericCreateStatic)
    i.xQueueGenericReset                     0x080038f0   Section        0  queue.o(i.xQueueGenericReset)
    i.xQueueGenericSend                      0x08003988   Section        0  queue.o(i.xQueueGenericSend)
    i.xQueueGenericSendFromISR               0x08003b30   Section        0  queue.o(i.xQueueGenericSendFromISR)
    i.xQueueReceive                          0x08003c28   Section        0  queue.o(i.xQueueReceive)
    i.xTaskCheckForTimeOut                   0x08003d90   Section        0  tasks.o(i.xTaskCheckForTimeOut)
    i.xTaskCreate                            0x08003e1c   Section        0  tasks.o(i.xTaskCreate)
    i.xTaskCreateStatic                      0x08003e80   Section        0  tasks.o(i.xTaskCreateStatic)
    i.xTaskGetSchedulerState                 0x08003f38   Section        0  tasks.o(i.xTaskGetSchedulerState)
    i.xTaskGetTickCount                      0x08003f58   Section        0  tasks.o(i.xTaskGetTickCount)
    i.xTaskIncrementTick                     0x08003f64   Section        0  tasks.o(i.xTaskIncrementTick)
    i.xTaskPriorityDisinherit                0x080040a8   Section        0  tasks.o(i.xTaskPriorityDisinherit)
    i.xTaskRemoveFromEventList               0x0800414c   Section        0  tasks.o(i.xTaskRemoveFromEventList)
    i.xTaskResumeAll                         0x080041e4   Section        0  tasks.o(i.xTaskResumeAll)
    i.xTimerCreateTimerTask                  0x080042e8   Section        0  timers.o(i.xTimerCreateTimerTask)
    i.xTimerGenericCommand                   0x08004360   Section        0  timers.o(i.xTimerGenericCommand)
    .constdata                               0x080043e4   Section       24  system_stm32f1xx.o(.constdata)
    .data                                    0x20000000   Section        4  stm32f1xx_it.o(.data)
    .data                                    0x20000004   Section        9  stm32f1xx_hal.o(.data)
    .data                                    0x20000010   Section        4  system_stm32f1xx.o(.data)
    .data                                    0x20000014   Section       60  tasks.o(.data)
    pxDelayedTaskList                        0x20000018   Data           4  tasks.o(.data)
    pxOverflowDelayedTaskList                0x2000001c   Data           4  tasks.o(.data)
    uxDeletedTasksWaitingCleanUp             0x20000020   Data           4  tasks.o(.data)
    uxCurrentNumberOfTasks                   0x20000024   Data           4  tasks.o(.data)
    xTickCount                               0x20000028   Data           4  tasks.o(.data)
    uxTopReadyPriority                       0x2000002c   Data           4  tasks.o(.data)
    xSchedulerRunning                        0x20000030   Data           4  tasks.o(.data)
    uxPendedTicks                            0x20000034   Data           4  tasks.o(.data)
    xYieldPending                            0x20000038   Data           4  tasks.o(.data)
    xNumOfOverflows                          0x2000003c   Data           4  tasks.o(.data)
    uxTaskNumber                             0x20000040   Data           4  tasks.o(.data)
    xNextTaskUnblockTime                     0x20000044   Data           4  tasks.o(.data)
    xIdleTaskHandle                          0x20000048   Data           4  tasks.o(.data)
    uxSchedulerSuspended                     0x2000004c   Data           4  tasks.o(.data)
    .data                                    0x20000050   Section       20  timers.o(.data)
    pxCurrentTimerList                       0x20000050   Data           4  timers.o(.data)
    pxOverflowTimerList                      0x20000054   Data           4  timers.o(.data)
    xTimerQueue                              0x20000058   Data           4  timers.o(.data)
    xTimerTaskHandle                         0x2000005c   Data           4  timers.o(.data)
    xLastTime                                0x20000060   Data           4  timers.o(.data)
    .data                                    0x20000064   Section        4  cmsis_os2.o(.data)
    KernelState                              0x20000064   Data           4  cmsis_os2.o(.data)
    .data                                    0x20000068   Section       24  heap_4.o(.data)
    xStart                                   0x20000068   Data           8  heap_4.o(.data)
    pxEnd                                    0x20000070   Data           4  heap_4.o(.data)
    xFreeBytesRemaining                      0x20000074   Data           4  heap_4.o(.data)
    xMinimumEverFreeBytesRemaining           0x20000078   Data           4  heap_4.o(.data)
    xBlockAllocatedBit                       0x2000007c   Data           4  heap_4.o(.data)
    .data                                    0x20000080   Section       12  port.o(.data)
    uxCriticalNesting                        0x20000080   Data           4  port.o(.data)
    ucMaxSysCallPriority                     0x20000084   Data           1  port.o(.data)
    ulMaxPRIGROUPValue                       0x20000088   Data           4  port.o(.data)
    .data                                    0x2000008c   Section        4  usart.o(.data)
    .data                                    0x20000090   Section        5  test.o(.data)
    .data                                    0x20000095   Section        2  esp8266.o(.data)
    .bss                                     0x20000098   Section       64  queue.o(.bss)
    .bss                                     0x200000d8   Section     1220  tasks.o(.bss)
    pxReadyTasksLists                        0x200000d8   Data        1120  tasks.o(.bss)
    xDelayedTaskList1                        0x20000538   Data          20  tasks.o(.bss)
    xDelayedTaskList2                        0x2000054c   Data          20  tasks.o(.bss)
    xPendingReadyList                        0x20000560   Data          20  tasks.o(.bss)
    xTasksWaitingTermination                 0x20000574   Data          20  tasks.o(.bss)
    xSuspendedTaskList                       0x20000588   Data          20  tasks.o(.bss)
    .bss                                     0x2000059c   Section      280  timers.o(.bss)
    xActiveTimerList1                        0x2000059c   Data          20  timers.o(.bss)
    xActiveTimerList2                        0x200005b0   Data          20  timers.o(.bss)
    xStaticTimerQueue                        0x200005c4   Data          80  timers.o(.bss)
    ucStaticTimerQueueStorage                0x20000614   Data         160  timers.o(.bss)
    .bss                                     0x200006b4   Section     2232  cmsis_os2.o(.bss)
    Idle_TCB                                 0x200006b4   Data          92  cmsis_os2.o(.bss)
    Idle_Stack                               0x20000710   Data        1024  cmsis_os2.o(.bss)
    Timer_TCB                                0x20000b10   Data          92  cmsis_os2.o(.bss)
    Timer_Stack                              0x20000b6c   Data        1024  cmsis_os2.o(.bss)
    .bss                                     0x20000f6c   Section     4000  heap_4.o(.bss)
    ucHeap                                   0x20000f6c   Data        4000  heap_4.o(.bss)
    .bss                                     0x20001f0c   Section      428  modbus.o(.bss)
    .bss                                     0x200020b8   Section      120  cpu_timer.o(.bss)
    .bss                                     0x20002130   Section      192  usart.o(.bss)
    .bss                                     0x200021f0   Section      408  dma.o(.bss)
    .bss                                     0x20002388   Section      203  esp8266.o(.bss)
    .bss                                     0x20002454   Section       96  libspace.o(.bss)
    HEAP                                     0x200024b8   Section      512  startup_stm32f103xb.o(HEAP)
    Heap_Mem                                 0x200024b8   Data         512  startup_stm32f103xb.o(HEAP)
    STACK                                    0x200026b8   Section     1024  startup_stm32f103xb.o(STACK)
    Stack_Mem                                0x200026b8   Data        1024  startup_stm32f103xb.o(STACK)
    __initial_sp                             0x20002ab8   Data           0  startup_stm32f103xb.o(STACK)

    Global Symbols

    Symbol Name                              Value     Ov Type        Size  Object(Section)

    BuildAttributes$$THM_ISAv4$P$D$K$B$S$PE$A:L22UL41UL21$X:L11$S22US41US21$IEEE1$IW$USESV6$~STKCKD$USESV7$~SHL$OTIME$ROPI$EBA8$UX$STANDARDLIB$REQ8$PRES8$EABIv2 0x00000000   Number         0  anon$$obj.o ABSOLUTE
    __ARM_use_no_argv                        0x00000000   Number         0  main.o ABSOLUTE
    __ARM_exceptions_init                     - Undefined Weak Reference
    __alloca_initialize                       - Undefined Weak Reference
    __arm_fini_                               - Undefined Weak Reference
    __arm_preinit_                            - Undefined Weak Reference
    __cpp_initialize__aeabi_                  - Undefined Weak Reference
    __cxa_finalize                            - Undefined Weak Reference
    __sigvec_lookup                           - Undefined Weak Reference
    __user_heap_extent                        - Undefined Weak Reference
    _atexit_init                              - Undefined Weak Reference
    _call_atexit_fns                          - Undefined Weak Reference
    _clock_init                               - Undefined Weak Reference
    _fp_trap_init                             - Undefined Weak Reference
    _fp_trap_shutdown                         - Undefined Weak Reference
    _get_lc_collate                           - Undefined Weak Reference
    _get_lc_monetary                          - Undefined Weak Reference
    _get_lc_numeric                           - Undefined Weak Reference
    _get_lc_time                              - Undefined Weak Reference
    _getenv_init                              - Undefined Weak Reference
    _handle_redirection                       - Undefined Weak Reference
    _initio                                   - Undefined Weak Reference
    _mutex_acquire                            - Undefined Weak Reference
    _mutex_free                               - Undefined Weak Reference
    _mutex_release                            - Undefined Weak Reference
    _printf_post_padding                      - Undefined Weak Reference
    _printf_pre_padding                       - Undefined Weak Reference
    _printf_truncate_signed                   - Undefined Weak Reference
    _printf_truncate_unsigned                 - Undefined Weak Reference
    _rand_init                                - Undefined Weak Reference
    _signal_finish                            - Undefined Weak Reference
    _signal_init                              - Undefined Weak Reference
    _terminateio                              - Undefined Weak Reference
    __Vectors_Size                           0x000000ec   Number         0  startup_stm32f103xb.o ABSOLUTE
    __Vectors                                0x08000000   Data           4  startup_stm32f103xb.o(RESET)
    __Vectors_End                            0x080000ec   Data           0  startup_stm32f103xb.o(RESET)
    __main                                   0x080000ed   Thumb Code     8  __main.o(!!!main)
    __scatterload                            0x080000f5   Thumb Code     0  __scatter.o(!!!scatter)
    __scatterload_rt2                        0x080000f5   Thumb Code    44  __scatter.o(!!!scatter)
    __scatterload_rt2_thumb_only             0x080000f5   Thumb Code     0  __scatter.o(!!!scatter)
    __scatterload_null                       0x08000103   Thumb Code     0  __scatter.o(!!!scatter)
    __scatterload_copy                       0x08000129   Thumb Code    26  __scatter_copy.o(!!handler_copy)
    __scatterload_zeroinit                   0x08000145   Thumb Code    28  __scatter_zi.o(!!handler_zi)
    _printf_percent                          0x08000161   Thumb Code     0  _printf_percent.o(.ARM.Collect$$_printf_percent$$00000000)
    _printf_percent_end                      0x08000161   Thumb Code     0  _printf_percent_end.o(.ARM.Collect$$_printf_percent$$00000017)
    __rt_lib_init                            0x08000165   Thumb Code     0  libinit.o(.ARM.Collect$$libinit$$00000000)
    __rt_lib_init_alloca_1                   0x08000167   Thumb Code     0  libinit2.o(.ARM.Collect$$libinit$$0000002E)
    __rt_lib_init_argv_1                     0x08000167   Thumb Code     0  libinit2.o(.ARM.Collect$$libinit$$0000002C)
    __rt_lib_init_atexit_1                   0x08000167   Thumb Code     0  libinit2.o(.ARM.Collect$$libinit$$0000001B)
    __rt_lib_init_clock_1                    0x08000167   Thumb Code     0  libinit2.o(.ARM.Collect$$libinit$$00000021)
    __rt_lib_init_cpp_1                      0x08000167   Thumb Code     0  libinit2.o(.ARM.Collect$$libinit$$00000032)
    __rt_lib_init_exceptions_1               0x08000167   Thumb Code     0  libinit2.o(.ARM.Collect$$libinit$$00000030)
    __rt_lib_init_fp_1                       0x08000167   Thumb Code     0  libinit2.o(.ARM.Collect$$libinit$$00000002)
    __rt_lib_init_fp_trap_1                  0x08000167   Thumb Code     0  libinit2.o(.ARM.Collect$$libinit$$0000001F)
    __rt_lib_init_getenv_1                   0x08000167   Thumb Code     0  libinit2.o(.ARM.Collect$$libinit$$00000023)
    __rt_lib_init_heap_1                     0x08000167   Thumb Code     0  libinit2.o(.ARM.Collect$$libinit$$0000000A)
    __rt_lib_init_lc_collate_1               0x08000167   Thumb Code     0  libinit2.o(.ARM.Collect$$libinit$$00000011)
    __rt_lib_init_lc_ctype_1                 0x08000167   Thumb Code     0  libinit2.o(.ARM.Collect$$libinit$$00000013)
    __rt_lib_init_lc_monetary_1              0x08000167   Thumb Code     0  libinit2.o(.ARM.Collect$$libinit$$00000015)
    __rt_lib_init_lc_numeric_1               0x08000167   Thumb Code     0  libinit2.o(.ARM.Collect$$libinit$$00000017)
    __rt_lib_init_lc_time_1                  0x08000167   Thumb Code     0  libinit2.o(.ARM.Collect$$libinit$$00000019)
    __rt_lib_init_preinit_1                  0x08000167   Thumb Code     0  libinit2.o(.ARM.Collect$$libinit$$00000004)
    __rt_lib_init_rand_1                     0x08000167   Thumb Code     0  libinit2.o(.ARM.Collect$$libinit$$0000000E)
    __rt_lib_init_return                     0x08000167   Thumb Code     0  libinit2.o(.ARM.Collect$$libinit$$00000033)
    __rt_lib_init_signal_1                   0x08000167   Thumb Code     0  libinit2.o(.ARM.Collect$$libinit$$0000001D)
    __rt_lib_init_stdio_1                    0x08000167   Thumb Code     0  libinit2.o(.ARM.Collect$$libinit$$00000025)
    __rt_lib_init_user_alloc_1               0x08000167   Thumb Code     0  libinit2.o(.ARM.Collect$$libinit$$0000000C)
    __rt_lib_shutdown                        0x08000169   Thumb Code     0  libshutdown.o(.ARM.Collect$$libshutdown$$00000000)
    __rt_lib_shutdown_cpp_1                  0x0800016b   Thumb Code     0  libshutdown2.o(.ARM.Collect$$libshutdown$$00000004)
    __rt_lib_shutdown_fini_1                 0x0800016b   Thumb Code     0  libshutdown2.o(.ARM.Collect$$libshutdown$$00000002)
    __rt_lib_shutdown_fp_trap_1              0x0800016b   Thumb Code     0  libshutdown2.o(.ARM.Collect$$libshutdown$$00000009)
    __rt_lib_shutdown_heap_1                 0x0800016b   Thumb Code     0  libshutdown2.o(.ARM.Collect$$libshutdown$$00000011)
    __rt_lib_shutdown_return                 0x0800016b   Thumb Code     0  libshutdown2.o(.ARM.Collect$$libshutdown$$00000012)
    __rt_lib_shutdown_signal_1               0x0800016b   Thumb Code     0  libshutdown2.o(.ARM.Collect$$libshutdown$$0000000C)
    __rt_lib_shutdown_stdio_1                0x0800016b   Thumb Code     0  libshutdown2.o(.ARM.Collect$$libshutdown$$00000006)
    __rt_lib_shutdown_user_alloc_1           0x0800016b   Thumb Code     0  libshutdown2.o(.ARM.Collect$$libshutdown$$0000000E)
    __rt_entry                               0x0800016d   Thumb Code     0  __rtentry.o(.ARM.Collect$$rtentry$$00000000)
    __rt_entry_presh_1                       0x0800016d   Thumb Code     0  __rtentry2.o(.ARM.Collect$$rtentry$$00000002)
    __rt_entry_sh                            0x0800016d   Thumb Code     0  __rtentry4.o(.ARM.Collect$$rtentry$$00000004)
    __rt_entry_li                            0x08000173   Thumb Code     0  __rtentry2.o(.ARM.Collect$$rtentry$$0000000A)
    __rt_entry_postsh_1                      0x08000173   Thumb Code     0  __rtentry2.o(.ARM.Collect$$rtentry$$00000009)
    __rt_entry_main                          0x08000177   Thumb Code     0  __rtentry2.o(.ARM.Collect$$rtentry$$0000000D)
    __rt_entry_postli_1                      0x08000177   Thumb Code     0  __rtentry2.o(.ARM.Collect$$rtentry$$0000000C)
    __rt_exit                                0x0800017f   Thumb Code     0  rtexit.o(.ARM.Collect$$rtexit$$00000000)
    __rt_exit_ls                             0x08000181   Thumb Code     0  rtexit2.o(.ARM.Collect$$rtexit$$00000003)
    __rt_exit_prels_1                        0x08000181   Thumb Code     0  rtexit2.o(.ARM.Collect$$rtexit$$00000002)
    __rt_exit_exit                           0x08000185   Thumb Code     0  rtexit2.o(.ARM.Collect$$rtexit$$00000004)
    SVC_Handler                              0x0800018d   Thumb Code    32  port.o(.emb_text)
    __asm___6_port_c_39a90d8d__prvStartFirstTask 0x080001b1   Thumb Code    28  port.o(.emb_text)
    PendSV_Handler                           0x080001d1   Thumb Code    72  port.o(.emb_text)
    vPortGetIPSR                             0x0800021d   Thumb Code     6  port.o(.emb_text)
    Reset_Handler                            0x08000225   Thumb Code     8  startup_stm32f103xb.o(.text)
    ADC1_2_IRQHandler                        0x0800023f   Thumb Code     0  startup_stm32f103xb.o(.text)
    CAN1_RX1_IRQHandler                      0x0800023f   Thumb Code     0  startup_stm32f103xb.o(.text)
    CAN1_SCE_IRQHandler                      0x0800023f   Thumb Code     0  startup_stm32f103xb.o(.text)
    DMA1_Channel1_IRQHandler                 0x0800023f   Thumb Code     0  startup_stm32f103xb.o(.text)
    EXTI0_IRQHandler                         0x0800023f   Thumb Code     0  startup_stm32f103xb.o(.text)
    EXTI15_10_IRQHandler                     0x0800023f   Thumb Code     0  startup_stm32f103xb.o(.text)
    EXTI1_IRQHandler                         0x0800023f   Thumb Code     0  startup_stm32f103xb.o(.text)
    EXTI2_IRQHandler                         0x0800023f   Thumb Code     0  startup_stm32f103xb.o(.text)
    EXTI3_IRQHandler                         0x0800023f   Thumb Code     0  startup_stm32f103xb.o(.text)
    EXTI4_IRQHandler                         0x0800023f   Thumb Code     0  startup_stm32f103xb.o(.text)
    EXTI9_5_IRQHandler                       0x0800023f   Thumb Code     0  startup_stm32f103xb.o(.text)
    FLASH_IRQHandler                         0x0800023f   Thumb Code     0  startup_stm32f103xb.o(.text)
    I2C1_ER_IRQHandler                       0x0800023f   Thumb Code     0  startup_stm32f103xb.o(.text)
    I2C1_EV_IRQHandler                       0x0800023f   Thumb Code     0  startup_stm32f103xb.o(.text)
    I2C2_ER_IRQHandler                       0x0800023f   Thumb Code     0  startup_stm32f103xb.o(.text)
    I2C2_EV_IRQHandler                       0x0800023f   Thumb Code     0  startup_stm32f103xb.o(.text)
    PVD_IRQHandler                           0x0800023f   Thumb Code     0  startup_stm32f103xb.o(.text)
    RCC_IRQHandler                           0x0800023f   Thumb Code     0  startup_stm32f103xb.o(.text)
    RTC_Alarm_IRQHandler                     0x0800023f   Thumb Code     0  startup_stm32f103xb.o(.text)
    RTC_IRQHandler                           0x0800023f   Thumb Code     0  startup_stm32f103xb.o(.text)
    SPI1_IRQHandler                          0x0800023f   Thumb Code     0  startup_stm32f103xb.o(.text)
    SPI2_IRQHandler                          0x0800023f   Thumb Code     0  startup_stm32f103xb.o(.text)
    TAMPER_IRQHandler                        0x0800023f   Thumb Code     0  startup_stm32f103xb.o(.text)
    TIM1_BRK_IRQHandler                      0x0800023f   Thumb Code     0  startup_stm32f103xb.o(.text)
    TIM1_CC_IRQHandler                       0x0800023f   Thumb Code     0  startup_stm32f103xb.o(.text)
    TIM1_TRG_COM_IRQHandler                  0x0800023f   Thumb Code     0  startup_stm32f103xb.o(.text)
    TIM1_UP_IRQHandler                       0x0800023f   Thumb Code     0  startup_stm32f103xb.o(.text)
    TIM2_IRQHandler                          0x0800023f   Thumb Code     0  startup_stm32f103xb.o(.text)
    TIM3_IRQHandler                          0x0800023f   Thumb Code     0  startup_stm32f103xb.o(.text)
    TIM4_IRQHandler                          0x0800023f   Thumb Code     0  startup_stm32f103xb.o(.text)
    USBWakeUp_IRQHandler                     0x0800023f   Thumb Code     0  startup_stm32f103xb.o(.text)
    USB_HP_CAN1_TX_IRQHandler                0x0800023f   Thumb Code     0  startup_stm32f103xb.o(.text)
    USB_LP_CAN1_RX0_IRQHandler               0x0800023f   Thumb Code     0  startup_stm32f103xb.o(.text)
    WWDG_IRQHandler                          0x0800023f   Thumb Code     0  startup_stm32f103xb.o(.text)
    __user_initial_stackheap                 0x08000241   Thumb Code     0  startup_stm32f103xb.o(.text)
    __2sprintf                               0x08000265   Thumb Code    34  noretval__2sprintf.o(.text)
    __printf                                 0x0800028d   Thumb Code   104  __printf.o(.text)
    strlen                                   0x080002f5   Thumb Code    62  strlen.o(.text)
    __aeabi_memcpy                           0x08000333   Thumb Code     0  rt_memcpy_v6.o(.text)
    __rt_memcpy                              0x08000333   Thumb Code   138  rt_memcpy_v6.o(.text)
    _memcpy_lastbytes                        0x08000399   Thumb Code     0  rt_memcpy_v6.o(.text)
    __aeabi_memset                           0x080003bd   Thumb Code    16  aeabi_memset.o(.text)
    __aeabi_memclr                           0x080003cd   Thumb Code     0  rt_memclr.o(.text)
    __rt_memclr                              0x080003cd   Thumb Code    68  rt_memclr.o(.text)
    _memset                                  0x080003d1   Thumb Code     0  rt_memclr.o(.text)
    __aeabi_memclr4                          0x08000411   Thumb Code     0  rt_memclr_w.o(.text)
    __aeabi_memclr8                          0x08000411   Thumb Code     0  rt_memclr_w.o(.text)
    __rt_memclr_w                            0x08000411   Thumb Code    78  rt_memclr_w.o(.text)
    _memset_w                                0x08000415   Thumb Code     0  rt_memclr_w.o(.text)
    __use_two_region_memory                  0x0800045f   Thumb Code     2  heapauxi.o(.text)
    __rt_heap_escrow                         0x08000461   Thumb Code     2  heapauxi.o(.text)
    __rt_heap_expand                         0x08000463   Thumb Code     2  heapauxi.o(.text)
    _printf_char_common                      0x0800046f   Thumb Code    32  _printf_char_common.o(.text)
    _sputc                                   0x08000495   Thumb Code    10  _sputc.o(.text)
    __aeabi_memcpy4                          0x0800049f   Thumb Code     0  rt_memcpy_w.o(.text)
    __aeabi_memcpy8                          0x0800049f   Thumb Code     0  rt_memcpy_w.o(.text)
    __rt_memcpy_w                            0x0800049f   Thumb Code   100  rt_memcpy_w.o(.text)
    _memcpy_lastbytes_aligned                0x080004e7   Thumb Code     0  rt_memcpy_w.o(.text)
    __user_libspace                          0x08000505   Thumb Code     8  libspace.o(.text)
    __user_perproc_libspace                  0x08000505   Thumb Code     0  libspace.o(.text)
    __user_perthread_libspace                0x08000505   Thumb Code     0  libspace.o(.text)
    __I$use$semihosting                      0x0800050d   Thumb Code     0  use_no_semi.o(.text)
    __use_no_semihosting_swi                 0x0800050d   Thumb Code     2  use_no_semi.o(.text)
    __semihosting_library_function           0x0800050f   Thumb Code     0  indicate_semi.o(.text)
    __user_setup_stackheap                   0x0800050f   Thumb Code    74  sys_stackheap_outer.o(.text)
    exit                                     0x08000559   Thumb Code    18  exit.o(.text)
    _sys_exit                                0x0800056d   Thumb Code     8  sys_exit.o(.text)
    BusFault_Handler                         0x08000579   Thumb Code     4  stm32f1xx_it.o(i.BusFault_Handler)
    DMA1_Channel2_IRQHandler                 0x0800057d   Thumb Code    10  stm32f1xx_it.o(i.DMA1_Channel2_IRQHandler)
    DMA1_Channel3_IRQHandler                 0x0800058d   Thumb Code    10  stm32f1xx_it.o(i.DMA1_Channel3_IRQHandler)
    DMA1_Channel4_IRQHandler                 0x0800059d   Thumb Code    10  stm32f1xx_it.o(i.DMA1_Channel4_IRQHandler)
    DMA1_Channel5_IRQHandler                 0x080005ad   Thumb Code    10  stm32f1xx_it.o(i.DMA1_Channel5_IRQHandler)
    DMA1_Channel6_IRQHandler                 0x080005bd   Thumb Code    10  stm32f1xx_it.o(i.DMA1_Channel6_IRQHandler)
    DMA1_Channel7_IRQHandler                 0x080005cd   Thumb Code    10  stm32f1xx_it.o(i.DMA1_Channel7_IRQHandler)
    DebugMon_Handler                         0x080005dd   Thumb Code     2  stm32f1xx_it.o(i.DebugMon_Handler)
    Error_Handler                            0x080005df   Thumb Code     6  main.o(i.Error_Handler)
    GPIO_INI                                 0x080005e5   Thumb Code   172  gpio.o(i.GPIO_INI)
    HAL_DMA_Abort_IT                         0x0800069d   Thumb Code   172  stm32f1xx_hal_dma.o(i.HAL_DMA_Abort_IT)
    HAL_DMA_IRQHandler                       0x0800074d   Thumb Code   408  stm32f1xx_hal_dma.o(i.HAL_DMA_IRQHandler)
    HAL_DMA_Init                             0x080008e9   Thumb Code   100  stm32f1xx_hal_dma.o(i.HAL_DMA_Init)
    HAL_GPIO_Init                            0x08000951   Thumb Code   766  stm32f1xx_hal_gpio.o(i.HAL_GPIO_Init)
    HAL_GPIO_ReadPin                         0x08000c71   Thumb Code    16  stm32f1xx_hal_gpio.o(i.HAL_GPIO_ReadPin)
    HAL_GPIO_WritePin                        0x08000c81   Thumb Code    12  stm32f1xx_hal_gpio.o(i.HAL_GPIO_WritePin)
    HAL_GetTick                              0x08000c8d   Thumb Code     6  stm32f1xx_hal.o(i.HAL_GetTick)
    HAL_IncTick                              0x08000c99   Thumb Code    16  stm32f1xx_hal.o(i.HAL_IncTick)
    HAL_Init                                 0x08000cb1   Thumb Code    34  stm32f1xx_hal.o(i.HAL_Init)
    HAL_InitTick                             0x08000cd9   Thumb Code    64  stm32f1xx_hal.o(i.HAL_InitTick)
    HAL_MspInit                              0x08000d25   Thumb Code   104  stm32f1xx_hal_msp.o(i.HAL_MspInit)
    HAL_NVIC_EnableIRQ                       0x08000da1   Thumb Code    32  stm32f1xx_hal_cortex.o(i.HAL_NVIC_EnableIRQ)
    HAL_NVIC_SetPriority                     0x08000dc1   Thumb Code   124  stm32f1xx_hal_cortex.o(i.HAL_NVIC_SetPriority)
    HAL_NVIC_SetPriorityGrouping             0x08000e3d   Thumb Code    32  stm32f1xx_hal_cortex.o(i.HAL_NVIC_SetPriorityGrouping)
    HAL_RCC_ClockConfig                      0x08000e65   Thumb Code   376  stm32f1xx_hal_rcc.o(i.HAL_RCC_ClockConfig)
    HAL_RCC_GetHCLKFreq                      0x08000ff1   Thumb Code     6  stm32f1xx_hal_rcc.o(i.HAL_RCC_GetHCLKFreq)
    HAL_RCC_GetPCLK1Freq                     0x08000ffd   Thumb Code    22  stm32f1xx_hal_rcc.o(i.HAL_RCC_GetPCLK1Freq)
    HAL_RCC_GetPCLK2Freq                     0x0800101d   Thumb Code    22  stm32f1xx_hal_rcc.o(i.HAL_RCC_GetPCLK2Freq)
    HAL_RCC_GetSysClockFreq                  0x0800103d   Thumb Code   116  stm32f1xx_hal_rcc.o(i.HAL_RCC_GetSysClockFreq)
    HAL_RCC_OscConfig                        0x080010d1   Thumb Code  1114  stm32f1xx_hal_rcc.o(i.HAL_RCC_OscConfig)
    HAL_SYSTICK_Config                       0x08001535   Thumb Code    52  stm32f1xx_hal_cortex.o(i.HAL_SYSTICK_Config)
    HAL_UART_ErrorCallback                   0x08001569   Thumb Code     2  stm32f1xx_hal_uart.o(i.HAL_UART_ErrorCallback)
    HAL_UART_IRQHandler                      0x0800156d   Thumb Code   326  stm32f1xx_hal_uart.o(i.HAL_UART_IRQHandler)
    HAL_UART_Init                            0x080016b9   Thumb Code   114  stm32f1xx_hal_uart.o(i.HAL_UART_Init)
    HAL_UART_MspInit                         0x0800172d   Thumb Code   686  stm32f1xx_hal_msp.o(i.HAL_UART_MspInit)
    HAL_UART_RxCpltCallback                  0x08001a11   Thumb Code     2  stm32f1xx_hal_uart.o(i.HAL_UART_RxCpltCallback)
    HAL_UART_TxCpltCallback                  0x08001a13   Thumb Code     2  stm32f1xx_hal_uart.o(i.HAL_UART_TxCpltCallback)
    HardFault_Handler                        0x08001a15   Thumb Code     4  stm32f1xx_it.o(i.HardFault_Handler)
    Hardware_init                            0x08001a19   Thumb Code    24  initialization.o(i.Hardware_init)
    MemManage_Handler                        0x08001a5d   Thumb Code     4  stm32f1xx_it.o(i.MemManage_Handler)
    NMI_Handler                              0x08001a61   Thumb Code     4  stm32f1xx_it.o(i.NMI_Handler)
    Software_init                            0x08001acd   Thumb Code     8  initialization.o(i.Software_init)
    SysTick_Handler                          0x08001ad5   Thumb Code    78  stm32f1xx_it.o(i.SysTick_Handler)
    SystemClock_INI                          0x08001b29   Thumb Code    92  clock.o(i.SystemClock_INI)
    SystemInit                               0x08001b85   Thumb Code    70  system_stm32f1xx.o(i.SystemInit)
    UART1_INI                                0x08001bdd   Thumb Code    82  usart.o(i.UART1_INI)
    UART2_INI                                0x08001c39   Thumb Code    82  usart.o(i.UART2_INI)
    UART3_INI                                0x08001c95   Thumb Code    82  usart.o(i.UART3_INI)
    UART_PRINT                               0x08001d45   Thumb Code   108  usart.o(i.UART_PRINT)
    USART1_IRQHandler                        0x08002071   Thumb Code    46  stm32f1xx_it.o(i.USART1_IRQHandler)
    USART2_IRQHandler                        0x080020ad   Thumb Code    46  stm32f1xx_it.o(i.USART2_IRQHandler)
    USART3_IRQHandler                        0x080020e9   Thumb Code    38  stm32f1xx_it.o(i.USART3_IRQHandler)
    UsageFault_Handler                       0x0800211d   Thumb Code     4  stm32f1xx_it.o(i.UsageFault_Handler)
    Vtask_advance                            0x08002121   Thumb Code    14  main.o(i.Vtask_advance)
    Vtask_sim                                0x0800212f   Thumb Code     4  main.o(i.Vtask_sim)
    Vtask_wifi                               0x08002133   Thumb Code    10  main.o(i.Vtask_wifi)
    clear_esp_buffer                         0x080021dd   Thumb Code    28  esp8266.o(i.clear_esp_buffer)
    esp_uart_rx_manager                      0x08002201   Thumb Code    78  esp8266.o(i.esp_uart_rx_manager)
    ini_cpu_timer                            0x08002259   Thumb Code   232  cpu_timer.o(i.ini_cpu_timer)
    main                                     0x0800234d   Thumb Code    82  main.o(i.main)
    modbus_it_uart_manage                    0x080023d5   Thumb Code    56  modbus_gsm.o(i.modbus_it_uart_manage)
    osDelay                                  0x08002415   Thumb Code    50  cmsis_os2.o(i.osDelay)
    pvPortMalloc                             0x08002e19   Thumb Code   296  heap_4.o(i.pvPortMalloc)
    pxPortInitialiseStack                    0x08002f55   Thumb Code    30  port.o(i.pxPortInitialiseStack)
    test_mqtt_btn                            0x08002f79   Thumb Code    78  test.o(i.test_mqtt_btn)
    timer_basic_manager                      0x08002fdd   Thumb Code   268  cpu_timer.o(i.timer_basic_manager)
    timer_second_manager                     0x080030f1   Thumb Code   160  cpu_timer.o(i.timer_second_manager)
    uxListRemove                             0x08003195   Thumb Code    40  list.o(i.uxListRemove)
    vApplicationGetIdleTaskMemory            0x080031bd   Thumb Code    16  cmsis_os2.o(i.vApplicationGetIdleTaskMemory)
    vApplicationGetTimerTaskMemory           0x080031d5   Thumb Code    16  cmsis_os2.o(i.vApplicationGetTimerTaskMemory)
    vListInitialise                          0x080031ed   Thumb Code    26  list.o(i.vListInitialise)
    vListInitialiseItem                      0x08003207   Thumb Code     6  list.o(i.vListInitialiseItem)
    vListInsert                              0x0800320d   Thumb Code    52  list.o(i.vListInsert)
    vListInsertEnd                           0x08003241   Thumb Code    24  list.o(i.vListInsertEnd)
    vPortEnterCritical                       0x08003259   Thumb Code    76  port.o(i.vPortEnterCritical)
    vPortExitCritical                        0x080032ad   Thumb Code    56  port.o(i.vPortExitCritical)
    vPortFree                                0x080032e9   Thumb Code   140  heap_4.o(i.vPortFree)
    vPortSetupTimerInterrupt                 0x0800337d   Thumb Code    36  port.o(i.vPortSetupTimerInterrupt)
    vPortValidateInterruptPriority           0x080033a5   Thumb Code   106  port.o(i.vPortValidateInterruptPriority)
    vQueueAddToRegistry                      0x0800341d   Thumb Code    38  queue.o(i.vQueueAddToRegistry)
    vQueueWaitForMessageRestricted           0x08003449   Thumb Code    74  queue.o(i.vQueueWaitForMessageRestricted)
    vTaskDelay                               0x08003495   Thumb Code    82  tasks.o(i.vTaskDelay)
    vTaskInternalSetTimeOutState             0x080034f1   Thumb Code    14  tasks.o(i.vTaskInternalSetTimeOutState)
    vTaskMissedYield                         0x08003509   Thumb Code     8  tasks.o(i.vTaskMissedYield)
    vTaskPlaceOnEventList                    0x08003515   Thumb Code    52  tasks.o(i.vTaskPlaceOnEventList)
    vTaskPlaceOnEventListRestricted          0x0800354d   Thumb Code    60  tasks.o(i.vTaskPlaceOnEventListRestricted)
    vTaskStartScheduler                      0x0800358d   Thumb Code   156  tasks.o(i.vTaskStartScheduler)
    vTaskSuspendAll                          0x08003645   Thumb Code    12  tasks.o(i.vTaskSuspendAll)
    vTaskSwitchContext                       0x08003655   Thumb Code   122  tasks.o(i.vTaskSwitchContext)
    xPortStartScheduler                      0x080036e5   Thumb Code   228  port.o(i.xPortStartScheduler)
    xPortSysTickHandler                      0x080037dd   Thumb Code    46  port.o(i.xPortSysTickHandler)
    xQueueGenericCreateStatic                0x08003811   Thumb Code   222  queue.o(i.xQueueGenericCreateStatic)
    xQueueGenericReset                       0x080038f1   Thumb Code   146  queue.o(i.xQueueGenericReset)
    xQueueGenericSend                        0x08003989   Thumb Code   420  queue.o(i.xQueueGenericSend)
    xQueueGenericSendFromISR                 0x08003b31   Thumb Code   248  queue.o(i.xQueueGenericSendFromISR)
    xQueueReceive                            0x08003c29   Thumb Code   356  queue.o(i.xQueueReceive)
    xTaskCheckForTimeOut                     0x08003d91   Thumb Code   132  tasks.o(i.xTaskCheckForTimeOut)
    xTaskCreate                              0x08003e1d   Thumb Code   100  tasks.o(i.xTaskCreate)
    xTaskCreateStatic                        0x08003e81   Thumb Code   184  tasks.o(i.xTaskCreateStatic)
    xTaskGetSchedulerState                   0x08003f39   Thumb Code    24  tasks.o(i.xTaskGetSchedulerState)
    xTaskGetTickCount                        0x08003f59   Thumb Code     6  tasks.o(i.xTaskGetTickCount)
    xTaskIncrementTick                       0x08003f65   Thumb Code   280  tasks.o(i.xTaskIncrementTick)
    xTaskPriorityDisinherit                  0x080040a9   Thumb Code   152  tasks.o(i.xTaskPriorityDisinherit)
    xTaskRemoveFromEventList                 0x0800414d   Thumb Code   126  tasks.o(i.xTaskRemoveFromEventList)
    xTaskResumeAll                           0x080041e5   Thumb Code   222  tasks.o(i.xTaskResumeAll)
    xTimerCreateTimerTask                    0x080042e9   Thumb Code   100  timers.o(i.xTimerCreateTimerTask)
    xTimerGenericCommand                     0x08004361   Thumb Code   128  timers.o(i.xTimerGenericCommand)
    AHBPrescTable                            0x080043e4   Data          16  system_stm32f1xx.o(.constdata)
    APBPrescTable                            0x080043f4   Data           8  system_stm32f1xx.o(.constdata)
    Region$$Table$$Base                      0x080043fc   Number         0  anon$$obj.o(Region$$Table)
    Region$$Table$$Limit                     0x0800441c   Number         0  anon$$obj.o(Region$$Table)
    u_data                                   0x20000000   Data           1  stm32f1xx_it.o(.data)
    u2_data                                  0x20000001   Data           1  stm32f1xx_it.o(.data)
    u3_data                                  0x20000002   Data           1  stm32f1xx_it.o(.data)
    start_get                                0x20000003   Data           1  stm32f1xx_it.o(.data)
    uwTick                                   0x20000004   Data           4  stm32f1xx_hal.o(.data)
    uwTickPrio                               0x20000008   Data           4  stm32f1xx_hal.o(.data)
    uwTickFreq                               0x2000000c   Data           1  stm32f1xx_hal.o(.data)
    SystemCoreClock                          0x20000010   Data           4  system_stm32f1xx.o(.data)
    pxCurrentTCB                             0x20000014   Data           4  tasks.o(.data)
    size                                     0x2000008c   Data           4  usart.o(.data)
    gsm                                      0x20000090   Data           4  test.o(.data)
    edge                                     0x20000094   Data           1  test.o(.data)
    esp_manage                               0x20000095   Data           1  esp8266.o(.data)
    esp_status                               0x20000096   Data           1  esp8266.o(.data)
    xQueueRegistry                           0x20000098   Data          64  queue.o(.bss)
    modbus                                   0x20001f0c   Data         222  modbus.o(.bss)
    modbus_slave                             0x20001fea   Data         206  modbus.o(.bss)
    tbr_g1                                   0x200020b8   Data          40  cpu_timer.o(.bss)
    tb_g2                                    0x200020e0   Data          40  cpu_timer.o(.bss)
    tbrc_s1                                  0x20002108   Data          40  cpu_timer.o(.bss)
    huart1                                   0x20002130   Data          64  usart.o(.bss)
    huart2                                   0x20002170   Data          64  usart.o(.bss)
    huart3                                   0x200021b0   Data          64  usart.o(.bss)
    hdma_usart1_rx                           0x200021f0   Data          68  dma.o(.bss)
    hdma_usart1_tx                           0x20002234   Data          68  dma.o(.bss)
    hdma_usart2_rx                           0x20002278   Data          68  dma.o(.bss)
    hdma_usart2_tx                           0x200022bc   Data          68  dma.o(.bss)
    hdma_usart3_rx                           0x20002300   Data          68  dma.o(.bss)
    hdma_usart3_tx                           0x20002344   Data          68  dma.o(.bss)
    esp                                      0x20002388   Data         203  esp8266.o(.bss)
    __libspace_start                         0x20002454   Data          96  libspace.o(.bss)
    __temporary_stack_top$libspace           0x200024b4   Data           0  libspace.o(.bss)



==============================================================================

Memory Map of the image

  Image Entry point : 0x080000ed

  Load Region LR_IROM1 (Base: 0x08000000, Size: 0x000044b4, Max: 0x00010000, ABSOLUTE)

    Execution Region ER_IROM1 (Exec base: 0x08000000, Load base: 0x08000000, Size: 0x0000441c, Max: 0x00010000, ABSOLUTE)

    Exec Addr    Load Addr    Size         Type   Attr      Idx    E Section Name        Object

    0x08000000   0x08000000   0x000000ec   Data   RO            3    RESET               startup_stm32f103xb.o
    0x080000ec   0x080000ec   0x00000008   Code   RO         5068  * !!!main             c_w.l(__main.o)
    0x080000f4   0x080000f4   0x00000034   Code   RO         5303    !!!scatter          c_w.l(__scatter.o)
    0x08000128   0x08000128   0x0000001a   Code   RO         5305    !!handler_copy      c_w.l(__scatter_copy.o)
    0x08000142   0x08000142   0x00000002   PAD
    0x08000144   0x08000144   0x0000001c   Code   RO         5307    !!handler_zi        c_w.l(__scatter_zi.o)
    0x08000160   0x08000160   0x00000000   Code   RO         5045    .ARM.Collect$$_printf_percent$$00000000  c_w.l(_printf_percent.o)
    0x08000160   0x08000160   0x00000004   Code   RO         5109    .ARM.Collect$$_printf_percent$$00000017  c_w.l(_printf_percent_end.o)
    0x08000164   0x08000164   0x00000002   Code   RO         5240    .ARM.Collect$$libinit$$00000000  c_w.l(libinit.o)
    0x08000166   0x08000166   0x00000000   Code   RO         5117    .ARM.Collect$$libinit$$00000002  c_w.l(libinit2.o)
    0x08000166   0x08000166   0x00000000   Code   RO         5119    .ARM.Collect$$libinit$$00000004  c_w.l(libinit2.o)
    0x08000166   0x08000166   0x00000000   Code   RO         5122    .ARM.Collect$$libinit$$0000000A  c_w.l(libinit2.o)
    0x08000166   0x08000166   0x00000000   Code   RO         5124    .ARM.Collect$$libinit$$0000000C  c_w.l(libinit2.o)
    0x08000166   0x08000166   0x00000000   Code   RO         5126    .ARM.Collect$$libinit$$0000000E  c_w.l(libinit2.o)
    0x08000166   0x08000166   0x00000000   Code   RO         5129    .ARM.Collect$$libinit$$00000011  c_w.l(libinit2.o)
    0x08000166   0x08000166   0x00000000   Code   RO         5131    .ARM.Collect$$libinit$$00000013  c_w.l(libinit2.o)
    0x08000166   0x08000166   0x00000000   Code   RO         5133    .ARM.Collect$$libinit$$00000015  c_w.l(libinit2.o)
    0x08000166   0x08000166   0x00000000   Code   RO         5135    .ARM.Collect$$libinit$$00000017  c_w.l(libinit2.o)
    0x08000166   0x08000166   0x00000000   Code   RO         5137    .ARM.Collect$$libinit$$00000019  c_w.l(libinit2.o)
    0x08000166   0x08000166   0x00000000   Code   RO         5139    .ARM.Collect$$libinit$$0000001B  c_w.l(libinit2.o)
    0x08000166   0x08000166   0x00000000   Code   RO         5141    .ARM.Collect$$libinit$$0000001D  c_w.l(libinit2.o)
    0x08000166   0x08000166   0x00000000   Code   RO         5143    .ARM.Collect$$libinit$$0000001F  c_w.l(libinit2.o)
    0x08000166   0x08000166   0x00000000   Code   RO         5145    .ARM.Collect$$libinit$$00000021  c_w.l(libinit2.o)
    0x08000166   0x08000166   0x00000000   Code   RO         5147    .ARM.Collect$$libinit$$00000023  c_w.l(libinit2.o)
    0x08000166   0x08000166   0x00000000   Code   RO         5149    .ARM.Collect$$libinit$$00000025  c_w.l(libinit2.o)
    0x08000166   0x08000166   0x00000000   Code   RO         5153    .ARM.Collect$$libinit$$0000002C  c_w.l(libinit2.o)
    0x08000166   0x08000166   0x00000000   Code   RO         5155    .ARM.Collect$$libinit$$0000002E  c_w.l(libinit2.o)
    0x08000166   0x08000166   0x00000000   Code   RO         5157    .ARM.Collect$$libinit$$00000030  c_w.l(libinit2.o)
    0x08000166   0x08000166   0x00000000   Code   RO         5159    .ARM.Collect$$libinit$$00000032  c_w.l(libinit2.o)
    0x08000166   0x08000166   0x00000002   Code   RO         5160    .ARM.Collect$$libinit$$00000033  c_w.l(libinit2.o)
    0x08000168   0x08000168   0x00000002   Code   RO         5300    .ARM.Collect$$libshutdown$$00000000  c_w.l(libshutdown.o)
    0x0800016a   0x0800016a   0x00000000   Code   RO         5254    .ARM.Collect$$libshutdown$$00000002  c_w.l(libshutdown2.o)
    0x0800016a   0x0800016a   0x00000000   Code   RO         5256    .ARM.Collect$$libshutdown$$00000004  c_w.l(libshutdown2.o)
    0x0800016a   0x0800016a   0x00000000   Code   RO         5258    .ARM.Collect$$libshutdown$$00000006  c_w.l(libshutdown2.o)
    0x0800016a   0x0800016a   0x00000000   Code   RO         5261    .ARM.Collect$$libshutdown$$00000009  c_w.l(libshutdown2.o)
    0x0800016a   0x0800016a   0x00000000   Code   RO         5264    .ARM.Collect$$libshutdown$$0000000C  c_w.l(libshutdown2.o)
    0x0800016a   0x0800016a   0x00000000   Code   RO         5266    .ARM.Collect$$libshutdown$$0000000E  c_w.l(libshutdown2.o)
    0x0800016a   0x0800016a   0x00000000   Code   RO         5269    .ARM.Collect$$libshutdown$$00000011  c_w.l(libshutdown2.o)
    0x0800016a   0x0800016a   0x00000002   Code   RO         5270    .ARM.Collect$$libshutdown$$00000012  c_w.l(libshutdown2.o)
    0x0800016c   0x0800016c   0x00000000   Code   RO         5072    .ARM.Collect$$rtentry$$00000000  c_w.l(__rtentry.o)
    0x0800016c   0x0800016c   0x00000000   Code   RO         5167    .ARM.Collect$$rtentry$$00000002  c_w.l(__rtentry2.o)
    0x0800016c   0x0800016c   0x00000006   Code   RO         5179    .ARM.Collect$$rtentry$$00000004  c_w.l(__rtentry4.o)
    0x08000172   0x08000172   0x00000000   Code   RO         5169    .ARM.Collect$$rtentry$$00000009  c_w.l(__rtentry2.o)
    0x08000172   0x08000172   0x00000004   Code   RO         5170    .ARM.Collect$$rtentry$$0000000A  c_w.l(__rtentry2.o)
    0x08000176   0x08000176   0x00000000   Code   RO         5172    .ARM.Collect$$rtentry$$0000000C  c_w.l(__rtentry2.o)
    0x08000176   0x08000176   0x00000008   Code   RO         5173    .ARM.Collect$$rtentry$$0000000D  c_w.l(__rtentry2.o)
    0x0800017e   0x0800017e   0x00000002   Code   RO         5243    .ARM.Collect$$rtexit$$00000000  c_w.l(rtexit.o)
    0x08000180   0x08000180   0x00000000   Code   RO         5274    .ARM.Collect$$rtexit$$00000002  c_w.l(rtexit2.o)
    0x08000180   0x08000180   0x00000004   Code   RO         5275    .ARM.Collect$$rtexit$$00000003  c_w.l(rtexit2.o)
    0x08000184   0x08000184   0x00000006   Code   RO         5276    .ARM.Collect$$rtexit$$00000004  c_w.l(rtexit2.o)
    0x0800018a   0x0800018a   0x00000002   PAD
    0x0800018c   0x0800018c   0x00000096   Code   RO         4135    .emb_text           port.o
    0x08000222   0x08000222   0x00000002   PAD
    0x08000224   0x08000224   0x00000040   Code   RO            4    .text               startup_stm32f103xb.o
    0x08000264   0x08000264   0x00000028   Code   RO         5018    .text               c_w.l(noretval__2sprintf.o)
    0x0800028c   0x0800028c   0x00000068   Code   RO         5020    .text               c_w.l(__printf.o)
    0x080002f4   0x080002f4   0x0000003e   Code   RO         5052    .text               c_w.l(strlen.o)
    0x08000332   0x08000332   0x0000008a   Code   RO         5054    .text               c_w.l(rt_memcpy_v6.o)
    0x080003bc   0x080003bc   0x00000010   Code   RO         5058    .text               c_w.l(aeabi_memset.o)
    0x080003cc   0x080003cc   0x00000044   Code   RO         5060    .text               c_w.l(rt_memclr.o)
    0x08000410   0x08000410   0x0000004e   Code   RO         5062    .text               c_w.l(rt_memclr_w.o)
    0x0800045e   0x0800045e   0x00000006   Code   RO         5066    .text               c_w.l(heapauxi.o)
    0x08000464   0x08000464   0x00000030   Code   RO         5105    .text               c_w.l(_printf_char_common.o)
    0x08000494   0x08000494   0x0000000a   Code   RO         5107    .text               c_w.l(_sputc.o)
    0x0800049e   0x0800049e   0x00000064   Code   RO         5112    .text               c_w.l(rt_memcpy_w.o)
    0x08000502   0x08000502   0x00000002   PAD
    0x08000504   0x08000504   0x00000008   Code   RO         5163    .text               c_w.l(libspace.o)
    0x0800050c   0x0800050c   0x00000002   Code   RO         5206    .text               c_w.l(use_no_semi.o)
    0x0800050e   0x0800050e   0x00000000   Code   RO         5208    .text               c_w.l(indicate_semi.o)
    0x0800050e   0x0800050e   0x0000004a   Code   RO         5209    .text               c_w.l(sys_stackheap_outer.o)
    0x08000558   0x08000558   0x00000012   Code   RO         5225    .text               c_w.l(exit.o)
    0x0800056a   0x0800056a   0x00000002   PAD
    0x0800056c   0x0800056c   0x0000000c   Code   RO         5241    .text               c_w.l(sys_exit.o)
    0x08000578   0x08000578   0x00000004   Code   RO          298    i.BusFault_Handler  stm32f1xx_it.o
    0x0800057c   0x0800057c   0x00000010   Code   RO          299    i.DMA1_Channel2_IRQHandler  stm32f1xx_it.o
    0x0800058c   0x0800058c   0x00000010   Code   RO          300    i.DMA1_Channel3_IRQHandler  stm32f1xx_it.o
    0x0800059c   0x0800059c   0x00000010   Code   RO          301    i.DMA1_Channel4_IRQHandler  stm32f1xx_it.o
    0x080005ac   0x080005ac   0x00000010   Code   RO          302    i.DMA1_Channel5_IRQHandler  stm32f1xx_it.o
    0x080005bc   0x080005bc   0x00000010   Code   RO          303    i.DMA1_Channel6_IRQHandler  stm32f1xx_it.o
    0x080005cc   0x080005cc   0x00000010   Code   RO          304    i.DMA1_Channel7_IRQHandler  stm32f1xx_it.o
    0x080005dc   0x080005dc   0x00000002   Code   RO          305    i.DebugMon_Handler  stm32f1xx_it.o
    0x080005de   0x080005de   0x00000006   Code   RO           13    i.Error_Handler     main.o
    0x080005e4   0x080005e4   0x000000b8   Code   RO         4404    i.GPIO_INI          gpio.o
    0x0800069c   0x0800069c   0x000000b0   Code   RO         1181    i.HAL_DMA_Abort_IT  stm32f1xx_hal_dma.o
    0x0800074c   0x0800074c   0x0000019c   Code   RO         1185    i.HAL_DMA_IRQHandler  stm32f1xx_hal_dma.o
    0x080008e8   0x080008e8   0x00000068   Code   RO         1186    i.HAL_DMA_Init      stm32f1xx_hal_dma.o
    0x08000950   0x08000950   0x00000320   Code   RO         1116    i.HAL_GPIO_Init     stm32f1xx_hal_gpio.o
    0x08000c70   0x08000c70   0x00000010   Code   RO         1118    i.HAL_GPIO_ReadPin  stm32f1xx_hal_gpio.o
    0x08000c80   0x08000c80   0x0000000c   Code   RO         1120    i.HAL_GPIO_WritePin  stm32f1xx_hal_gpio.o
    0x08000c8c   0x08000c8c   0x0000000c   Code   RO          807    i.HAL_GetTick       stm32f1xx_hal.o
    0x08000c98   0x08000c98   0x00000018   Code   RO          813    i.HAL_IncTick       stm32f1xx_hal.o
    0x08000cb0   0x08000cb0   0x00000028   Code   RO          814    i.HAL_Init          stm32f1xx_hal.o
    0x08000cd8   0x08000cd8   0x0000004c   Code   RO          815    i.HAL_InitTick      stm32f1xx_hal.o
    0x08000d24   0x08000d24   0x0000007c   Code   RO          435    i.HAL_MspInit       stm32f1xx_hal_msp.o
    0x08000da0   0x08000da0   0x00000020   Code   RO         1276    i.HAL_NVIC_EnableIRQ  stm32f1xx_hal_cortex.o
    0x08000dc0   0x08000dc0   0x0000007c   Code   RO         1282    i.HAL_NVIC_SetPriority  stm32f1xx_hal_cortex.o
    0x08000e3c   0x08000e3c   0x00000028   Code   RO         1283    i.HAL_NVIC_SetPriorityGrouping  stm32f1xx_hal_cortex.o
    0x08000e64   0x08000e64   0x0000018c   Code   RO          971    i.HAL_RCC_ClockConfig  stm32f1xx_hal_rcc.o
    0x08000ff0   0x08000ff0   0x0000000c   Code   RO          976    i.HAL_RCC_GetHCLKFreq  stm32f1xx_hal_rcc.o
    0x08000ffc   0x08000ffc   0x00000020   Code   RO          978    i.HAL_RCC_GetPCLK1Freq  stm32f1xx_hal_rcc.o
    0x0800101c   0x0800101c   0x00000020   Code   RO          979    i.HAL_RCC_GetPCLK2Freq  stm32f1xx_hal_rcc.o
    0x0800103c   0x0800103c   0x00000094   Code   RO          980    i.HAL_RCC_GetSysClockFreq  stm32f1xx_hal_rcc.o
    0x080010d0   0x080010d0   0x00000464   Code   RO          983    i.HAL_RCC_OscConfig  stm32f1xx_hal_rcc.o
    0x08001534   0x08001534   0x00000034   Code   RO         1287    i.HAL_SYSTICK_Config  stm32f1xx_hal_cortex.o
    0x08001568   0x08001568   0x00000002   Code   RO         1859    i.HAL_UART_ErrorCallback  stm32f1xx_hal_uart.o
    0x0800156a   0x0800156a   0x00000002   PAD
    0x0800156c   0x0800156c   0x0000014c   Code   RO         1862    i.HAL_UART_IRQHandler  stm32f1xx_hal_uart.o
    0x080016b8   0x080016b8   0x00000072   Code   RO         1863    i.HAL_UART_Init     stm32f1xx_hal_uart.o
    0x0800172a   0x0800172a   0x00000002   PAD
    0x0800172c   0x0800172c   0x000002e4   Code   RO          437    i.HAL_UART_MspInit  stm32f1xx_hal_msp.o
    0x08001a10   0x08001a10   0x00000002   Code   RO         1869    i.HAL_UART_RxCpltCallback  stm32f1xx_hal_uart.o
    0x08001a12   0x08001a12   0x00000002   Code   RO         1874    i.HAL_UART_TxCpltCallback  stm32f1xx_hal_uart.o
    0x08001a14   0x08001a14   0x00000004   Code   RO          306    i.HardFault_Handler  stm32f1xx_it.o
    0x08001a18   0x08001a18   0x00000018   Code   RO         4591    i.Hardware_init     initialization.o
    0x08001a30   0x08001a30   0x0000000a   Code   RO         4462    i.LL_USART_EnableIT_RXNE  usart.o
    0x08001a3a   0x08001a3a   0x0000000a   Code   RO          307    i.LL_USART_IsActiveFlag_RXNE  stm32f1xx_it.o
    0x08001a44   0x08001a44   0x0000000a   Code   RO         4463    i.LL_USART_IsActiveFlag_TXE  usart.o
    0x08001a4e   0x08001a4e   0x0000000a   Code   RO          308    i.LL_USART_IsEnabledIT_RXNE  stm32f1xx_it.o
    0x08001a58   0x08001a58   0x00000004   Code   RO         4464    i.LL_USART_TransmitData8  usart.o
    0x08001a5c   0x08001a5c   0x00000004   Code   RO          309    i.MemManage_Handler  stm32f1xx_it.o
    0x08001a60   0x08001a60   0x00000004   Code   RO          310    i.NMI_Handler       stm32f1xx_it.o
    0x08001a64   0x08001a64   0x00000040   Code   RO         4465    i.NVIC_EncodePriority  usart.o
    0x08001aa4   0x08001aa4   0x00000028   Code   RO          984    i.RCC_Delay         stm32f1xx_hal_rcc.o
    0x08001acc   0x08001acc   0x00000008   Code   RO         4592    i.Software_init     initialization.o
    0x08001ad4   0x08001ad4   0x00000054   Code   RO          311    i.SysTick_Handler   stm32f1xx_it.o
    0x08001b28   0x08001b28   0x0000005c   Code   RO         4378    i.SystemClock_INI   clock.o
    0x08001b84   0x08001b84   0x00000058   Code   RO         2514    i.SystemInit        system_stm32f1xx.o
    0x08001bdc   0x08001bdc   0x0000005c   Code   RO         4466    i.UART1_INI         usart.o
    0x08001c38   0x08001c38   0x0000005c   Code   RO         4467    i.UART2_INI         usart.o
    0x08001c94   0x08001c94   0x0000005c   Code   RO         4468    i.UART3_INI         usart.o
    0x08001cf0   0x08001cf0   0x00000014   Code   RO         1876    i.UART_DMAAbortOnError  stm32f1xx_hal_uart.o
    0x08001d04   0x08001d04   0x00000020   Code   RO         1886    i.UART_EndRxTransfer  stm32f1xx_hal_uart.o
    0x08001d24   0x08001d24   0x00000020   Code   RO         1887    i.UART_EndTransmit_IT  stm32f1xx_hal_uart.o
    0x08001d44   0x08001d44   0x0000007c   Code   RO         4469    i.UART_PRINT        usart.o
    0x08001dc0   0x08001dc0   0x000000a6   Code   RO         1889    i.UART_Receive_IT   stm32f1xx_hal_uart.o
    0x08001e66   0x08001e66   0x00000002   PAD
    0x08001e68   0x08001e68   0x000001a0   Code   RO         1890    i.UART_SetConfig    stm32f1xx_hal_uart.o
    0x08002008   0x08002008   0x00000068   Code   RO         1891    i.UART_Transmit_IT  stm32f1xx_hal_uart.o
    0x08002070   0x08002070   0x0000003c   Code   RO          312    i.USART1_IRQHandler  stm32f1xx_it.o
    0x080020ac   0x080020ac   0x0000003c   Code   RO          313    i.USART2_IRQHandler  stm32f1xx_it.o
    0x080020e8   0x080020e8   0x00000034   Code   RO          314    i.USART3_IRQHandler  stm32f1xx_it.o
    0x0800211c   0x0800211c   0x00000004   Code   RO          315    i.UsageFault_Handler  stm32f1xx_it.o
    0x08002120   0x08002120   0x0000000e   Code   RO           15    i.Vtask_advance     main.o
    0x0800212e   0x0800212e   0x00000004   Code   RO           16    i.Vtask_sim         main.o
    0x08002132   0x08002132   0x0000000a   Code   RO           17    i.Vtask_wifi        main.o
    0x0800213c   0x0800213c   0x0000001a   Code   RO         4471    i.__NVIC_EnableIRQ  usart.o
    0x08002156   0x08002156   0x00000002   PAD
    0x08002158   0x08002158   0x00000010   Code   RO         1289    i.__NVIC_GetPriorityGrouping  stm32f1xx_hal_cortex.o
    0x08002168   0x08002168   0x00000010   Code   RO         4472    i.__NVIC_GetPriorityGrouping  usart.o
    0x08002178   0x08002178   0x00000028   Code   RO         1290    i.__NVIC_SetPriority  stm32f1xx_hal_cortex.o
    0x080021a0   0x080021a0   0x00000028   Code   RO         4473    i.__NVIC_SetPriority  usart.o
    0x080021c8   0x080021c8   0x00000006   Code   RO         3650    i.__get_BASEPRI     cmsis_os2.o
    0x080021ce   0x080021ce   0x00000006   Code   RO         3651    i.__get_IPSR        cmsis_os2.o
    0x080021d4   0x080021d4   0x00000006   Code   RO         3652    i.__get_PRIMASK     cmsis_os2.o
    0x080021da   0x080021da   0x00000002   PAD
    0x080021dc   0x080021dc   0x00000024   Code   RO         4722    i.clear_esp_buffer  esp8266.o
    0x08002200   0x08002200   0x00000058   Code   RO         4727    i.esp_uart_rx_manager  esp8266.o
    0x08002258   0x08002258   0x000000f4   Code   RO         4306    i.ini_cpu_timer     cpu_timer.o
    0x0800234c   0x0800234c   0x00000088   Code   RO           18    i.main              main.o
    0x080023d4   0x080023d4   0x00000040   Code   RO         4800    i.modbus_it_uart_manage  modbus_gsm.o
    0x08002414   0x08002414   0x00000038   Code   RO         3653    i.osDelay           cmsis_os2.o
    0x0800244c   0x0800244c   0x0000007c   Code   RO         3125    i.prvAddCurrentTaskToDelayedList  tasks.o
    0x080024c8   0x080024c8   0x000000b8   Code   RO         3126    i.prvAddNewTaskToReadyList  tasks.o
    0x08002580   0x08002580   0x00000074   Code   RO         3486    i.prvCheckForValidListAndQueue  timers.o
    0x080025f4   0x080025f4   0x00000048   Code   RO         3127    i.prvCheckTasksWaitingTermination  tasks.o
    0x0800263c   0x0800263c   0x0000002a   Code   RO         2718    i.prvCopyDataFromQueue  queue.o
    0x08002666   0x08002666   0x0000007c   Code   RO         2719    i.prvCopyDataToQueue  queue.o
    0x080026e2   0x080026e2   0x00000050   Code   RO         3128    i.prvDeleteTCB      tasks.o
    0x08002732   0x08002732   0x00000002   PAD
    0x08002734   0x08002734   0x00000028   Code   RO         3487    i.prvGetNextExpireTime  timers.o
    0x0800275c   0x0800275c   0x0000007c   Code   RO         4086    i.prvHeapInit       heap_4.o
    0x080027d8   0x080027d8   0x00000028   Code   RO         3129    i.prvIdleTask       tasks.o
    0x08002800   0x08002800   0x0000002a   Code   RO         2722    i.prvInitialiseNewQueue  queue.o
    0x0800282a   0x0800282a   0x000000b4   Code   RO         3130    i.prvInitialiseNewTask  tasks.o
    0x080028de   0x080028de   0x00000002   PAD
    0x080028e0   0x080028e0   0x00000068   Code   RO         3131    i.prvInitialiseTaskLists  tasks.o
    0x08002948   0x08002948   0x00000068   Code   RO         4087    i.prvInsertBlockIntoFreeList  heap_4.o
    0x080029b0   0x080029b0   0x00000058   Code   RO         3489    i.prvInsertTimerInActiveList  timers.o
    0x08002a08   0x08002a08   0x0000001a   Code   RO         2723    i.prvIsQueueEmpty   queue.o
    0x08002a22   0x08002a22   0x0000001e   Code   RO         2724    i.prvIsQueueFull    queue.o
    0x08002a40   0x08002a40   0x00000064   Code   RO         3490    i.prvProcessExpiredTimer  timers.o
    0x08002aa4   0x08002aa4   0x00000128   Code   RO         3491    i.prvProcessReceivedCommands  timers.o
    0x08002bcc   0x08002bcc   0x00000074   Code   RO         3492    i.prvProcessTimerOrBlockTask  timers.o
    0x08002c40   0x08002c40   0x00000034   Code   RO         3133    i.prvResetNextTaskUnblockTime  tasks.o
    0x08002c74   0x08002c74   0x0000002c   Code   RO         3493    i.prvSampleTimeNow  timers.o
    0x08002ca0   0x08002ca0   0x000000a0   Code   RO         3494    i.prvSwitchTimerLists  timers.o
    0x08002d40   0x08002d40   0x00000040   Code   RO         4136    i.prvTaskExitError  port.o
    0x08002d80   0x08002d80   0x0000001a   Code   RO         3495    i.prvTimerTask      timers.o
    0x08002d9a   0x08002d9a   0x0000007e   Code   RO         2725    i.prvUnlockQueue    queue.o
    0x08002e18   0x08002e18   0x0000013c   Code   RO         4088    i.pvPortMalloc      heap_4.o
    0x08002f54   0x08002f54   0x00000024   Code   RO         4137    i.pxPortInitialiseStack  port.o
    0x08002f78   0x08002f78   0x00000064   Code   RO         4624    i.test_mqtt_btn     test.o
    0x08002fdc   0x08002fdc   0x00000114   Code   RO         4307    i.timer_basic_manager  cpu_timer.o
    0x080030f0   0x080030f0   0x000000a4   Code   RO         4308    i.timer_second_manager  cpu_timer.o
    0x08003194   0x08003194   0x00000028   Code   RO         2678    i.uxListRemove      list.o
    0x080031bc   0x080031bc   0x00000018   Code   RO         3716    i.vApplicationGetIdleTaskMemory  cmsis_os2.o
    0x080031d4   0x080031d4   0x00000018   Code   RO         3717    i.vApplicationGetTimerTaskMemory  cmsis_os2.o
    0x080031ec   0x080031ec   0x0000001a   Code   RO         2679    i.vListInitialise   list.o
    0x08003206   0x08003206   0x00000006   Code   RO         2680    i.vListInitialiseItem  list.o
    0x0800320c   0x0800320c   0x00000034   Code   RO         2681    i.vListInsert       list.o
    0x08003240   0x08003240   0x00000018   Code   RO         2682    i.vListInsertEnd    list.o
    0x08003258   0x08003258   0x00000054   Code   RO         4139    i.vPortEnterCritical  port.o
    0x080032ac   0x080032ac   0x0000003c   Code   RO         4140    i.vPortExitCritical  port.o
    0x080032e8   0x080032e8   0x00000094   Code   RO         4089    i.vPortFree         heap_4.o
    0x0800337c   0x0800337c   0x00000028   Code   RO         4141    i.vPortSetupTimerInterrupt  port.o
    0x080033a4   0x080033a4   0x00000078   Code   RO         4142    i.vPortValidateInterruptPriority  port.o
    0x0800341c   0x0800341c   0x0000002c   Code   RO         2731    i.vQueueAddToRegistry  queue.o
    0x08003448   0x08003448   0x0000004a   Code   RO         2735    i.vQueueWaitForMessageRestricted  queue.o
    0x08003492   0x08003492   0x00000002   PAD
    0x08003494   0x08003494   0x0000005c   Code   RO         3145    i.vTaskDelay        tasks.o
    0x080034f0   0x080034f0   0x00000018   Code   RO         3150    i.vTaskInternalSetTimeOutState  tasks.o
    0x08003508   0x08003508   0x0000000c   Code   RO         3151    i.vTaskMissedYield  tasks.o
    0x08003514   0x08003514   0x00000038   Code   RO         3153    i.vTaskPlaceOnEventList  tasks.o
    0x0800354c   0x0800354c   0x00000040   Code   RO         3154    i.vTaskPlaceOnEventListRestricted  tasks.o
    0x0800358c   0x0800358c   0x000000b8   Code   RO         3162    i.vTaskStartScheduler  tasks.o
    0x08003644   0x08003644   0x00000010   Code   RO         3164    i.vTaskSuspendAll   tasks.o
    0x08003654   0x08003654   0x00000090   Code   RO         3165    i.vTaskSwitchContext  tasks.o
    0x080036e4   0x080036e4   0x000000f8   Code   RO         4143    i.xPortStartScheduler  port.o
    0x080037dc   0x080037dc   0x00000034   Code   RO         4144    i.xPortSysTickHandler  port.o
    0x08003810   0x08003810   0x000000de   Code   RO         2741    i.xQueueGenericCreateStatic  queue.o
    0x080038ee   0x080038ee   0x00000002   PAD
    0x080038f0   0x080038f0   0x00000098   Code   RO         2742    i.xQueueGenericReset  queue.o
    0x08003988   0x08003988   0x000001a8   Code   RO         2743    i.xQueueGenericSend  queue.o
    0x08003b30   0x08003b30   0x000000f8   Code   RO         2744    i.xQueueGenericSendFromISR  queue.o
    0x08003c28   0x08003c28   0x00000168   Code   RO         2753    i.xQueueReceive     queue.o
    0x08003d90   0x08003d90   0x0000008c   Code   RO         3166    i.xTaskCheckForTimeOut  tasks.o
    0x08003e1c   0x08003e1c   0x00000064   Code   RO         3167    i.xTaskCreate       tasks.o
    0x08003e80   0x08003e80   0x000000b8   Code   RO         3168    i.xTaskCreateStatic  tasks.o
    0x08003f38   0x08003f38   0x00000020   Code   RO         3172    i.xTaskGetSchedulerState  tasks.o
    0x08003f58   0x08003f58   0x0000000c   Code   RO         3173    i.xTaskGetTickCount  tasks.o
    0x08003f64   0x08003f64   0x00000144   Code   RO         3175    i.xTaskIncrementTick  tasks.o
    0x080040a8   0x080040a8   0x000000a4   Code   RO         3178    i.xTaskPriorityDisinherit  tasks.o
    0x0800414c   0x0800414c   0x00000098   Code   RO         3180    i.xTaskRemoveFromEventList  tasks.o
    0x080041e4   0x080041e4   0x00000104   Code   RO         3181    i.xTaskResumeAll    tasks.o
    0x080042e8   0x080042e8   0x00000078   Code   RO         3502    i.xTimerCreateTimerTask  timers.o
    0x08004360   0x08004360   0x00000084   Code   RO         3503    i.xTimerGenericCommand  timers.o
    0x080043e4   0x080043e4   0x00000018   Data   RO         2515    .constdata          system_stm32f1xx.o
    0x080043fc   0x080043fc   0x00000020   Data   RO         5301    Region$$Table       anon$$obj.o


    Execution Region RW_IRAM1 (Exec base: 0x20000000, Load base: 0x0800441c, Size: 0x00002ab8, Max: 0x00005000, ABSOLUTE)

    Exec Addr    Load Addr    Size         Type   Attr      Idx    E Section Name        Object

    0x20000000   0x0800441c   0x00000004   Data   RW          317    .data               stm32f1xx_it.o
    0x20000004   0x08004420   0x00000009   Data   RW          821    .data               stm32f1xx_hal.o
    0x2000000d   0x08004429   0x00000003   PAD
    0x20000010   0x0800442c   0x00000004   Data   RW         2516    .data               system_stm32f1xx.o
    0x20000014   0x08004430   0x0000003c   Data   RW         3184    .data               tasks.o
    0x20000050   0x0800446c   0x00000014   Data   RW         3511    .data               timers.o
    0x20000064   0x08004480   0x00000004   Data   RW         3719    .data               cmsis_os2.o
    0x20000068   0x08004484   0x00000018   Data   RW         4094    .data               heap_4.o
    0x20000080   0x0800449c   0x0000000c   Data   RW         4145    .data               port.o
    0x2000008c   0x080044a8   0x00000004   Data   RW         4476    .data               usart.o
    0x20000090   0x080044ac   0x00000005   Data   RW         4626    .data               test.o
    0x20000095   0x080044b1   0x00000002   Data   RW         4733    .data               esp8266.o
    0x20000097   0x080044b3   0x00000001   PAD
    0x20000098        -       0x00000040   Zero   RW         2757    .bss                queue.o
    0x200000d8        -       0x000004c4   Zero   RW         3183    .bss                tasks.o
    0x2000059c        -       0x00000118   Zero   RW         3510    .bss                timers.o
    0x200006b4        -       0x000008b8   Zero   RW         3718    .bss                cmsis_os2.o
    0x20000f6c        -       0x00000fa0   Zero   RW         4093    .bss                heap_4.o
    0x20001f0c        -       0x000001ac   Zero   RW         4243    .bss                modbus.o
    0x200020b8        -       0x00000078   Zero   RW         4309    .bss                cpu_timer.o
    0x20002130        -       0x000000c0   Zero   RW         4474    .bss                usart.o
    0x200021f0        -       0x00000198   Zero   RW         4564    .bss                dma.o
    0x20002388        -       0x000000cb   Zero   RW         4731    .bss                esp8266.o
    0x20002453   0x080044b3   0x00000001   PAD
    0x20002454        -       0x00000060   Zero   RW         5164    .bss                c_w.l(libspace.o)
    0x200024b4   0x080044b3   0x00000004   PAD
    0x200024b8        -       0x00000200   Zero   RW            2    HEAP                startup_stm32f103xb.o
    0x200026b8        -       0x00000400   Zero   RW            1    STACK               startup_stm32f103xb.o


==============================================================================

Image component sizes


      Code (inc. data)   RO Data    RW Data    ZI Data      Debug   Object Name

        92          0          0          0          0        654   clock.o
       122         22          0          4       2232      12791   cmsis_os2.o
       684         24          0          0        120       2784   cpu_timer.o
         0          0          0          0        408        672   dma.o
       124         18          0          2        203       1565   esp8266.o
         0          0          0          0          0      20264   event_groups.o
         0          0          0          0          0       2664   freertos.o
       184         12          0          0          0       1099   gpio.o
       692         62          0         24       4000       4783   heap_4.o
        32          0          0          0          0        988   initialization.o
       148          0          0          0          0       3534   list.o
       170         54          0          0          0     447204   main.o
         0          0          0          0        428        489   modbus.o
        64          8          0          0          0        532   modbus_gsm.o
       854         78          0         12          0      11141   port.o
      1914         20          0          0         64      17056   queue.o
        64         26        236          0       1536        832   startup_stm32f103xb.o
       152         32          0          9          0       5417   stm32f1xx_hal.o
       304         22          0          0          0      29547   stm32f1xx_hal_cortex.o
       692         12          0          0          0       2723   stm32f1xx_hal_dma.o
       828         34          0          0          0       3391   stm32f1xx_hal_gpio.o
       864         74          0          0          0       2506   stm32f1xx_hal_msp.o
      1784        110          0          0          0       6160   stm32f1xx_hal_rcc.o
      1222         10          0          0          0       7659   stm32f1xx_hal_uart.o
       394         84          0          4          0      21292   stm32f1xx_it.o
         0          0          0          0          0       8912   stream_buffer.o
        88         18         24          4          0       1243   system_stm32f1xx.o
      2796        346          0         60       1220      24166   tasks.o
       100         22          0          5          0       1047   test.o
      1238        124          0         20        280      26939   timers.o
       570         60          0          4        192      43376   usart.o

    ----------------------------------------------------------------------
     16196       1272        292        152      10684     713430   Object Totals
         0          0         32          0          0          0   (incl. Generated)
        20          0          0          4          1          0   (incl. Padding)

    ----------------------------------------------------------------------

      Code (inc. data)   RO Data    RW Data    ZI Data      Debug   Library Member Name

         8          0          0          0          0         68   __main.o
       104          0          0          0          0         84   __printf.o
         0          0          0          0          0          0   __rtentry.o
        12          0          0          0          0          0   __rtentry2.o
         6          0          0          0          0          0   __rtentry4.o
        52          8          0          0          0          0   __scatter.o
        26          0          0          0          0          0   __scatter_copy.o
        28          0          0          0          0          0   __scatter_zi.o
        48          6          0          0          0         96   _printf_char_common.o
         0          0          0          0          0          0   _printf_percent.o
         4          0          0          0          0          0   _printf_percent_end.o
        10          0          0          0          0         68   _sputc.o
        16          0          0          0          0         68   aeabi_memset.o
        18          0          0          0          0         80   exit.o
         6          0          0          0          0        152   heapauxi.o
         0          0          0          0          0          0   indicate_semi.o
         2          0          0          0          0          0   libinit.o
         2          0          0          0          0          0   libinit2.o
         2          0          0          0          0          0   libshutdown.o
         2          0          0          0          0          0   libshutdown2.o
         8          4          0          0         96         68   libspace.o
        40          6          0          0          0         84   noretval__2sprintf.o
        68          0          0          0          0         68   rt_memclr.o
        78          0          0          0          0         80   rt_memclr_w.o
       138          0          0          0          0         68   rt_memcpy_v6.o
       100          0          0          0          0         80   rt_memcpy_w.o
         2          0          0          0          0          0   rtexit.o
        10          0          0          0          0          0   rtexit2.o
        62          0          0          0          0         76   strlen.o
        12          4          0          0          0         68   sys_exit.o
        74          0          0          0          0         80   sys_stackheap_outer.o
         2          0          0          0          0         68   use_no_semi.o

    ----------------------------------------------------------------------
       948         28          0          0        100       1356   Library Totals
         8          0          0          0          4          0   (incl. Padding)

    ----------------------------------------------------------------------

      Code (inc. data)   RO Data    RW Data    ZI Data      Debug   Library Name

       940         28          0          0         96       1356   c_w.l

    ----------------------------------------------------------------------
       948         28          0          0        100       1356   Library Totals

    ----------------------------------------------------------------------

==============================================================================


      Code (inc. data)   RO Data    RW Data    ZI Data      Debug   

     17144       1300        292        152      10784     706306   Grand Totals
     17144       1300        292        152      10784     706306   ELF Image Totals
     17144       1300        292        152          0          0   ROM Totals

==============================================================================

    Total RO  Size (Code + RO Data)                17436 (  17.03kB)
    Total RW  Size (RW Data + ZI Data)             10936 (  10.68kB)
    Total ROM Size (Code + RO Data + RW Data)      17588 (  17.18kB)

==============================================================================

