Component: ARM Compiler 5.06 update 7 (build 960) Tool: armlink [4d3601]

==============================================================================

Section Cross References

    startup_stm32f103xb.o(STACK) refers (Special) to heapauxi.o(.text) for __use_two_region_memory
    startup_stm32f103xb.o(HEAP) refers (Special) to heapauxi.o(.text) for __use_two_region_memory
    startup_stm32f103xb.o(RESET) refers (Special) to heapauxi.o(.text) for __use_two_region_memory
    startup_stm32f103xb.o(RESET) refers to startup_stm32f103xb.o(STACK) for __initial_sp
    startup_stm32f103xb.o(RESET) refers to startup_stm32f103xb.o(.text) for Reset_Handler
    startup_stm32f103xb.o(RESET) refers to stm32f1xx_it.o(i.NMI_Handler) for NMI_Handler
    startup_stm32f103xb.o(RESET) refers to stm32f1xx_it.o(i.HardFault_Handler) for HardFault_Handler
    startup_stm32f103xb.o(RESET) refers to stm32f1xx_it.o(i.MemManage_Handler) for MemManage_Handler
    startup_stm32f103xb.o(RESET) refers to stm32f1xx_it.o(i.BusFault_Handler) for BusFault_Handler
    startup_stm32f103xb.o(RESET) refers to stm32f1xx_it.o(i.UsageFault_Handler) for UsageFault_Handler
    startup_stm32f103xb.o(RESET) refers to port.o(.emb_text) for SVC_Handler
    startup_stm32f103xb.o(RESET) refers to stm32f1xx_it.o(i.DebugMon_Handler) for DebugMon_Handler
    startup_stm32f103xb.o(RESET) refers to stm32f1xx_it.o(i.SysTick_Handler) for SysTick_Handler
    startup_stm32f103xb.o(RESET) refers to stm32f1xx_it.o(i.DMA1_Channel2_IRQHandler) for DMA1_Channel2_IRQHandler
    startup_stm32f103xb.o(RESET) refers to stm32f1xx_it.o(i.DMA1_Channel3_IRQHandler) for DMA1_Channel3_IRQHandler
    startup_stm32f103xb.o(RESET) refers to stm32f1xx_it.o(i.DMA1_Channel4_IRQHandler) for DMA1_Channel4_IRQHandler
    startup_stm32f103xb.o(RESET) refers to stm32f1xx_it.o(i.DMA1_Channel5_IRQHandler) for DMA1_Channel5_IRQHandler
    startup_stm32f103xb.o(RESET) refers to stm32f1xx_it.o(i.DMA1_Channel6_IRQHandler) for DMA1_Channel6_IRQHandler
    startup_stm32f103xb.o(RESET) refers to stm32f1xx_it.o(i.DMA1_Channel7_IRQHandler) for DMA1_Channel7_IRQHandler
    startup_stm32f103xb.o(RESET) refers to stm32f1xx_it.o(i.USART1_IRQHandler) for USART1_IRQHandler
    startup_stm32f103xb.o(RESET) refers to stm32f1xx_it.o(i.USART2_IRQHandler) for USART2_IRQHandler
    startup_stm32f103xb.o(RESET) refers to stm32f1xx_it.o(i.USART3_IRQHandler) for USART3_IRQHandler
    startup_stm32f103xb.o(.text) refers (Special) to heapauxi.o(.text) for __use_two_region_memory
    startup_stm32f103xb.o(.text) refers to system_stm32f1xx.o(i.SystemInit) for SystemInit
    startup_stm32f103xb.o(.text) refers to __main.o(!!!main) for __main
    startup_stm32f103xb.o(.text) refers to startup_stm32f103xb.o(HEAP) for Heap_Mem
    startup_stm32f103xb.o(.text) refers to startup_stm32f103xb.o(STACK) for Stack_Mem
    main.o(i.StartDefaultTask) refers to cmsis_os2.o(i.osDelay) for osDelay
    main.o(i.Vtask_advance) refers to cmsis_os2.o(i.osDelay) for osDelay
    main.o(i.Vtask_advance) refers to esp8266.o(i.esp_led_show) for esp_led_show
    main.o(i.Vtask_advance) refers to advance.o(i.advance_led_show) for advance_led_show
    main.o(i.Vtask_advance) refers to sim800.o(i.sim800_led_show) for sim800_led_show
    main.o(i.Vtask_advance) refers to advance.o(i.advance_manager) for advance_manager
    main.o(i.Vtask_advance) refers to test.o(i.test_modbus) for test_modbus
    main.o(i.Vtask_advance) refers to cpu_timer.o(.bss) for tbr_g1
    main.o(i.Vtask_sim) refers to mc60_mqtt.o(i.mc60_mqtt_manage) for mc60_mqtt_manage
    main.o(i.Vtask_wifi) refers to esp8266.o(i.esp8266_manager) for esp8266_manager
    main.o(i.Vtask_wifi) refers to cmsis_os2.o(i.osDelay) for osDelay
    main.o(i.main) refers to stm32f1xx_hal.o(i.HAL_Init) for HAL_Init
    main.o(i.main) refers to initialization.o(i.Hardware_init) for Hardware_init
    main.o(i.main) refers to initialization.o(i.Software_init) for Software_init
    main.o(i.main) refers to stm32f1xx_hal_gpio.o(i.HAL_GPIO_WritePin) for HAL_GPIO_WritePin
    main.o(i.main) refers to tasks.o(i.xTaskCreate) for xTaskCreate
    main.o(i.main) refers to tasks.o(i.vTaskStartScheduler) for vTaskStartScheduler
    main.o(i.main) refers to main.o(i.Vtask_wifi) for Vtask_wifi
    main.o(i.main) refers to main.o(i.Vtask_sim) for Vtask_sim
    main.o(i.main) refers to main.o(i.Vtask_advance) for Vtask_advance
    stm32f1xx_it.o(i.DMA1_Channel2_IRQHandler) refers to stm32f1xx_hal_dma.o(i.HAL_DMA_IRQHandler) for HAL_DMA_IRQHandler
    stm32f1xx_it.o(i.DMA1_Channel2_IRQHandler) refers to dma.o(.bss) for hdma_usart3_tx
    stm32f1xx_it.o(i.DMA1_Channel3_IRQHandler) refers to stm32f1xx_hal_dma.o(i.HAL_DMA_IRQHandler) for HAL_DMA_IRQHandler
    stm32f1xx_it.o(i.DMA1_Channel3_IRQHandler) refers to dma.o(.bss) for hdma_usart3_rx
    stm32f1xx_it.o(i.DMA1_Channel4_IRQHandler) refers to stm32f1xx_hal_dma.o(i.HAL_DMA_IRQHandler) for HAL_DMA_IRQHandler
[...]
    i.xTaskResumeAll                         0x080055fc   Section        0  tasks.o(i.xTaskResumeAll)
    i.xTimerCreateTimerTask                  0x08005700   Section        0  timers.o(i.xTimerCreateTimerTask)
    i.xTimerGenericCommand                   0x08005778   Section        0  timers.o(i.xTimerGenericCommand)
    locale$$code                             0x080057fc   Section       44  lc_ctype_c.o(locale$$code)
    .constdata                               0x08005828   Section       24  system_stm32f1xx.o(.constdata)
    locale$$data                             0x08005860   Section      272  lc_ctype_c.o(locale$$data)
    __lcctype_c_name                         0x08005864   Data           2  lc_ctype_c.o(locale$$data)
    __lcctype_c_start                        0x0800586c   Data           0  lc_ctype_c.o(locale$$data)
    __lcctype_c_end                          0x08005970   Data           0  lc_ctype_c.o(locale$$data)
    .data                                    0x20000000   Section        4  stm32f1xx_it.o(.data)
    .data                                    0x20000004   Section        9  stm32f1xx_hal.o(.data)
    .data                                    0x20000010   Section        4  system_stm32f1xx.o(.data)
    .data                                    0x20000014   Section       60  tasks.o(.data)
    pxDelayedTaskList                        0x20000018   Data           4  tasks.o(.data)
    pxOverflowDelayedTaskList                0x2000001c   Data           4  tasks.o(.data)
    uxDeletedTasksWaitingCleanUp             0x20000020   Data           4  tasks.o(.data)
    uxCurrentNumberOfTasks                   0x20000024   Data           4  tasks.o(.data)
    xTickCount                               0x20000028   Data           4  tasks.o(.data)
    uxTopReadyPriority                       0x2000002c   Data           4  tasks.o(.data)
    xSchedulerRunning                        0x20000030   Data           4  tasks.o(.data)
    uxPendedTicks                            0x20000034   Data           4  tasks.o(.data)
    xYieldPending                            0x20000038   Data           4  tasks.o(.data)
    xNumOfOverflows                          0x2000003c   Data           4  tasks.o(.data)
    uxTaskNumber                             0x20000040   Data           4  tasks.o(.data)
    xNextTaskUnblockTime                     0x20000044   Data           4  tasks.o(.data)
    xIdleTaskHandle                          0x20000048   Data           4  tasks.o(.data)
    uxSchedulerSuspended                     0x2000004c   Data           4  tasks.o(.data)
    .data                                    0x20000050   Section       20  timers.o(.data)
    pxCurrentTimerList                       0x20000050   Data           4  timers.o(.data)
    pxOverflowTimerList                      0x20000054   Data           4  timers.o(.data)
    xTimerQueue                              0x20000058   Data           4  timers.o(.data)
    xTimerTaskHandle                         0x2000005c   Data           4  timers.o(.data)
    xLastTime                                0x20000060   Data           4  timers.o(.data)
    .data                                    0x20000064   Section        4  cmsis_os2.o(.data)
    KernelState                              0x20000064   Data           4  cmsis_os2.o(.data)
    .data                                    0x20000068   Section       24  heap_4.o(.data)
    xStart                                   0x20000068   Data           8  heap_4.o(.data)
    pxEnd                                    0x20000070   Data           4  heap_4.o(.data)
    xFreeBytesRemaining                      0x20000074   Data           4  heap_4.o(.data)
    xMinimumEverFreeBytesRemaining           0x20000078   Data           4  heap_4.o(.data)
    xBlockAllocatedBit                       0x2000007c   Data           4  heap_4.o(.data)
    .data                                    0x20000080   Section       12  port.o(.data)
    uxCriticalNesting                        0x20000080   Data           4  port.o(.data)
    ucMaxSysCallPriority                     0x20000084   Data           1  port.o(.data)
    ulMaxPRIGROUPValue                       0x20000088   Data           4  port.o(.data)
    .data                                    0x2000008c   Section        2  modbus.o(.data)
    .data                                    0x2000008e   Section       10  modbus_slave.o(.data)
    .data                                    0x20000098   Section        4  usart.o(.data)
    .data                                    0x2000009c   Section        4  test.o(.data)
    .data                                    0x200000a0   Section        2  esp8266.o(.data)
    .data                                    0x200000a4   Section        8  advance.o(.data)
    .data                                    0x200000ac   Section        8  sim800.o(.data)
    .data                                    0x200000b4   Section        2  mc60_mqtt.o(.data)
    .bss                                     0x200000b8   Section       64  queue.o(.bss)
    .bss                                     0x200000f8   Section     1220  tasks.o(.bss)
    pxReadyTasksLists                        0x200000f8   Data        1120  tasks.o(.bss)
    xDelayedTaskList1                        0x20000558   Data          20  tasks.o(.bss)
    xDelayedTaskList2                        0x2000056c   Data          20  tasks.o(.bss)
    xPendingReadyList                        0x20000580   Data          20  tasks.o(.bss)
    xTasksWaitingTermination                 0x20000594   Data          20  tasks.o(.bss)
    xSuspendedTaskList                       0x200005a8   Data          20  tasks.o(.bss)
    .bss                                     0x200005bc   Section      280  timers.o(.bss)
    xActiveTimerList1                        0x200005bc   Data          20  timers.o(.bss)
    xActiveTimerList2                        0x200005d0   Data          20  timers.o(.bss)
    xStaticTimerQueue                        0x200005e4   Data          80  timers.o(.bss)
    ucStaticTimerQueueStorage                0x20000634   Data         160  timers.o(.bss)
    .bss                                     0x200006d4   Section     2232  cmsis_os2.o(.bss)
    Idle_TCB                                 0x200006d4   Data          92  cmsis_os2.o(.bss)
    Idle_Stack                               0x20000730   Data        1024  cmsis_os2.o(.bss)
    Timer_TCB                                0x20000b30   Data          92  cmsis_os2.o(.bss)
    Timer_Stack                              0x20000b8c   Data        1024  cmsis_os2.o(.bss)
    .bss                                     0x20000f8c   Section     4000  heap_4.o(.bss)
    ucHeap                                   0x20000f8c   Data        4000  heap_4.o(.bss)
    .bss                                     0x20001f2c   Section      428  modbus.o(.bss)
    .bss                                     0x200020d8   Section      120  cpu_timer.o(.bss)
    .bss                                     0x20002150   Section      192  usart.o(.bss)
    .bss                                     0x20002210   Section      408  dma.o(.bss)
    .bss                                     0x200023a8   Section      532  json.o(.bss)
    .bss                                     0x200025bc   Section      203  esp8266.o(.bss)
    .bss                                     0x20002687   Section      404  sim800.o(.bss)
    .bss                                     0x2000281c   Section       96  libspace.o(.bss)
    HEAP                                     0x20002880   Section      512  startup_stm32f103xb.o(HEAP)
    Heap_Mem                                 0x20002880   Data         512  startup_stm32f103xb.o(HEAP)
    STACK                                    0x20002a80   Section     1024  startup_stm32f103xb.o(STACK)
    Stack_Mem                                0x20002a80   Data        1024  startup_stm32f103xb.o(STACK)
    __initial_sp                             0x20002e80   Data           0  startup_stm32f103xb.o(STACK)

    Global Symbols

    Symbol Name                              Value     Ov Type        Size  Object(Section)

    BuildAttributes$$THM_ISAv4$P$D$K$B$S$PE$A:L22UL41UL21$X:L11$S22US41US21$IEEE1$IW$USESV6$~STKCKD$USESV7$~SHL$OTIME$ROPI$EBA8$UX$STANDARDLIB$REQ8$PRES8$EABIv2 0x00000000   Number         0  anon$$obj.o ABSOLUTE
    __ARM_use_no_argv                        0x00000000   Number         0  main.o ABSOLUTE
    __ARM_exceptions_init                     - Undefined Weak Reference
    __alloca_initialize                       - Undefined Weak Reference
    __arm_fini_                               - Undefined Weak Reference
    __arm_preinit_                            - Undefined Weak Reference
    __cpp_initialize__aeabi_                  - Undefined Weak Reference
    __cxa_finalize                            - Undefined Weak Reference
    __sigvec_lookup                           - Undefined Weak Reference
    __user_heap_extent                        - Undefined Weak Reference
    _atexit_init                              - Undefined Weak Reference
    _call_atexit_fns                          - Undefined Weak Reference
    _clock_init                               - Undefined Weak Reference
    _fp_trap_init                             - Undefined Weak Reference
    _fp_trap_shutdown                         - Undefined Weak Reference
    _get_lc_collate                           - Undefined Weak Reference
    _get_lc_monetary                          - Undefined Weak Reference
    _get_lc_numeric                           - Undefined Weak Reference
    _get_lc_time                              - Undefined Weak Reference
    _getenv_init                              - Undefined Weak Reference
    _handle_redirection                       - Undefined Weak Reference
    _initio                                   - Undefined Weak Reference
    _mutex_acquire                            - Undefined Weak Reference
    _mutex_free                               - Undefined Weak Reference
    _mutex_release                            - Undefined Weak Reference
    _printf_mbtowc                            - Undefined Weak Reference
    _printf_post_padding                      - Undefined Weak Reference
    _printf_pre_padding                       - Undefined Weak Reference
    _printf_truncate_signed                   - Undefined Weak Reference
    _printf_truncate_unsigned                 - Undefined Weak Reference
    _rand_init                                - Undefined Weak Reference
    _signal_finish                            - Undefined Weak Reference
    _signal_init                              - Undefined Weak Reference
    _terminateio                              - Undefined Weak Reference
    __Vectors_Size                           0x000000ec   Number         0  startup_stm32f103xb.o ABSOLUTE
    __Vectors                                0x08000000   Data           4  startup_stm32f103xb.o(RESET)
    __Vectors_End                            0x080000ec   Data           0  startup_stm32f103xb.o(RESET)
    __main                                   0x080000ed   Thumb Code     8  __main.o(!!!main)
    __scatterload                            0x080000f5   Thumb Code     0  __scatter.o(!!!scatter)
    __scatterload_rt2                        0x080000f5   Thumb Code    44  __scatter.o(!!!scatter)
    __scatterload_rt2_thumb_only             0x080000f5   Thumb Code     0  __scatter.o(!!!scatter)
    __scatterload_null                       0x08000103   Thumb Code     0  __scatter.o(!!!scatter)
    __scatterload_copy                       0x08000129   Thumb Code    26  __scatter_copy.o(!!handler_copy)
    __scatterload_zeroinit                   0x08000145   Thumb Code    28  __scatter_zi.o(!!handler_zi)
    _printf_d                                0x08000161   Thumb Code     0  _printf_d.o(.ARM.Collect$$_printf_percent$$00000009)
    _printf_percent                          0x08000161   Thumb Code     0  _printf_percent.o(.ARM.Collect$$_printf_percent$$00000000)
    _printf_s                                0x08000167   Thumb Code     0  _printf_s.o(.ARM.Collect$$_printf_percent$$00000014)
    _printf_percent_end                      0x0800016d   Thumb Code     0  _printf_percent_end.o(.ARM.Collect$$_printf_percent$$00000017)
    __rt_lib_init                            0x08000171   Thumb Code     0  libinit.o(.ARM.Collect$$libinit$$00000000)
    __rt_lib_init_fp_1                       0x08000173   Thumb Code     0  libinit2.o(.ARM.Collect$$libinit$$00000002)
    __rt_lib_init_heap_2                     0x08000173   Thumb Code     0  libinit2.o(.ARM.Collect$$libinit$$00000005)
    __rt_lib_init_preinit_1                  0x08000173   Thumb Code     0  libinit2.o(.ARM.Collect$$libinit$$00000004)
    __rt_lib_init_heap_1                     0x0800017b   Thumb Code     0  libinit2.o(.ARM.Collect$$libinit$$0000000A)
    __rt_lib_init_lc_common                  0x0800017b   Thumb Code     0  libinit2.o(.ARM.Collect$$libinit$$0000000F)
    __rt_lib_init_rand_1                     0x0800017b   Thumb Code     0  libinit2.o(.ARM.Collect$$libinit$$0000000E)
    __rt_lib_init_user_alloc_1               0x0800017b   Thumb Code     0  libinit2.o(.ARM.Collect$$libinit$$0000000C)
    __rt_lib_init_lc_collate_1               0x08000181   Thumb Code     0  libinit2.o(.ARM.Collect$$libinit$$00000011)
    __rt_lib_init_lc_ctype_2                 0x08000181   Thumb Code     0  libinit2.o(.ARM.Collect$$libinit$$00000012)
    __rt_lib_init_alloca_1                   0x0800018d   Thumb Code     0  libinit2.o(.ARM.Collect$$libinit$$0000002E)
    __rt_lib_init_argv_1                     0x0800018d   Thumb Code     0  libinit2.o(.ARM.Collect$$libinit$$0000002C)
    __rt_lib_init_atexit_1                   0x0800018d   Thumb Code     0  libinit2.o(.ARM.Collect$$libinit$$0000001B)
    __rt_lib_init_clock_1                    0x0800018d   Thumb Code     0  libinit2.o(.ARM.Collect$$libinit$$00000021)
    __rt_lib_init_cpp_1                      0x0800018d   Thumb Code     0  libinit2.o(.ARM.Collect$$libinit$$00000032)
    __rt_lib_init_exceptions_1               0x0800018d   Thumb Code     0  libinit2.o(.ARM.Collect$$libinit$$00000030)
    __rt_lib_init_fp_trap_1                  0x0800018d   Thumb Code     0  libinit2.o(.ARM.Collect$$libinit$$0000001F)
    __rt_lib_init_getenv_1                   0x0800018d   Thumb Code     0  libinit2.o(.ARM.Collect$$libinit$$00000023)
    __rt_lib_init_lc_ctype_1                 0x0800018d   Thumb Code     0  libinit2.o(.ARM.Collect$$libinit$$00000013)
    __rt_lib_init_lc_monetary_1              0x0800018d   Thumb Code     0  libinit2.o(.ARM.Collect$$libinit$$00000015)
    __rt_lib_init_lc_numeric_1               0x0800018d   Thumb Code     0  libinit2.o(.ARM.Collect$$libinit$$00000017)
    __rt_lib_init_lc_time_1                  0x0800018d   Thumb Code     0  libinit2.o(.ARM.Collect$$libinit$$00000019)
    __rt_lib_init_return                     0x0800018d   Thumb Code     0  libinit2.o(.ARM.Collect$$libinit$$00000033)
    __rt_lib_init_signal_1                   0x0800018d   Thumb Code     0  libinit2.o(.ARM.Collect$$libinit$$0000001D)
    __rt_lib_init_stdio_1                    0x0800018d   Thumb Code     0  libinit2.o(.ARM.Collect$$libinit$$00000025)
    __rt_lib_shutdown                        0x0800018f   Thumb Code     0  libshutdown.o(.ARM.Collect$$libshutdown$$00000000)
    __rt_lib_shutdown_cpp_1                  0x08000191   Thumb Code     0  libshutdown2.o(.ARM.Collect$$libshutdown$$00000004)
    __rt_lib_shutdown_fini_1                 0x08000191   Thumb Code     0  libshutdown2.o(.ARM.Collect$$libshutdown$$00000002)
    __rt_lib_shutdown_fp_trap_1              0x08000191   Thumb Code     0  libshutdown2.o(.ARM.Collect$$libshutdown$$00000009)
    __rt_lib_shutdown_heap_1                 0x08000191   Thumb Code     0  libshutdown2.o(.ARM.Collect$$libshutdown$$00000011)
    __rt_lib_shutdown_return                 0x08000191   Thumb Code     0  libshutdown2.o(.ARM.Collect$$libshutdown$$00000012)
    __rt_lib_shutdown_signal_1               0x08000191   Thumb Code     0  libshutdown2.o(.ARM.Collect$$libshutdown$$0000000C)
    __rt_lib_shutdown_stdio_1                0x08000191   Thumb Code     0  libshutdown2.o(.ARM.Collect$$libshutdown$$00000006)
    __rt_lib_shutdown_user_alloc_1           0x08000191   Thumb Code     0  libshutdown2.o(.ARM.Collect$$libshutdown$$0000000E)
    __rt_entry                               0x08000193   Thumb Code     0  __rtentry.o(.ARM.Collect$$rtentry$$00000000)
    __rt_entry_presh_1                       0x08000193   Thumb Code     0  __rtentry2.o(.ARM.Collect$$rtentry$$00000002)
    __rt_entry_sh                            0x08000193   Thumb Code     0  __rtentry4.o(.ARM.Collect$$rtentry$$00000004)
    __rt_entry_li                            0x08000199   Thumb Code     0  __rtentry2.o(.ARM.Collect$$rtentry$$0000000A)
    __rt_entry_postsh_1                      0x08000199   Thumb Code     0  __rtentry2.o(.ARM.Collect$$rtentry$$00000009)
    __rt_entry_main                          0x0800019d   Thumb Code     0  __rtentry2.o(.ARM.Collect$$rtentry$$0000000D)
    __rt_entry_postli_1                      0x0800019d   Thumb Code     0  __rtentry2.o(.ARM.Collect$$rtentry$$0000000C)
    __rt_exit                                0x080001a5   Thumb Code     0  rtexit.o(.ARM.Collect$$rtexit$$00000000)
    __rt_exit_ls                             0x080001a7   Thumb Code     0  rtexit2.o(.ARM.Collect$$rtexit$$00000003)
    __rt_exit_prels_1                        0x080001a7   Thumb Code     0  rtexit2.o(.ARM.Collect$$rtexit$$00000002)
    __rt_exit_exit                           0x080001ab   Thumb Code     0  rtexit2.o(.ARM.Collect$$rtexit$$00000004)
    SVC_Handler                              0x080001b1   Thumb Code    32  port.o(.emb_text)
    __asm___6_port_c_39a90d8d__prvStartFirstTask 0x080001d5   Thumb Code    28  port.o(.emb_text)
    PendSV_Handler                           0x080001f5   Thumb Code    72  port.o(.emb_text)
    vPortGetIPSR                             0x08000241   Thumb Code     6  port.o(.emb_text)
    Reset_Handler                            0x08000249   Thumb Code     8  startup_stm32f103xb.o(.text)
    _maybe_terminate_alloc                   0x08000249   Thumb Code     0  maybetermalloc1.o(.emb_text)
    ADC1_2_IRQHandler                        0x08000263   Thumb Code     0  startup_stm32f103xb.o(.text)
    CAN1_RX1_IRQHandler                      0x08000263   Thumb Code     0  startup_stm32f103xb.o(.text)
    CAN1_SCE_IRQHandler                      0x08000263   Thumb Code     0  startup_stm32f103xb.o(.text)
    DMA1_Channel1_IRQHandler                 0x08000263   Thumb Code     0  startup_stm32f103xb.o(.text)
    EXTI0_IRQHandler                         0x08000263   Thumb Code     0  startup_stm32f103xb.o(.text)
    EXTI15_10_IRQHandler                     0x08000263   Thumb Code     0  startup_stm32f103xb.o(.text)
    EXTI1_IRQHandler                         0x08000263   Thumb Code     0  startup_stm32f103xb.o(.text)
    EXTI2_IRQHandler                         0x08000263   Thumb Code     0  startup_stm32f103xb.o(.text)
    EXTI3_IRQHandler                         0x08000263   Thumb Code     0  startup_stm32f103xb.o(.text)
    EXTI4_IRQHandler                         0x08000263   Thumb Code     0  startup_stm32f103xb.o(.text)
    EXTI9_5_IRQHandler                       0x08000263   Thumb Code     0  startup_stm32f103xb.o(.text)
    FLASH_IRQHandler                         0x08000263   Thumb Code     0  startup_stm32f103xb.o(.text)
    I2C1_ER_IRQHandler                       0x08000263   Thumb Code     0  startup_stm32f103xb.o(.text)
    I2C1_EV_IRQHandler                       0x08000263   Thumb Code     0  startup_stm32f103xb.o(.text)
    I2C2_ER_IRQHandler                       0x08000263   Thumb Code     0  startup_stm32f103xb.o(.text)
    I2C2_EV_IRQHandler                       0x08000263   Thumb Code     0  startup_stm32f103xb.o(.text)
    PVD_IRQHandler                           0x08000263   Thumb Code     0  startup_stm32f103xb.o(.text)
    RCC_IRQHandler                           0x08000263   Thumb Code     0  startup_stm32f103xb.o(.text)
    RTC_Alarm_IRQHandler                     0x08000263   Thumb Code     0  startup_stm32f103xb.o(.text)
    RTC_IRQHandler                           0x08000263   Thumb Code     0  startup_stm32f103xb.o(.text)
    SPI1_IRQHandler                          0x08000263   Thumb Code     0  startup_stm32f103xb.o(.text)
    SPI2_IRQHandler                          0x08000263   Thumb Code     0  startup_stm32f103xb.o(.text)
    TAMPER_IRQHandler                        0x08000263   Thumb Code     0  startup_stm32f103xb.o(.text)
    TIM1_BRK_IRQHandler                      0x08000263   Thumb Code     0  startup_stm32f103xb.o(.text)
    TIM1_CC_IRQHandler                       0x08000263   Thumb Code     0  startup_stm32f103xb.o(.text)
    TIM1_TRG_COM_IRQHandler                  0x08000263   Thumb Code     0  startup_stm32f103xb.o(.text)
    TIM1_UP_IRQHandler                       0x08000263   Thumb Code     0  startup_stm32f103xb.o(.text)
    TIM2_IRQHandler                          0x08000263   Thumb Code     0  startup_stm32f103xb.o(.text)
    TIM3_IRQHandler                          0x08000263   Thumb Code     0  startup_stm32f103xb.o(.text)
    TIM4_IRQHandler                          0x08000263   Thumb Code     0  startup_stm32f103xb.o(.text)
    USBWakeUp_IRQHandler                     0x08000263   Thumb Code     0  startup_stm32f103xb.o(.text)
    USB_HP_CAN1_TX_IRQHandler                0x08000263   Thumb Code     0  startup_stm32f103xb.o(.text)
    USB_LP_CAN1_RX0_IRQHandler               0x08000263   Thumb Code     0  startup_stm32f103xb.o(.text)
    WWDG_IRQHandler                          0x08000263   Thumb Code     0  startup_stm32f103xb.o(.text)
    __user_initial_stackheap                 0x08000265   Thumb Code     0  startup_stm32f103xb.o(.text)
    malloc                                   0x08000289   Thumb Code    94  h1_alloc.o(.text)
    free                                     0x080002e7   Thumb Code    78  h1_free.o(.text)
    __2sprintf                               0x08000335   Thumb Code    34  noretval__2sprintf.o(.text)
    __printf                                 0x0800035d   Thumb Code   104  __printf.o(.text)
    _printf_str                              0x080003c5   Thumb Code    82  _printf_str.o(.text)
    _printf_int_dec                          0x08000419   Thumb Code   104  _printf_dec.o(.text)
    atoi                                     0x08000491   Thumb Code    26  atoi.o(.text)
    strstr                                   0x080004ab   Thumb Code    36  strstr.o(.text)
    strcpy                                   0x080004cf   Thumb Code    72  strcpy.o(.text)
    strlen                                   0x08000517   Thumb Code    62  strlen.o(.text)
    __aeabi_memcpy                           0x08000555   Thumb Code     0  rt_memcpy_v6.o(.text)
    __rt_memcpy                              0x08000555   Thumb Code   138  rt_memcpy_v6.o(.text)
    _memcpy_lastbytes                        0x080005bb   Thumb Code     0  rt_memcpy_v6.o(.text)
    __aeabi_memcpy4                          0x080005df   Thumb Code     0  rt_memcpy_w.o(.text)
    __aeabi_memcpy8                          0x080005df   Thumb Code     0  rt_memcpy_w.o(.text)
    __rt_memcpy_w                            0x080005df   Thumb Code   100  rt_memcpy_w.o(.text)
    _memcpy_lastbytes_aligned                0x08000627   Thumb Code     0  rt_memcpy_w.o(.text)
    __aeabi_memset                           0x08000643   Thumb Code    16  aeabi_memset.o(.text)
    __aeabi_memclr                           0x08000653   Thumb Code     0  rt_memclr.o(.text)
    __rt_memclr                              0x08000653   Thumb Code    68  rt_memclr.o(.text)
    _memset                                  0x08000657   Thumb Code     0  rt_memclr.o(.text)
    __aeabi_memclr4                          0x08000697   Thumb Code     0  rt_memclr_w.o(.text)
    __aeabi_memclr8                          0x08000697   Thumb Code     0  rt_memclr_w.o(.text)
    __rt_memclr_w                            0x08000697   Thumb Code    78  rt_memclr_w.o(.text)
    _memset_w                                0x0800069b   Thumb Code     0  rt_memclr_w.o(.text)
    strcmp                                   0x080006e5   Thumb Code   128  strcmpv7m.o(.text)
    __use_two_region_memory                  0x08000765   Thumb Code     2  heapauxi.o(.text)
    __rt_heap_escrow                         0x08000767   Thumb Code     2  heapauxi.o(.text)
    __rt_heap_expand                         0x08000769   Thumb Code     2  heapauxi.o(.text)
    __rt_heap_descriptor                     0x0800076d   Thumb Code     8  rt_heap_descriptor_intlibspace.o(.text)
    __aeabi_errno_addr                       0x08000775   Thumb Code     8  rt_errno_addr_intlibspace.o(.text)
    __errno$intlibspace                      0x08000775   Thumb Code     0  rt_errno_addr_intlibspace.o(.text)
    __rt_errno_addr$intlibspace              0x08000775   Thumb Code     0  rt_errno_addr_intlibspace.o(.text)
    __use_no_heap                            0x0800077d   Thumb Code     2  hguard.o(.text)
    __heap$guard                             0x0800077f   Thumb Code     2  hguard.o(.text)
    _terminate_user_alloc                    0x08000781   Thumb Code     2  init_alloc.o(.text)
    _init_user_alloc                         0x08000783   Thumb Code     2  init_alloc.o(.text)
    __Heap_Full                              0x08000785   Thumb Code    34  init_alloc.o(.text)
    __Heap_Broken                            0x080007a7   Thumb Code     6  init_alloc.o(.text)
    _init_alloc                              0x080007ad   Thumb Code    94  init_alloc.o(.text)
    __Heap_Initialize                        0x0800080b   Thumb Code    10  h1_init.o(.text)
    __Heap_DescSize                          0x08000815   Thumb Code     4  h1_init.o(.text)
    _printf_int_common                       0x08000819   Thumb Code   178  _printf_intcommon.o(.text)
    _printf_char_common                      0x080008d7   Thumb Code    32  _printf_char_common.o(.text)
    _sputc                                   0x080008fd   Thumb Code    10  _sputc.o(.text)
    _printf_cs_common                        0x08000907   Thumb Code    20  _printf_char.o(.text)
    _printf_char                             0x0800091b   Thumb Code    16  _printf_char.o(.text)
    _printf_string                           0x0800092b   Thumb Code     8  _printf_char.o(.text)
    strtol                                   0x08000933   Thumb Code   112  strtol.o(.text)
    __user_libspace                          0x080009a5   Thumb Code     8  libspace.o(.text)
    __user_perproc_libspace                  0x080009a5   Thumb Code     0  libspace.o(.text)
    __user_perthread_libspace                0x080009a5   Thumb Code     0  libspace.o(.text)
    __rt_ctype_table                         0x080009ad   Thumb Code    16  rt_ctype_table.o(.text)
    __Heap_ProvideMemory                     0x080009bd   Thumb Code    52  h1_extend.o(.text)
    _strtoul                                 0x080009f1   Thumb Code   158  _strtoul.o(.text)
    __rt_SIGRTMEM                            0x08000a8f   Thumb Code    14  defsig_rtmem_outer.o(.text)
    __I$use$semihosting                      0x08000a9d   Thumb Code     0  use_no_semi.o(.text)
    __use_no_semihosting_swi                 0x08000a9d   Thumb Code     2  use_no_semi.o(.text)
    __semihosting_library_function           0x08000a9f   Thumb Code     0  indicate_semi.o(.text)
    __user_setup_stackheap                   0x08000a9f   Thumb Code    74  sys_stackheap_outer.o(.text)
    __rt_locale                              0x08000ae9   Thumb Code     8  rt_locale_intlibspace.o(.text)
    _chval                                   0x08000af1   Thumb Code    28  _chval.o(.text)
    exit                                     0x08000b0d   Thumb Code    18  exit.o(.text)
    __sig_exit                               0x08000b1f   Thumb Code    10  defsig_exit.o(.text)
    __rt_SIGRTMEM_inner                      0x08000b29   Thumb Code    22  defsig_rtmem_inner.o(.text)
    _sys_exit                                0x08000b79   Thumb Code     8  sys_exit.o(.text)
    __default_signal_display                 0x08000b85   Thumb Code    50  defsig_general.o(.text)
    _ttywrch                                 0x08000bb7   Thumb Code    14  sys_wrch.o(.text)
    BusFault_Handler                         0x08000bc5   Thumb Code     4  stm32f1xx_it.o(i.BusFault_Handler)
    CRC_16                                   0x08000bc9   Thumb Code    58  crc.o(i.CRC_16)
    DMA1_Channel2_IRQHandler                 0x08000c05   Thumb Code    10  stm32f1xx_it.o(i.DMA1_Channel2_IRQHandler)
    DMA1_Channel3_IRQHandler                 0x08000c15   Thumb Code    10  stm32f1xx_it.o(i.DMA1_Channel3_IRQHandler)
    DMA1_Channel4_IRQHandler                 0x08000c25   Thumb Code    10  stm32f1xx_it.o(i.DMA1_Channel4_IRQHandler)
    DMA1_Channel5_IRQHandler                 0x08000c35   Thumb Code    10  stm32f1xx_it.o(i.DMA1_Channel5_IRQHandler)
    DMA1_Channel6_IRQHandler                 0x08000c45   Thumb Code    10  stm32f1xx_it.o(i.DMA1_Channel6_IRQHandler)
    DMA1_Channel7_IRQHandler                 0x08000c55   Thumb Code    10  stm32f1xx_it.o(i.DMA1_Channel7_IRQHandler)
    DebugMon_Handler                         0x08000c65   Thumb Code     2  stm32f1xx_it.o(i.DebugMon_Handler)
    Error_Handler                            0x08000c67   Thumb Code     6  main.o(i.Error_Handler)
    GPIO_INI                                 0x08000c6d   Thumb Code   170  gpio.o(i.GPIO_INI)
    HAL_DMA_Abort_IT                         0x08000d25   Thumb Code   172  stm32f1xx_hal_dma.o(i.HAL_DMA_Abort_IT)
    HAL_DMA_IRQHandler                       0x08000dd5   Thumb Code   408  stm32f1xx_hal_dma.o(i.HAL_DMA_IRQHandler)
    HAL_DMA_Init                             0x08000f71   Thumb Code   100  stm32f1xx_hal_dma.o(i.HAL_DMA_Init)
    HAL_GPIO_Init                            0x08000fd9   Thumb Code   766  stm32f1xx_hal_gpio.o(i.HAL_GPIO_Init)
    HAL_GPIO_TogglePin                       0x080012f9   Thumb Code    14  stm32f1xx_hal_gpio.o(i.HAL_GPIO_TogglePin)
    HAL_GPIO_WritePin                        0x08001307   Thumb Code    12  stm32f1xx_hal_gpio.o(i.HAL_GPIO_WritePin)
    HAL_GetTick                              0x08001315   Thumb Code     6  stm32f1xx_hal.o(i.HAL_GetTick)
    HAL_IncTick                              0x08001321   Thumb Code    16  stm32f1xx_hal.o(i.HAL_IncTick)
    HAL_Init                                 0x08001339   Thumb Code    34  stm32f1xx_hal.o(i.HAL_Init)
    HAL_InitTick                             0x08001361   Thumb Code    64  stm32f1xx_hal.o(i.HAL_InitTick)
    HAL_MspInit                              0x080013ad   Thumb Code   104  stm32f1xx_hal_msp.o(i.HAL_MspInit)
    HAL_NVIC_EnableIRQ                       0x08001429   Thumb Code    32  stm32f1xx_hal_cortex.o(i.HAL_NVIC_EnableIRQ)
    HAL_NVIC_SetPriority                     0x08001449   Thumb Code   124  stm32f1xx_hal_cortex.o(i.HAL_NVIC_SetPriority)
    HAL_NVIC_SetPriorityGrouping             0x080014c5   Thumb Code    32  stm32f1xx_hal_cortex.o(i.HAL_NVIC_SetPriorityGrouping)
    HAL_RCC_ClockConfig                      0x080014ed   Thumb Code   376  stm32f1xx_hal_rcc.o(i.HAL_RCC_ClockConfig)
    HAL_RCC_GetHCLKFreq                      0x08001679   Thumb Code     6  stm32f1xx_hal_rcc.o(i.HAL_RCC_GetHCLKFreq)
    HAL_RCC_GetPCLK1Freq                     0x08001685   Thumb Code    22  stm32f1xx_hal_rcc.o(i.HAL_RCC_GetPCLK1Freq)
    HAL_RCC_GetPCLK2Freq                     0x080016a5   Thumb Code    22  stm32f1xx_hal_rcc.o(i.HAL_RCC_GetPCLK2Freq)
    HAL_RCC_GetSysClockFreq                  0x080016c5   Thumb Code   116  stm32f1xx_hal_rcc.o(i.HAL_RCC_GetSysClockFreq)
    HAL_RCC_OscConfig                        0x08001759   Thumb Code  1114  stm32f1xx_hal_rcc.o(i.HAL_RCC_OscConfig)
    HAL_SYSTICK_Config                       0x08001bbd   Thumb Code    52  stm32f1xx_hal_cortex.o(i.HAL_SYSTICK_Config)
    HAL_UART_ErrorCallback                   0x08001bf1   Thumb Code     2  stm32f1xx_hal_uart.o(i.HAL_UART_ErrorCallback)
    HAL_UART_IRQHandler                      0x08001bf5   Thumb Code   326  stm32f1xx_hal_uart.o(i.HAL_UART_IRQHandler)
    HAL_UART_Init                            0x08001d41   Thumb Code   114  stm32f1xx_hal_uart.o(i.HAL_UART_Init)
    HAL_UART_MspInit                         0x08001db5   Thumb Code   686  stm32f1xx_hal_msp.o(i.HAL_UART_MspInit)
    HAL_UART_RxCpltCallback                  0x08002099   Thumb Code     2  stm32f1xx_hal_uart.o(i.HAL_UART_RxCpltCallback)
    HAL_UART_TxCpltCallback                  0x0800209b   Thumb Code     2  stm32f1xx_hal_uart.o(i.HAL_UART_TxCpltCallback)
    HardFault_Handler                        0x0800209d   Thumb Code     4  stm32f1xx_it.o(i.HardFault_Handler)
    Hardware_init                            0x080020a1   Thumb Code    24  initialization.o(i.Hardware_init)
    MemManage_Handler                        0x080020e5   Thumb Code     4  stm32f1xx_it.o(i.MemManage_Handler)
    NMI_Handler                              0x080020e9   Thumb Code     4  stm32f1xx_it.o(i.NMI_Handler)
    Software_init                            0x08002155   Thumb Code     8  initialization.o(i.Software_init)
    SysTick_Handler                          0x0800215d   Thumb Code    78  stm32f1xx_it.o(i.SysTick_Handler)
    SystemClock_INI                          0x080021b1   Thumb Code    92  clock.o(i.SystemClock_INI)
    SystemInit                               0x0800220d   Thumb Code    70  system_stm32f1xx.o(i.SystemInit)
    UART1_INI                                0x08002265   Thumb Code    82  usart.o(i.UART1_INI)
    UART2_INI                                0x080022c1   Thumb Code    82  usart.o(i.UART2_INI)
    UART3_INI                                0x0800231d   Thumb Code    82  usart.o(i.UART3_INI)
    UART_PRINT                               0x080023cd   Thumb Code   108  usart.o(i.UART_PRINT)
    UART_PUT_CHAR                            0x08002449   Thumb Code    80  usart.o(i.UART_PUT_CHAR)
    USART1_IRQHandler                        0x08002755   Thumb Code    46  stm32f1xx_it.o(i.USART1_IRQHandler)
    USART2_IRQHandler                        0x08002791   Thumb Code    46  stm32f1xx_it.o(i.USART2_IRQHandler)
    USART3_IRQHandler                        0x080027cd   Thumb Code    46  stm32f1xx_it.o(i.USART3_IRQHandler)
    UsageFault_Handler                       0x08002809   Thumb Code     4  stm32f1xx_it.o(i.UsageFault_Handler)
    Vtask_advance                            0x0800280d   Thumb Code    80  main.o(i.Vtask_advance)
    Vtask_sim                                0x08002861   Thumb Code     8  main.o(i.Vtask_sim)
    Vtask_wifi                               0x08002869   Thumb Code    14  main.o(i.Vtask_wifi)
    advance_connection_test                  0x08002915   Thumb Code    44  advance.o(i.advance_connection_test)
    advance_led_show                         0x08002951   Thumb Code    36  advance.o(i.advance_led_show)
    advance_manager                          0x0800297d   Thumb Code    68  advance.o(i.advance_manager)
    clear_esp_buffer                         0x080029c5   Thumb Code    28  esp8266.o(i.clear_esp_buffer)
    clear_sim_buffer                         0x080029e9   Thumb Code    20  sim800.o(i.clear_sim_buffer)
    clear_sim_buffer_json                    0x08002a01   Thumb Code    28  sim800.o(i.clear_sim_buffer_json)
    esp8266_connection_test                  0x08002a25   Thumb Code    32  esp8266.o(i.esp8266_connection_test)
    esp8266_manager                          0x08002a5d   Thumb Code   148  esp8266.o(i.esp8266_manager)
    esp_led_show                             0x08002b01   Thumb Code    82  esp8266.o(i.esp_led_show)
    esp_random_connect_to_server             0x08002b5d   Thumb Code    46  esp8266.o(i.esp_random_connect_to_server)
    esp_uart_rx_manager                      0x08002b99   Thumb Code    78  esp8266.o(i.esp_uart_rx_manager)
    ini_cpu_timer                            0x08002bf1   Thumb Code   232  cpu_timer.o(i.ini_cpu_timer)
    json_find                                0x08002ce5   Thumb Code    44  json.o(i.json_find)
    json_get_data                            0x08002d11   Thumb Code   148  json.o(i.json_get_data)
    main                                     0x08002da9   Thumb Code   102  main.o(i.main)
    manage_advance_responce                  0x08002e4d   Thumb Code   150  advance.o(i.manage_advance_responce)
    manage_esp_responce                      0x08002efd   Thumb Code   272  esp8266.o(i.manage_esp_responce)
    mc60_mqtt_manage                         0x08003041   Thumb Code   178  mc60_mqtt.o(i.mc60_mqtt_manage)
    mc60_mqtt_pub                            0x0800319d   Thumb Code    70  mc60_mqtt.o(i.mc60_mqtt_pub)
    mc60_mqtt_sub                            0x08003209   Thumb Code    54  mc60_mqtt.o(i.mc60_mqtt_sub)
    modbus_it_uart_manage                    0x08003265   Thumb Code    56  modbus_gsm.o(i.modbus_it_uart_manage)
    modbus_master_write_register_MULTI       0x080032a5   Thumb Code   150  modbus.o(i.modbus_master_write_register_MULTI)
    modbus_slave_manage                      0x08003345   Thumb Code   270  modbus_slave.o(i.modbus_slave_manage)
    modbus_slave_manager_recive              0x08003471   Thumb Code    98  modbus_gsm.o(i.modbus_slave_manager_recive)
    osDelay                                  0x080034dd   Thumb Code    50  cmsis_os2.o(i.osDelay)
    pvPortMalloc                             0x08003ee1   Thumb Code   296  heap_4.o(i.pvPortMalloc)
    pxPortInitialiseStack                    0x0800401d   Thumb Code    30  port.o(i.pxPortInitialiseStack)
    reset_json                               0x08004041   Thumb Code   110  json.o(i.reset_json)
    sim800_led_show                          0x080040b9   Thumb Code    70  sim800.o(i.sim800_led_show)
    sim_send_str                             0x08004109   Thumb Code    26  sim800.o(i.sim_send_str)
    sim_uart_rx_manager                      0x08004125   Thumb Code   182  sim800.o(i.sim_uart_rx_manager)
    strfind                                  0x080041ed   Thumb Code    30  json.o(i.strfind)
    test_modbus                              0x0800420d   Thumb Code   216  test.o(i.test_modbus)
    timer_basic_manager                      0x080042fd   Thumb Code   268  cpu_timer.o(i.timer_basic_manager)
    timer_second_manager                     0x08004411   Thumb Code   160  cpu_timer.o(i.timer_second_manager)
    uxListRemove                             0x080044b5   Thumb Code    40  list.o(i.uxListRemove)
    vApplicationGetIdleTaskMemory            0x080044dd   Thumb Code    16  cmsis_os2.o(i.vApplicationGetIdleTaskMemory)
    vApplicationGetTimerTaskMemory           0x080044f5   Thumb Code    16  cmsis_os2.o(i.vApplicationGetTimerTaskMemory)
    vListInitialise                          0x0800450d   Thumb Code    26  list.o(i.vListInitialise)
    vListInitialiseItem                      0x08004527   Thumb Code     6  list.o(i.vListInitialiseItem)
    vListInsert                              0x0800452d   Thumb Code    52  list.o(i.vListInsert)
    vListInsertEnd                           0x08004561   Thumb Code    24  list.o(i.vListInsertEnd)
    vPortEnterCritical                       0x08004579   Thumb Code    76  port.o(i.vPortEnterCritical)
    vPortExitCritical                        0x080045cd   Thumb Code    56  port.o(i.vPortExitCritical)
    vPortFree                                0x08004609   Thumb Code   140  heap_4.o(i.vPortFree)
    vPortSetupTimerInterrupt                 0x0800469d   Thumb Code    36  port.o(i.vPortSetupTimerInterrupt)
    vPortValidateInterruptPriority           0x080046c5   Thumb Code   106  port.o(i.vPortValidateInterruptPriority)
    vQueueAddToRegistry                      0x0800473d   Thumb Code    38  queue.o(i.vQueueAddToRegistry)
    vQueueWaitForMessageRestricted           0x08004769   Thumb Code    74  queue.o(i.vQueueWaitForMessageRestricted)
    vTaskDelay                               0x080047b5   Thumb Code    82  tasks.o(i.vTaskDelay)
    vTaskInternalSetTimeOutState             0x08004811   Thumb Code    14  tasks.o(i.vTaskInternalSetTimeOutState)
    vTaskMissedYield                         0x08004829   Thumb Code     8  tasks.o(i.vTaskMissedYield)
    vTaskPlaceOnEventList                    0x08004835   Thumb Code    52  tasks.o(i.vTaskPlaceOnEventList)
    vTaskPlaceOnEventListRestricted          0x0800486d   Thumb Code    60  tasks.o(i.vTaskPlaceOnEventListRestricted)
    vTaskStartScheduler                      0x080048ad   Thumb Code   156  tasks.o(i.vTaskStartScheduler)
    vTaskSuspendAll                          0x08004965   Thumb Code    12  tasks.o(i.vTaskSuspendAll)
    vTaskSwitchContext                       0x08004975   Thumb Code   122  tasks.o(i.vTaskSwitchContext)
    wait_to_advance_get_data                 0x08004a05   Thumb Code    46  advance.o(i.wait_to_advance_get_data)
    wait_to_esp_get_json                     0x08004a39   Thumb Code    40  esp8266.o(i.wait_to_esp_get_json)
    wait_to_get_sim                          0x08004a65   Thumb Code    72  sim800.o(i.wait_to_get_sim)
    whit_to_responce_sim                     0x08004abd   Thumb Code    60  sim800.o(i.whit_to_responce_sim)
    xPortStartScheduler                      0x08004afd   Thumb Code   228  port.o(i.xPortStartScheduler)
    xPortSysTickHandler                      0x08004bf5   Thumb Code    46  port.o(i.xPortSysTickHandler)
    xQueueGenericCreateStatic                0x08004c29   Thumb Code   222  queue.o(i.xQueueGenericCreateStatic)
    xQueueGenericReset                       0x08004d09   Thumb Code   146  queue.o(i.xQueueGenericReset)
    xQueueGenericSend                        0x08004da1   Thumb Code   420  queue.o(i.xQueueGenericSend)
    xQueueGenericSendFromISR                 0x08004f49   Thumb Code   248  queue.o(i.xQueueGenericSendFromISR)
    xQueueReceive                            0x08005041   Thumb Code   356  queue.o(i.xQueueReceive)
    xTaskCheckForTimeOut                     0x080051a9   Thumb Code   132  tasks.o(i.xTaskCheckForTimeOut)
    xTaskCreate                              0x08005235   Thumb Code   100  tasks.o(i.xTaskCreate)
    xTaskCreateStatic                        0x08005299   Thumb Code   184  tasks.o(i.xTaskCreateStatic)
    xTaskGetSchedulerState                   0x08005351   Thumb Code    24  tasks.o(i.xTaskGetSchedulerState)
    xTaskGetTickCount                        0x08005371   Thumb Code     6  tasks.o(i.xTaskGetTickCount)
    xTaskIncrementTick                       0x0800537d   Thumb Code   280  tasks.o(i.xTaskIncrementTick)
    xTaskPriorityDisinherit                  0x080054c1   Thumb Code   152  tasks.o(i.xTaskPriorityDisinherit)
    xTaskRemoveFromEventList                 0x08005565   Thumb Code   126  tasks.o(i.xTaskRemoveFromEventList)
    xTaskResumeAll                           0x080055fd   Thumb Code   222  tasks.o(i.xTaskResumeAll)
    xTimerCreateTimerTask                    0x08005701   Thumb Code   100  timers.o(i.xTimerCreateTimerTask)
    xTimerGenericCommand                     0x08005779   Thumb Code   128  timers.o(i.xTimerGenericCommand)
    _get_lc_ctype                            0x080057fd   Thumb Code    44  lc_ctype_c.o(locale$$code)
    AHBPrescTable                            0x08005828   Data          16  system_stm32f1xx.o(.constdata)
    APBPrescTable                            0x08005838   Data           8  system_stm32f1xx.o(.constdata)
    Region$$Table$$Base                      0x08005840   Number         0  anon$$obj.o(Region$$Table)
    Region$$Table$$Limit                     0x08005860   Number         0  anon$$obj.o(Region$$Table)
    __ctype                                  0x0800586d   Data           0  lc_ctype_c.o(locale$$data)
    u_data                                   0x20000000   Data           1  stm32f1xx_it.o(.data)
    u2_data                                  0x20000001   Data           1  stm32f1xx_it.o(.data)
    u3_data                                  0x20000002   Data           1  stm32f1xx_it.o(.data)
    start_get                                0x20000003   Data           1  stm32f1xx_it.o(.data)
    uwTick                                   0x20000004   Data           4  stm32f1xx_hal.o(.data)
    uwTickPrio                               0x20000008   Data           4  stm32f1xx_hal.o(.data)
    uwTickFreq                               0x2000000c   Data           1  stm32f1xx_hal.o(.data)
    SystemCoreClock                          0x20000010   Data           4  system_stm32f1xx.o(.data)
    pxCurrentTCB                             0x20000014   Data           4  tasks.o(.data)
    tx_crc                                   0x2000008c   Data           2  modbus.o(.data)
    slave_start_add                          0x2000008e   Data           2  modbus_slave.o(.data)
    slave_data_get                           0x20000090   Data           1  modbus_slave.o(.data)
    slave_crc_get                            0x20000092   Data           2  modbus_slave.o(.data)
    slave_crc_calculate                      0x20000094   Data           2  modbus_slave.o(.data)
    slave_data_count                         0x20000096   Data           2  modbus_slave.o(.data)
    size                                     0x20000098   Data           4  usart.o(.data)
    gsm                                      0x2000009c   Data           4  test.o(.data)
    esp_manage                               0x200000a0   Data           1  esp8266.o(.data)
    esp_status                               0x200000a1   Data           1  esp8266.o(.data)
    advance                                  0x200000a4   Data           8  advance.o(.data)
    sim_manage                               0x200000ac   Data           1  sim800.o(.data)
    sim800_status                            0x200000ad   Data           2  sim800.o(.data)
    ad                                       0x200000b0   Data           4  sim800.o(.data)
    mc60_status                              0x200000b4   Data           2  mc60_mqtt.o(.data)
    xQueueRegistry                           0x200000b8   Data          64  queue.o(.bss)
    modbus                                   0x20001f2c   Data         222  modbus.o(.bss)
    modbus_slave                             0x2000200a   Data         206  modbus.o(.bss)
    tbr_g1                                   0x200020d8   Data          40  cpu_timer.o(.bss)
    tb_g2                                    0x20002100   Data          40  cpu_timer.o(.bss)
    tbrc_s1                                  0x20002128   Data          40  cpu_timer.o(.bss)
    huart1                                   0x20002150   Data          64  usart.o(.bss)
    huart2                                   0x20002190   Data          64  usart.o(.bss)
    huart3                                   0x200021d0   Data          64  usart.o(.bss)
    hdma_usart1_rx                           0x20002210   Data          68  dma.o(.bss)
    hdma_usart1_tx                           0x20002254   Data          68  dma.o(.bss)
    hdma_usart2_rx                           0x20002298   Data          68  dma.o(.bss)
    hdma_usart2_tx                           0x200022dc   Data          68  dma.o(.bss)
    hdma_usart3_rx                           0x20002320   Data          68  dma.o(.bss)
    hdma_usart3_tx                           0x20002364   Data          68  dma.o(.bss)
    json                                     0x200023a8   Data         304  json.o(.bss)
    json_protocol                            0x200024d8   Data         228  json.o(.bss)
    esp                                      0x200025bc   Data         203  esp8266.o(.bss)
    sim                                      0x20002687   Data         203  sim800.o(.bss)
    sim_uart_buffer                          0x20002752   Data         201  sim800.o(.bss)
    __libspace_start                         0x2000281c   Data          96  libspace.o(.bss)
    __temporary_stack_top$libspace           0x2000287c   Data           0  libspace.o(.bss)



==============================================================================

Memory Map of the image

  Image Entry point : 0x080000ed

  Load Region LR_IROM1 (Base: 0x08000000, Size: 0x00005a28, Max: 0x00010000, ABSOLUTE)

    Execution Region ER_IROM1 (Exec base: 0x08000000, Load base: 0x08000000, Size: 0x00005970, Max: 0x00010000, ABSOLUTE)

    Exec Addr    Load Addr    Size         Type   Attr      Idx    E Section Name        Object

    0x08000000   0x08000000   0x000000ec   Data   RO            3    RESET               startup_stm32f103xb.o
    0x080000ec   0x080000ec   0x00000008   Code   RO         5261  * !!!main             c_w.l(__main.o)
    0x080000f4   0x080000f4   0x00000034   Code   RO         5496    !!!scatter          c_w.l(__scatter.o)
    0x08000128   0x08000128   0x0000001a   Code   RO         5498    !!handler_copy      c_w.l(__scatter_copy.o)
    0x08000142   0x08000142   0x00000002   PAD
    0x08000144   0x08000144   0x0000001c   Code   RO         5500    !!handler_zi        c_w.l(__scatter_zi.o)
    0x08000160   0x08000160   0x00000000   Code   RO         5236    .ARM.Collect$$_printf_percent$$00000000  c_w.l(_printf_percent.o)
    0x08000160   0x08000160   0x00000006   Code   RO         5235    .ARM.Collect$$_printf_percent$$00000009  c_w.l(_printf_d.o)
    0x08000166   0x08000166   0x00000006   Code   RO         5234    .ARM.Collect$$_printf_percent$$00000014  c_w.l(_printf_s.o)
    0x0800016c   0x0800016c   0x00000004   Code   RO         5304    .ARM.Collect$$_printf_percent$$00000017  c_w.l(_printf_percent_end.o)
    0x08000170   0x08000170   0x00000002   Code   RO         5433    .ARM.Collect$$libinit$$00000000  c_w.l(libinit.o)
    0x08000172   0x08000172   0x00000000   Code   RO         5310    .ARM.Collect$$libinit$$00000002  c_w.l(libinit2.o)
    0x08000172   0x08000172   0x00000000   Code   RO         5312    .ARM.Collect$$libinit$$00000004  c_w.l(libinit2.o)
    0x08000172   0x08000172   0x00000008   Code   RO         5313    .ARM.Collect$$libinit$$00000005  c_w.l(libinit2.o)
    0x0800017a   0x0800017a   0x00000000   Code   RO         5315    .ARM.Collect$$libinit$$0000000A  c_w.l(libinit2.o)
    0x0800017a   0x0800017a   0x00000000   Code   RO         5317    .ARM.Collect$$libinit$$0000000C  c_w.l(libinit2.o)
    0x0800017a   0x0800017a   0x00000000   Code   RO         5319    .ARM.Collect$$libinit$$0000000E  c_w.l(libinit2.o)
    0x0800017a   0x0800017a   0x00000006   Code   RO         5320    .ARM.Collect$$libinit$$0000000F  c_w.l(libinit2.o)
    0x08000180   0x08000180   0x00000000   Code   RO         5322    .ARM.Collect$$libinit$$00000011  c_w.l(libinit2.o)
    0x08000180   0x08000180   0x0000000c   Code   RO         5323    .ARM.Collect$$libinit$$00000012  c_w.l(libinit2.o)
    0x0800018c   0x0800018c   0x00000000   Code   RO         5324    .ARM.Collect$$libinit$$00000013  c_w.l(libinit2.o)
    0x0800018c   0x0800018c   0x00000000   Code   RO         5326    .ARM.Collect$$libinit$$00000015  c_w.l(libinit2.o)
    0x0800018c   0x0800018c   0x00000000   Code   RO         5328    .ARM.Collect$$libinit$$00000017  c_w.l(libinit2.o)
    0x0800018c   0x0800018c   0x00000000   Code   RO         5330    .ARM.Collect$$libinit$$00000019  c_w.l(libinit2.o)
    0x0800018c   0x0800018c   0x00000000   Code   RO         5332    .ARM.Collect$$libinit$$0000001B  c_w.l(libinit2.o)
    0x0800018c   0x0800018c   0x00000000   Code   RO         5334    .ARM.Collect$$libinit$$0000001D  c_w.l(libinit2.o)
    0x0800018c   0x0800018c   0x00000000   Code   RO         5336    .ARM.Collect$$libinit$$0000001F  c_w.l(libinit2.o)
    0x0800018c   0x0800018c   0x00000000   Code   RO         5338    .ARM.Collect$$libinit$$00000021  c_w.l(libinit2.o)
    0x0800018c   0x0800018c   0x00000000   Code   RO         5340    .ARM.Collect$$libinit$$00000023  c_w.l(libinit2.o)
    0x0800018c   0x0800018c   0x00000000   Code   RO         5342    .ARM.Collect$$libinit$$00000025  c_w.l(libinit2.o)
    0x0800018c   0x0800018c   0x00000000   Code   RO         5346    .ARM.Collect$$libinit$$0000002C  c_w.l(libinit2.o)
    0x0800018c   0x0800018c   0x00000000   Code   RO         5348    .ARM.Collect$$libinit$$0000002E  c_w.l(libinit2.o)
    0x0800018c   0x0800018c   0x00000000   Code   RO         5350    .ARM.Collect$$libinit$$00000030  c_w.l(libinit2.o)
    0x0800018c   0x0800018c   0x00000000   Code   RO         5352    .ARM.Collect$$libinit$$00000032  c_w.l(libinit2.o)
    0x0800018c   0x0800018c   0x00000002   Code   RO         5353    .ARM.Collect$$libinit$$00000033  c_w.l(libinit2.o)
    0x0800018e   0x0800018e   0x00000002   Code   RO         5493    .ARM.Collect$$libshutdown$$00000000  c_w.l(libshutdown.o)
    0x08000190   0x08000190   0x00000000   Code   RO         5447    .ARM.Collect$$libshutdown$$00000002  c_w.l(libshutdown2.o)
    0x08000190   0x08000190   0x00000000   Code   RO         5449    .ARM.Collect$$libshutdown$$00000004  c_w.l(libshutdown2.o)
    0x08000190   0x08000190   0x00000000   Code   RO         5451    .ARM.Collect$$libshutdown$$00000006  c_w.l(libshutdown2.o)
    0x08000190   0x08000190   0x00000000   Code   RO         5454    .ARM.Collect$$libshutdown$$00000009  c_w.l(libshutdown2.o)
    0x08000190   0x08000190   0x00000000   Code   RO         5457    .ARM.Collect$$libshutdown$$0000000C  c_w.l(libshutdown2.o)
    0x08000190   0x08000190   0x00000000   Code   RO         5459    .ARM.Collect$$libshutdown$$0000000E  c_w.l(libshutdown2.o)
    0x08000190   0x08000190   0x00000000   Code   RO         5462    .ARM.Collect$$libshutdown$$00000011  c_w.l(libshutdown2.o)
    0x08000190   0x08000190   0x00000002   Code   RO         5463    .ARM.Collect$$libshutdown$$00000012  c_w.l(libshutdown2.o)
    0x08000192   0x08000192   0x00000000   Code   RO         5265    .ARM.Collect$$rtentry$$00000000  c_w.l(__rtentry.o)
    0x08000192   0x08000192   0x00000000   Code   RO         5360    .ARM.Collect$$rtentry$$00000002  c_w.l(__rtentry2.o)
    0x08000192   0x08000192   0x00000006   Code   RO         5372    .ARM.Collect$$rtentry$$00000004  c_w.l(__rtentry4.o)
    0x08000198   0x08000198   0x00000000   Code   RO         5362    .ARM.Collect$$rtentry$$00000009  c_w.l(__rtentry2.o)
    0x08000198   0x08000198   0x00000004   Code   RO         5363    .ARM.Collect$$rtentry$$0000000A  c_w.l(__rtentry2.o)
    0x0800019c   0x0800019c   0x00000000   Code   RO         5365    .ARM.Collect$$rtentry$$0000000C  c_w.l(__rtentry2.o)
    0x0800019c   0x0800019c   0x00000008   Code   RO         5366    .ARM.Collect$$rtentry$$0000000D  c_w.l(__rtentry2.o)
    0x080001a4   0x080001a4   0x00000002   Code   RO         5436    .ARM.Collect$$rtexit$$00000000  c_w.l(rtexit.o)
    0x080001a6   0x080001a6   0x00000000   Code   RO         5467    .ARM.Collect$$rtexit$$00000002  c_w.l(rtexit2.o)
    0x080001a6   0x080001a6   0x00000004   Code   RO         5468    .ARM.Collect$$rtexit$$00000003  c_w.l(rtexit2.o)
    0x080001aa   0x080001aa   0x00000006   Code   RO         5469    .ARM.Collect$$rtexit$$00000004  c_w.l(rtexit2.o)
    0x080001b0   0x080001b0   0x00000096   Code   RO         4142    .emb_text           port.o
    0x08000246   0x08000246   0x00000002   PAD
    0x08000248   0x08000248   0x00000000   Code   RO         5378    .emb_text           c_w.l(maybetermalloc1.o)
    0x08000248   0x08000248   0x00000040   Code   RO            4    .text               startup_stm32f103xb.o
    0x08000288   0x08000288   0x0000005e   Code   RO         5144    .text               c_w.l(h1_alloc.o)
    0x080002e6   0x080002e6   0x0000004e   Code   RO         5146    .text               c_w.l(h1_free.o)
    0x08000334   0x08000334   0x00000028   Code   RO         5206    .text               c_w.l(noretval__2sprintf.o)
    0x0800035c   0x0800035c   0x00000068   Code   RO         5208    .text               c_w.l(__printf.o)
    0x080003c4   0x080003c4   0x00000052   Code   RO         5210    .text               c_w.l(_printf_str.o)
    0x08000416   0x08000416   0x00000002   PAD
    0x08000418   0x08000418   0x00000078   Code   RO         5212    .text               c_w.l(_printf_dec.o)
    0x08000490   0x08000490   0x0000001a   Code   RO         5237    .text               c_w.l(atoi.o)
    0x080004aa   0x080004aa   0x00000024   Code   RO         5239    .text               c_w.l(strstr.o)
    0x080004ce   0x080004ce   0x00000048   Code   RO         5241    .text               c_w.l(strcpy.o)
    0x08000516   0x08000516   0x0000003e   Code   RO         5243    .text               c_w.l(strlen.o)
    0x08000554   0x08000554   0x0000008a   Code   RO         5245    .text               c_w.l(rt_memcpy_v6.o)
    0x080005de   0x080005de   0x00000064   Code   RO         5247    .text               c_w.l(rt_memcpy_w.o)
    0x08000642   0x08000642   0x00000010   Code   RO         5251    .text               c_w.l(aeabi_memset.o)
    0x08000652   0x08000652   0x00000044   Code   RO         5253    .text               c_w.l(rt_memclr.o)
    0x08000696   0x08000696   0x0000004e   Code   RO         5255    .text               c_w.l(rt_memclr_w.o)
    0x080006e4   0x080006e4   0x00000080   Code   RO         5257    .text               c_w.l(strcmpv7m.o)
    0x08000764   0x08000764   0x00000006   Code   RO         5259    .text               c_w.l(heapauxi.o)
    0x0800076a   0x0800076a   0x00000002   PAD
    0x0800076c   0x0800076c   0x00000008   Code   RO         5269    .text               c_w.l(rt_heap_descriptor_intlibspace.o)
    0x08000774   0x08000774   0x00000008   Code   RO         5274    .text               c_w.l(rt_errno_addr_intlibspace.o)
    0x0800077c   0x0800077c   0x00000004   Code   RO         5276    .text               c_w.l(hguard.o)
    0x08000780   0x08000780   0x0000008a   Code   RO         5278    .text               c_w.l(init_alloc.o)
    0x0800080a   0x0800080a   0x0000000e   Code   RO         5282    .text               c_w.l(h1_init.o)
    0x08000818   0x08000818   0x000000b2   Code   RO         5296    .text               c_w.l(_printf_intcommon.o)
    0x080008ca   0x080008ca   0x00000002   PAD
    0x080008cc   0x080008cc   0x00000030   Code   RO         5298    .text               c_w.l(_printf_char_common.o)
    0x080008fc   0x080008fc   0x0000000a   Code   RO         5300    .text               c_w.l(_sputc.o)
    0x08000906   0x08000906   0x0000002c   Code   RO         5302    .text               c_w.l(_printf_char.o)
    0x08000932   0x08000932   0x00000070   Code   RO         5305    .text               c_w.l(strtol.o)
    0x080009a2   0x080009a2   0x00000002   PAD
    0x080009a4   0x080009a4   0x00000008   Code   RO         5356    .text               c_w.l(libspace.o)
    0x080009ac   0x080009ac   0x00000010   Code   RO         5374    .text               c_w.l(rt_ctype_table.o)
    0x080009bc   0x080009bc   0x00000034   Code   RO         5380    .text               c_w.l(h1_extend.o)
    0x080009f0   0x080009f0   0x0000009e   Code   RO         5386    .text               c_w.l(_strtoul.o)
    0x08000a8e   0x08000a8e   0x0000000e   Code   RO         5388    .text               c_w.l(defsig_rtmem_outer.o)
    0x08000a9c   0x08000a9c   0x00000002   Code   RO         5399    .text               c_w.l(use_no_semi.o)
    0x08000a9e   0x08000a9e   0x00000000   Code   RO         5401    .text               c_w.l(indicate_semi.o)
    0x08000a9e   0x08000a9e   0x0000004a   Code   RO         5402    .text               c_w.l(sys_stackheap_outer.o)
    0x08000ae8   0x08000ae8   0x00000008   Code   RO         5409    .text               c_w.l(rt_locale_intlibspace.o)
    0x08000af0   0x08000af0   0x0000001c   Code   RO         5413    .text               c_w.l(_chval.o)
    0x08000b0c   0x08000b0c   0x00000012   Code   RO         5418    .text               c_w.l(exit.o)
    0x08000b1e   0x08000b1e   0x0000000a   Code   RO         5420    .text               c_w.l(defsig_exit.o)
    0x08000b28   0x08000b28   0x00000050   Code   RO         5422    .text               c_w.l(defsig_rtmem_inner.o)
    0x08000b78   0x08000b78   0x0000000c   Code   RO         5434    .text               c_w.l(sys_exit.o)
    0x08000b84   0x08000b84   0x00000032   Code   RO         5444    .text               c_w.l(defsig_general.o)
    0x08000bb6   0x08000bb6   0x0000000e   Code   RO         5464    .text               c_w.l(sys_wrch.o)
    0x08000bc4   0x08000bc4   0x00000004   Code   RO          305    i.BusFault_Handler  stm32f1xx_it.o
    0x08000bc8   0x08000bc8   0x0000003a   Code   RO         4222    i.CRC_16            crc.o
    0x08000c02   0x08000c02   0x00000002   PAD
    0x08000c04   0x08000c04   0x00000010   Code   RO          306    i.DMA1_Channel2_IRQHandler  stm32f1xx_it.o
    0x08000c14   0x08000c14   0x00000010   Code   RO          307    i.DMA1_Channel3_IRQHandler  stm32f1xx_it.o
    0x08000c24   0x08000c24   0x00000010   Code   RO          308    i.DMA1_Channel4_IRQHandler  stm32f1xx_it.o
    0x08000c34   0x08000c34   0x00000010   Code   RO          309    i.DMA1_Channel5_IRQHandler  stm32f1xx_it.o
    0x08000c44   0x08000c44   0x00000010   Code   RO          310    i.DMA1_Channel6_IRQHandler  stm32f1xx_it.o
    0x08000c54   0x08000c54   0x00000010   Code   RO          311    i.DMA1_Channel7_IRQHandler  stm32f1xx_it.o
    0x08000c64   0x08000c64   0x00000002   Code   RO          312    i.DebugMon_Handler  stm32f1xx_it.o
    0x08000c66   0x08000c66   0x00000006   Code   RO           13    i.Error_Handler     main.o
    0x08000c6c   0x08000c6c   0x000000b8   Code   RO         4411    i.GPIO_INI          gpio.o
    0x08000d24   0x08000d24   0x000000b0   Code   RO         1188    i.HAL_DMA_Abort_IT  stm32f1xx_hal_dma.o
    0x08000dd4   0x08000dd4   0x0000019c   Code   RO         1192    i.HAL_DMA_IRQHandler  stm32f1xx_hal_dma.o
    0x08000f70   0x08000f70   0x00000068   Code   RO         1193    i.HAL_DMA_Init      stm32f1xx_hal_dma.o
    0x08000fd8   0x08000fd8   0x00000320   Code   RO         1123    i.HAL_GPIO_Init     stm32f1xx_hal_gpio.o
    0x080012f8   0x080012f8   0x0000000e   Code   RO         1126    i.HAL_GPIO_TogglePin  stm32f1xx_hal_gpio.o
    0x08001306   0x08001306   0x0000000c   Code   RO         1127    i.HAL_GPIO_WritePin  stm32f1xx_hal_gpio.o
    0x08001312   0x08001312   0x00000002   PAD
    0x08001314   0x08001314   0x0000000c   Code   RO          814    i.HAL_GetTick       stm32f1xx_hal.o
    0x08001320   0x08001320   0x00000018   Code   RO          820    i.HAL_IncTick       stm32f1xx_hal.o
    0x08001338   0x08001338   0x00000028   Code   RO          821    i.HAL_Init          stm32f1xx_hal.o
    0x08001360   0x08001360   0x0000004c   Code   RO          822    i.HAL_InitTick      stm32f1xx_hal.o
    0x080013ac   0x080013ac   0x0000007c   Code   RO          442    i.HAL_MspInit       stm32f1xx_hal_msp.o
    0x08001428   0x08001428   0x00000020   Code   RO         1283    i.HAL_NVIC_EnableIRQ  stm32f1xx_hal_cortex.o
    0x08001448   0x08001448   0x0000007c   Code   RO         1289    i.HAL_NVIC_SetPriority  stm32f1xx_hal_cortex.o
    0x080014c4   0x080014c4   0x00000028   Code   RO         1290    i.HAL_NVIC_SetPriorityGrouping  stm32f1xx_hal_cortex.o
    0x080014ec   0x080014ec   0x0000018c   Code   RO          978    i.HAL_RCC_ClockConfig  stm32f1xx_hal_rcc.o
    0x08001678   0x08001678   0x0000000c   Code   RO          983    i.HAL_RCC_GetHCLKFreq  stm32f1xx_hal_rcc.o
    0x08001684   0x08001684   0x00000020   Code   RO          985    i.HAL_RCC_GetPCLK1Freq  stm32f1xx_hal_rcc.o
    0x080016a4   0x080016a4   0x00000020   Code   RO          986    i.HAL_RCC_GetPCLK2Freq  stm32f1xx_hal_rcc.o
    0x080016c4   0x080016c4   0x00000094   Code   RO          987    i.HAL_RCC_GetSysClockFreq  stm32f1xx_hal_rcc.o
    0x08001758   0x08001758   0x00000464   Code   RO          990    i.HAL_RCC_OscConfig  stm32f1xx_hal_rcc.o
    0x08001bbc   0x08001bbc   0x00000034   Code   RO         1294    i.HAL_SYSTICK_Config  stm32f1xx_hal_cortex.o
    0x08001bf0   0x08001bf0   0x00000002   Code   RO         1866    i.HAL_UART_ErrorCallback  stm32f1xx_hal_uart.o
    0x08001bf2   0x08001bf2   0x00000002   PAD
    0x08001bf4   0x08001bf4   0x0000014c   Code   RO         1869    i.HAL_UART_IRQHandler  stm32f1xx_hal_uart.o
    0x08001d40   0x08001d40   0x00000072   Code   RO         1870    i.HAL_UART_Init     stm32f1xx_hal_uart.o
    0x08001db2   0x08001db2   0x00000002   PAD
    0x08001db4   0x08001db4   0x000002e4   Code   RO          444    i.HAL_UART_MspInit  stm32f1xx_hal_msp.o
    0x08002098   0x08002098   0x00000002   Code   RO         1876    i.HAL_UART_RxCpltCallback  stm32f1xx_hal_uart.o
    0x0800209a   0x0800209a   0x00000002   Code   RO         1881    i.HAL_UART_TxCpltCallback  stm32f1xx_hal_uart.o
    0x0800209c   0x0800209c   0x00000004   Code   RO          313    i.HardFault_Handler  stm32f1xx_it.o
    0x080020a0   0x080020a0   0x00000018   Code   RO         4598    i.Hardware_init     initialization.o
    0x080020b8   0x080020b8   0x0000000a   Code   RO         4469    i.LL_USART_EnableIT_RXNE  usart.o
    0x080020c2   0x080020c2   0x0000000a   Code   RO          314    i.LL_USART_IsActiveFlag_RXNE  stm32f1xx_it.o
    0x080020cc   0x080020cc   0x0000000a   Code   RO         4470    i.LL_USART_IsActiveFlag_TXE  usart.o
    0x080020d6   0x080020d6   0x0000000a   Code   RO          315    i.LL_USART_IsEnabledIT_RXNE  stm32f1xx_it.o
    0x080020e0   0x080020e0   0x00000004   Code   RO         4471    i.LL_USART_TransmitData8  usart.o
    0x080020e4   0x080020e4   0x00000004   Code   RO          316    i.MemManage_Handler  stm32f1xx_it.o
    0x080020e8   0x080020e8   0x00000004   Code   RO          317    i.NMI_Handler       stm32f1xx_it.o
    0x080020ec   0x080020ec   0x00000040   Code   RO         4472    i.NVIC_EncodePriority  usart.o
    0x0800212c   0x0800212c   0x00000028   Code   RO          991    i.RCC_Delay         stm32f1xx_hal_rcc.o
    0x08002154   0x08002154   0x00000008   Code   RO         4599    i.Software_init     initialization.o
    0x0800215c   0x0800215c   0x00000054   Code   RO          318    i.SysTick_Handler   stm32f1xx_it.o
    0x080021b0   0x080021b0   0x0000005c   Code   RO         4385    i.SystemClock_INI   clock.o
    0x0800220c   0x0800220c   0x00000058   Code   RO         2521    i.SystemInit        system_stm32f1xx.o
    0x08002264   0x08002264   0x0000005c   Code   RO         4473    i.UART1_INI         usart.o
    0x080022c0   0x080022c0   0x0000005c   Code   RO         4474    i.UART2_INI         usart.o
    0x0800231c   0x0800231c   0x0000005c   Code   RO         4475    i.UART3_INI         usart.o
    0x08002378   0x08002378   0x00000014   Code   RO         1883    i.UART_DMAAbortOnError  stm32f1xx_hal_uart.o
    0x0800238c   0x0800238c   0x00000020   Code   RO         1893    i.UART_EndRxTransfer  stm32f1xx_hal_uart.o
    0x080023ac   0x080023ac   0x00000020   Code   RO         1894    i.UART_EndTransmit_IT  stm32f1xx_hal_uart.o
    0x080023cc   0x080023cc   0x0000007c   Code   RO         4476    i.UART_PRINT        usart.o
    0x08002448   0x08002448   0x0000005c   Code   RO         4477    i.UART_PUT_CHAR     usart.o
    0x080024a4   0x080024a4   0x000000a6   Code   RO         1896    i.UART_Receive_IT   stm32f1xx_hal_uart.o
    0x0800254a   0x0800254a   0x00000002   PAD
    0x0800254c   0x0800254c   0x000001a0   Code   RO         1897    i.UART_SetConfig    stm32f1xx_hal_uart.o
    0x080026ec   0x080026ec   0x00000068   Code   RO         1898    i.UART_Transmit_IT  stm32f1xx_hal_uart.o
    0x08002754   0x08002754   0x0000003c   Code   RO          319    i.USART1_IRQHandler  stm32f1xx_it.o
    0x08002790   0x08002790   0x0000003c   Code   RO          320    i.USART2_IRQHandler  stm32f1xx_it.o
    0x080027cc   0x080027cc   0x0000003c   Code   RO          321    i.USART3_IRQHandler  stm32f1xx_it.o
    0x08002808   0x08002808   0x00000004   Code   RO          322    i.UsageFault_Handler  stm32f1xx_it.o
    0x0800280c   0x0800280c   0x00000054   Code   RO           15    i.Vtask_advance     main.o
    0x08002860   0x08002860   0x00000008   Code   RO           16    i.Vtask_sim         main.o
    0x08002868   0x08002868   0x0000000e   Code   RO           17    i.Vtask_wifi        main.o
    0x08002876   0x08002876   0x0000001a   Code   RO         4478    i.__NVIC_EnableIRQ  usart.o
    0x08002890   0x08002890   0x00000010   Code   RO         1296    i.__NVIC_GetPriorityGrouping  stm32f1xx_hal_cortex.o
    0x080028a0   0x080028a0   0x00000010   Code   RO         4479    i.__NVIC_GetPriorityGrouping  usart.o
    0x080028b0   0x080028b0   0x00000028   Code   RO         1297    i.__NVIC_SetPriority  stm32f1xx_hal_cortex.o
    0x080028d8   0x080028d8   0x00000028   Code   RO         4480    i.__NVIC_SetPriority  usart.o
    0x08002900   0x08002900   0x00000006   Code   RO         3657    i.__get_BASEPRI     cmsis_os2.o
    0x08002906   0x08002906   0x00000006   Code   RO         3658    i.__get_IPSR        cmsis_os2.o
    0x0800290c   0x0800290c   0x00000006   Code   RO         3659    i.__get_PRIMASK     cmsis_os2.o
    0x08002912   0x08002912   0x00000002   PAD
    0x08002914   0x08002914   0x0000003c   Code   RO         4834    i.advance_connection_test  advance.o
    0x08002950   0x08002950   0x0000002c   Code   RO         4835    i.advance_led_show  advance.o
    0x0800297c   0x0800297c   0x00000048   Code   RO         4836    i.advance_manager   advance.o
    0x080029c4   0x080029c4   0x00000024   Code   RO         4723    i.clear_esp_buffer  esp8266.o
    0x080029e8   0x080029e8   0x00000018   Code   RO         4887    i.clear_sim_buffer  sim800.o
    0x08002a00   0x08002a00   0x00000024   Code   RO         4888    i.clear_sim_buffer_json  sim800.o
    0x08002a24   0x08002a24   0x00000038   Code   RO         4724    i.esp8266_connection_test  esp8266.o
    0x08002a5c   0x08002a5c   0x000000a4   Code   RO         4725    i.esp8266_manager   esp8266.o
    0x08002b00   0x08002b00   0x0000005c   Code   RO         4726    i.esp_led_show      esp8266.o
    0x08002b5c   0x08002b5c   0x0000003c   Code   RO         4727    i.esp_random_connect_to_server  esp8266.o
    0x08002b98   0x08002b98   0x00000058   Code   RO         4728    i.esp_uart_rx_manager  esp8266.o
    0x08002bf0   0x08002bf0   0x000000f4   Code   RO         4313    i.ini_cpu_timer     cpu_timer.o
    0x08002ce4   0x08002ce4   0x0000002c   Code   RO         4659    i.json_find         json.o
    0x08002d10   0x08002d10   0x00000098   Code   RO         4660    i.json_get_data     json.o
    0x08002da8   0x08002da8   0x000000a4   Code   RO           18    i.main              main.o
    0x08002e4c   0x08002e4c   0x000000b0   Code   RO         4837    i.manage_advance_responce  advance.o
    0x08002efc   0x08002efc   0x00000144   Code   RO         4729    i.manage_esp_responce  esp8266.o
    0x08003040   0x08003040   0x0000015c   Code   RO         5021    i.mc60_mqtt_manage  mc60_mqtt.o
    0x0800319c   0x0800319c   0x0000006c   Code   RO         5022    i.mc60_mqtt_pub     mc60_mqtt.o
    0x08003208   0x08003208   0x0000005c   Code   RO         5023    i.mc60_mqtt_sub     mc60_mqtt.o
    0x08003264   0x08003264   0x00000040   Code   RO         4801    i.modbus_it_uart_manage  modbus_gsm.o
    0x080032a4   0x080032a4   0x000000a0   Code   RO         4248    i.modbus_master_write_register_MULTI  modbus.o
    0x08003344   0x08003344   0x0000012c   Code   RO         4284    i.modbus_slave_manage  modbus_slave.o
    0x08003470   0x08003470   0x0000006c   Code   RO         4802    i.modbus_slave_manager_recive  modbus_gsm.o
    0x080034dc   0x080034dc   0x00000038   Code   RO         3660    i.osDelay           cmsis_os2.o
    0x08003514   0x08003514   0x0000007c   Code   RO         3132    i.prvAddCurrentTaskToDelayedList  tasks.o
    0x08003590   0x08003590   0x000000b8   Code   RO         3133    i.prvAddNewTaskToReadyList  tasks.o
    0x08003648   0x08003648   0x00000074   Code   RO         3493    i.prvCheckForValidListAndQueue  timers.o
    0x080036bc   0x080036bc   0x00000048   Code   RO         3134    i.prvCheckTasksWaitingTermination  tasks.o
    0x08003704   0x08003704   0x0000002a   Code   RO         2725    i.prvCopyDataFromQueue  queue.o
    0x0800372e   0x0800372e   0x0000007c   Code   RO         2726    i.prvCopyDataToQueue  queue.o
    0x080037aa   0x080037aa   0x00000050   Code   RO         3135    i.prvDeleteTCB      tasks.o
    0x080037fa   0x080037fa   0x00000002   PAD
    0x080037fc   0x080037fc   0x00000028   Code   RO         3494    i.prvGetNextExpireTime  timers.o
    0x08003824   0x08003824   0x0000007c   Code   RO         4093    i.prvHeapInit       heap_4.o
    0x080038a0   0x080038a0   0x00000028   Code   RO         3136    i.prvIdleTask       tasks.o
    0x080038c8   0x080038c8   0x0000002a   Code   RO         2729    i.prvInitialiseNewQueue  queue.o
    0x080038f2   0x080038f2   0x000000b4   Code   RO         3137    i.prvInitialiseNewTask  tasks.o
    0x080039a6   0x080039a6   0x00000002   PAD
    0x080039a8   0x080039a8   0x00000068   Code   RO         3138    i.prvInitialiseTaskLists  tasks.o
    0x08003a10   0x08003a10   0x00000068   Code   RO         4094    i.prvInsertBlockIntoFreeList  heap_4.o
    0x08003a78   0x08003a78   0x00000058   Code   RO         3496    i.prvInsertTimerInActiveList  timers.o
    0x08003ad0   0x08003ad0   0x0000001a   Code   RO         2730    i.prvIsQueueEmpty   queue.o
    0x08003aea   0x08003aea   0x0000001e   Code   RO         2731    i.prvIsQueueFull    queue.o
    0x08003b08   0x08003b08   0x00000064   Code   RO         3497    i.prvProcessExpiredTimer  timers.o
    0x08003b6c   0x08003b6c   0x00000128   Code   RO         3498    i.prvProcessReceivedCommands  timers.o
    0x08003c94   0x08003c94   0x00000074   Code   RO         3499    i.prvProcessTimerOrBlockTask  timers.o
    0x08003d08   0x08003d08   0x00000034   Code   RO         3140    i.prvResetNextTaskUnblockTime  tasks.o
    0x08003d3c   0x08003d3c   0x0000002c   Code   RO         3500    i.prvSampleTimeNow  timers.o
    0x08003d68   0x08003d68   0x000000a0   Code   RO         3501    i.prvSwitchTimerLists  timers.o
    0x08003e08   0x08003e08   0x00000040   Code   RO         4143    i.prvTaskExitError  port.o
    0x08003e48   0x08003e48   0x0000001a   Code   RO         3502    i.prvTimerTask      timers.o
    0x08003e62   0x08003e62   0x0000007e   Code   RO         2732    i.prvUnlockQueue    queue.o
    0x08003ee0   0x08003ee0   0x0000013c   Code   RO         4095    i.pvPortMalloc      heap_4.o
    0x0800401c   0x0800401c   0x00000024   Code   RO         4144    i.pxPortInitialiseStack  port.o
    0x08004040   0x08004040   0x00000078   Code   RO         4664    i.reset_json        json.o
    0x080040b8   0x080040b8   0x00000050   Code   RO         4889    i.sim800_led_show   sim800.o
    0x08004108   0x08004108   0x0000001a   Code   RO         4891    i.sim_send_str      sim800.o
    0x08004122   0x08004122   0x00000002   PAD
    0x08004124   0x08004124   0x000000c8   Code   RO         4892    i.sim_uart_rx_manager  sim800.o
    0x080041ec   0x080041ec   0x0000001e   Code   RO         4665    i.strfind           json.o
    0x0800420a   0x0800420a   0x00000002   PAD
    0x0800420c   0x0800420c   0x000000f0   Code   RO         4630    i.test_modbus       test.o
    0x080042fc   0x080042fc   0x00000114   Code   RO         4314    i.timer_basic_manager  cpu_timer.o
    0x08004410   0x08004410   0x000000a4   Code   RO         4315    i.timer_second_manager  cpu_timer.o
    0x080044b4   0x080044b4   0x00000028   Code   RO         2685    i.uxListRemove      list.o
    0x080044dc   0x080044dc   0x00000018   Code   RO         3723    i.vApplicationGetIdleTaskMemory  cmsis_os2.o
    0x080044f4   0x080044f4   0x00000018   Code   RO         3724    i.vApplicationGetTimerTaskMemory  cmsis_os2.o
    0x0800450c   0x0800450c   0x0000001a   Code   RO         2686    i.vListInitialise   list.o
    0x08004526   0x08004526   0x00000006   Code   RO         2687    i.vListInitialiseItem  list.o
    0x0800452c   0x0800452c   0x00000034   Code   RO         2688    i.vListInsert       list.o
    0x08004560   0x08004560   0x00000018   Code   RO         2689    i.vListInsertEnd    list.o
    0x08004578   0x08004578   0x00000054   Code   RO         4146    i.vPortEnterCritical  port.o
    0x080045cc   0x080045cc   0x0000003c   Code   RO         4147    i.vPortExitCritical  port.o
    0x08004608   0x08004608   0x00000094   Code   RO         4096    i.vPortFree         heap_4.o
    0x0800469c   0x0800469c   0x00000028   Code   RO         4148    i.vPortSetupTimerInterrupt  port.o
    0x080046c4   0x080046c4   0x00000078   Code   RO         4149    i.vPortValidateInterruptPriority  port.o
    0x0800473c   0x0800473c   0x0000002c   Code   RO         2738    i.vQueueAddToRegistry  queue.o
    0x08004768   0x08004768   0x0000004a   Code   RO         2742    i.vQueueWaitForMessageRestricted  queue.o
    0x080047b2   0x080047b2   0x00000002   PAD
    0x080047b4   0x080047b4   0x0000005c   Code   RO         3152    i.vTaskDelay        tasks.o
    0x08004810   0x08004810   0x00000018   Code   RO         3157    i.vTaskInternalSetTimeOutState  tasks.o
    0x08004828   0x08004828   0x0000000c   Code   RO         3158    i.vTaskMissedYield  tasks.o
    0x08004834   0x08004834   0x00000038   Code   RO         3160    i.vTaskPlaceOnEventList  tasks.o
    0x0800486c   0x0800486c   0x00000040   Code   RO         3161    i.vTaskPlaceOnEventListRestricted  tasks.o
    0x080048ac   0x080048ac   0x000000b8   Code   RO         3169    i.vTaskStartScheduler  tasks.o
    0x08004964   0x08004964   0x00000010   Code   RO         3171    i.vTaskSuspendAll   tasks.o
    0x08004974   0x08004974   0x00000090   Code   RO         3172    i.vTaskSwitchContext  tasks.o
    0x08004a04   0x08004a04   0x00000034   Code   RO         4838    i.wait_to_advance_get_data  advance.o
    0x08004a38   0x08004a38   0x0000002c   Code   RO         4730    i.wait_to_esp_get_json  esp8266.o
    0x08004a64   0x08004a64   0x00000058   Code   RO         4893    i.wait_to_get_sim   sim800.o
    0x08004abc   0x08004abc   0x00000040   Code   RO         4894    i.whit_to_responce_sim  sim800.o
    0x08004afc   0x08004afc   0x000000f8   Code   RO         4150    i.xPortStartScheduler  port.o
    0x08004bf4   0x08004bf4   0x00000034   Code   RO         4151    i.xPortSysTickHandler  port.o
    0x08004c28   0x08004c28   0x000000de   Code   RO         2748    i.xQueueGenericCreateStatic  queue.o
    0x08004d06   0x08004d06   0x00000002   PAD
    0x08004d08   0x08004d08   0x00000098   Code   RO         2749    i.xQueueGenericReset  queue.o
    0x08004da0   0x08004da0   0x000001a8   Code   RO         2750    i.xQueueGenericSend  queue.o
    0x08004f48   0x08004f48   0x000000f8   Code   RO         2751    i.xQueueGenericSendFromISR  queue.o
    0x08005040   0x08005040   0x00000168   Code   RO         2760    i.xQueueReceive     queue.o
    0x080051a8   0x080051a8   0x0000008c   Code   RO         3173    i.xTaskCheckForTimeOut  tasks.o
    0x08005234   0x08005234   0x00000064   Code   RO         3174    i.xTaskCreate       tasks.o
    0x08005298   0x08005298   0x000000b8   Code   RO         3175    i.xTaskCreateStatic  tasks.o
    0x08005350   0x08005350   0x00000020   Code   RO         3179    i.xTaskGetSchedulerState  tasks.o
    0x08005370   0x08005370   0x0000000c   Code   RO         3180    i.xTaskGetTickCount  tasks.o
    0x0800537c   0x0800537c   0x00000144   Code   RO         3182    i.xTaskIncrementTick  tasks.o
    0x080054c0   0x080054c0   0x000000a4   Code   RO         3185    i.xTaskPriorityDisinherit  tasks.o
    0x08005564   0x08005564   0x00000098   Code   RO         3187    i.xTaskRemoveFromEventList  tasks.o
    0x080055fc   0x080055fc   0x00000104   Code   RO         3188    i.xTaskResumeAll    tasks.o
    0x08005700   0x08005700   0x00000078   Code   RO         3509    i.xTimerCreateTimerTask  timers.o
    0x08005778   0x08005778   0x00000084   Code   RO         3510    i.xTimerGenericCommand  timers.o
    0x080057fc   0x080057fc   0x0000002c   Code   RO         5416    locale$$code        c_w.l(lc_ctype_c.o)
    0x08005828   0x08005828   0x00000018   Data   RO         2522    .constdata          system_stm32f1xx.o
    0x08005840   0x08005840   0x00000020   Data   RO         5494    Region$$Table       anon$$obj.o
    0x08005860   0x08005860   0x00000110   Data   RO         5415    locale$$data        c_w.l(lc_ctype_c.o)


    Execution Region RW_IRAM1 (Exec base: 0x20000000, Load base: 0x08005970, Size: 0x00002e80, Max: 0x00005000, ABSOLUTE)

    Exec Addr    Load Addr    Size         Type   Attr      Idx    E Section Name        Object

    0x20000000   0x08005970   0x00000004   Data   RW          324    .data               stm32f1xx_it.o
    0x20000004   0x08005974   0x00000009   Data   RW          828    .data               stm32f1xx_hal.o
    0x2000000d   0x0800597d   0x00000003   PAD
    0x20000010   0x08005980   0x00000004   Data   RW         2523    .data               system_stm32f1xx.o
    0x20000014   0x08005984   0x0000003c   Data   RW         3191    .data               tasks.o
    0x20000050   0x080059c0   0x00000014   Data   RW         3518    .data               timers.o
    0x20000064   0x080059d4   0x00000004   Data   RW         3726    .data               cmsis_os2.o
    0x20000068   0x080059d8   0x00000018   Data   RW         4101    .data               heap_4.o
    0x20000080   0x080059f0   0x0000000c   Data   RW         4152    .data               port.o
    0x2000008c   0x080059fc   0x00000002   Data   RW         4252    .data               modbus.o
    0x2000008e   0x080059fe   0x0000000a   Data   RW         4286    .data               modbus_slave.o
    0x20000098   0x08005a08   0x00000004   Data   RW         4483    .data               usart.o
    0x2000009c   0x08005a0c   0x00000004   Data   RW         4632    .data               test.o
    0x200000a0   0x08005a10   0x00000002   Data   RW         4734    .data               esp8266.o
    0x200000a2   0x08005a12   0x00000002   PAD
    0x200000a4   0x08005a14   0x00000008   Data   RW         4840    .data               advance.o
    0x200000ac   0x08005a1c   0x00000008   Data   RW         4897    .data               sim800.o
    0x200000b4   0x08005a24   0x00000002   Data   RW         5027    .data               mc60_mqtt.o
    0x200000b6   0x08005a26   0x00000002   PAD
    0x200000b8        -       0x00000040   Zero   RW         2764    .bss                queue.o
    0x200000f8        -       0x000004c4   Zero   RW         3190    .bss                tasks.o
    0x200005bc        -       0x00000118   Zero   RW         3517    .bss                timers.o
    0x200006d4        -       0x000008b8   Zero   RW         3725    .bss                cmsis_os2.o
    0x20000f8c        -       0x00000fa0   Zero   RW         4100    .bss                heap_4.o
    0x20001f2c        -       0x000001ac   Zero   RW         4250    .bss                modbus.o
    0x200020d8        -       0x00000078   Zero   RW         4316    .bss                cpu_timer.o
    0x20002150        -       0x000000c0   Zero   RW         4481    .bss                usart.o
    0x20002210        -       0x00000198   Zero   RW         4571    .bss                dma.o
    0x200023a8        -       0x00000214   Zero   RW         4666    .bss                json.o
    0x200025bc        -       0x000000cb   Zero   RW         4732    .bss                esp8266.o
    0x20002687        -       0x00000194   Zero   RW         4895    .bss                sim800.o
    0x2000281b   0x08005a26   0x00000001   PAD
    0x2000281c        -       0x00000060   Zero   RW         5357    .bss                c_w.l(libspace.o)
    0x2000287c   0x08005a26   0x00000004   PAD
    0x20002880        -       0x00000200   Zero   RW            2    HEAP                startup_stm32f103xb.o
    0x20002a80        -       0x00000400   Zero   RW            1    STACK               startup_stm32f103xb.o


==============================================================================

Image component sizes


      Code (inc. data)   RO Data    RW Data    ZI Data      Debug   Object Name

       404         60          0          8          0       3142   advance.o
        92          0          0          0          0        646   clock.o
       122         22          0          4       2232      12711   cmsis_os2.o
       684         24          0          0        120       2744   cpu_timer.o
        58          0          0          0          0       1005   crc.o
         0          0          0          0        408        664   dma.o
       864        138          0          2        203       4940   esp8266.o
         0          0          0          0          0      20224   event_groups.o
         0          0          0          0          0       2656   freertos.o
       184         14          0          0          0       1091   gpio.o
       692         62          0         24       4000       4735   heap_4.o
        32          0          0          0          0        972   initialization.o
       346         14          0          0        532       3116   json.o
       148          0          0          0          0       3486   list.o
       276         66          0          0          0     449052   main.o
       548        246          0          2          0       2369   mc60_mqtt.o
       160         10          0          2        428       1817   modbus.o
       172         18          0          0          0       1062   modbus_gsm.o
       300         30          0         10          0       1350   modbus_slave.o
       854         78          0         12          0      11045   port.o
      1914         20          0          0         64      16928   queue.o
       518         60          0          8        404       4425   sim800.o
        64         26        236          0       1536        824   startup_stm32f103xb.o
       152         32          0          9          0       5361   stm32f1xx_hal.o
       304         22          0          0          0      29491   stm32f1xx_hal_cortex.o
       692         12          0          0          0       2691   stm32f1xx_hal_dma.o
       826         34          0          0          0       3305   stm32f1xx_hal_gpio.o
       864         74          0          0          0       2482   stm32f1xx_hal_msp.o
      1784        110          0          0          0       6096   stm32f1xx_hal_rcc.o
      1222         10          0          0          0       7563   stm32f1xx_hal_uart.o
       402         84          0          4          0      21136   stm32f1xx_it.o
         0          0          0          0          0       8904   stream_buffer.o
        88         18         24          4          0       1219   system_stm32f1xx.o
      2796        346          0         60       1220      23950   tasks.o
       240         24          0          4          0        952   test.o
      1238        124          0         20        280      26803   timers.o
       662         72          0          4        192      43936   usart.o

    ----------------------------------------------------------------------
     19728       1850        292        184      11620     734893   Object Totals
         0          0         32          0          0          0   (incl. Generated)
        26          0          0          7          1          0   (incl. Padding)

    ----------------------------------------------------------------------

      Code (inc. data)   RO Data    RW Data    ZI Data      Debug   Library Member Name

         8          0          0          0          0         68   __main.o
       104          0          0          0          0         84   __printf.o
         0          0          0          0          0          0   __rtentry.o
        12          0          0          0          0          0   __rtentry2.o
         6          0          0          0          0          0   __rtentry4.o
        52          8          0          0          0          0   __scatter.o
        26          0          0          0          0          0   __scatter_copy.o
        28          0          0          0          0          0   __scatter_zi.o
        28          0          0          0          0         68   _chval.o
        44          0          0          0          0        108   _printf_char.o
        48          6          0          0          0         96   _printf_char_common.o
         6          0          0          0          0          0   _printf_d.o
       120         16          0          0          0         92   _printf_dec.o
       178          0          0          0          0         88   _printf_intcommon.o
         0          0          0          0          0          0   _printf_percent.o
         4          0          0          0          0          0   _printf_percent_end.o
         6          0          0          0          0          0   _printf_s.o
        82          0          0          0          0         80   _printf_str.o
        10          0          0          0          0         68   _sputc.o
       158          0          0          0          0         92   _strtoul.o
        16          0          0          0          0         68   aeabi_memset.o
        26          0          0          0          0         80   atoi.o
        10          0          0          0          0         68   defsig_exit.o
        50          0          0          0          0         88   defsig_general.o
        80         58          0          0          0         76   defsig_rtmem_inner.o
        14          0          0          0          0         80   defsig_rtmem_outer.o
        18          0          0          0          0         80   exit.o
        94          0          0          0          0         80   h1_alloc.o
        52          0          0          0          0         68   h1_extend.o
        78          0          0          0          0         80   h1_free.o
        14          0          0          0          0         84   h1_init.o
         6          0          0          0          0        152   heapauxi.o
         4          0          0          0          0        136   hguard.o
         0          0          0          0          0          0   indicate_semi.o
       138          0          0          0          0        168   init_alloc.o
        44         10        272          0          0         76   lc_ctype_c.o
         2          0          0          0          0          0   libinit.o
        28          0          0          0          0          0   libinit2.o
         2          0          0          0          0          0   libshutdown.o
         2          0          0          0          0          0   libshutdown2.o
         8          4          0          0         96         68   libspace.o
         0          0          0          0          0          0   maybetermalloc1.o
        40          6          0          0          0         84   noretval__2sprintf.o
        16          4          0          0          0         76   rt_ctype_table.o
         8          4          0          0          0         68   rt_errno_addr_intlibspace.o
         8          4          0          0          0         68   rt_heap_descriptor_intlibspace.o
         8          4          0          0          0         68   rt_locale_intlibspace.o
        68          0          0          0          0         68   rt_memclr.o
        78          0          0          0          0         80   rt_memclr_w.o
       138          0          0          0          0         68   rt_memcpy_v6.o
       100          0          0          0          0         80   rt_memcpy_w.o
         2          0          0          0          0          0   rtexit.o
        10          0          0          0          0          0   rtexit2.o
       128          0          0          0          0         68   strcmpv7m.o
        72          0          0          0          0         80   strcpy.o
        62          0          0          0          0         76   strlen.o
        36          0          0          0          0         80   strstr.o
       112          0          0          0          0         88   strtol.o
        12          4          0          0          0         68   sys_exit.o
        74          0          0          0          0         80   sys_stackheap_outer.o
        14          0          0          0          0         76   sys_wrch.o
         2          0          0          0          0         68   use_no_semi.o

    ----------------------------------------------------------------------
      2604        128        272          0        100       3640   Library Totals
        10          0          0          0          4          0   (incl. Padding)

    ----------------------------------------------------------------------

      Code (inc. data)   RO Data    RW Data    ZI Data      Debug   Library Name

      2594        128        272          0         96       3640   c_w.l

    ----------------------------------------------------------------------
      2604        128        272          0        100       3640   Library Totals

    ----------------------------------------------------------------------

==============================================================================


      Code (inc. data)   RO Data    RW Data    ZI Data      Debug   

     22332       1978        564        184      11720     727037   Grand Totals
     22332       1978        564        184      11720     727037   ELF Image Totals
     22332       1978        564        184          0          0   ROM Totals

==============================================================================

    Total RO  Size (Code + RO Data)                22896 (  22.36kB)
    Total RW  Size (RW Data + ZI Data)             11904 (  11.63kB)
    Total ROM Size (Code + RO Data + RW Data)      23080 (  22.54kB)

==============================================================================

