<html>
<body>
<pre>
<h1>µVision Build Log</h1>
<h2>Tool Versions:</h2>
IDE-Version: µVision V5.34.0.0
Copyright (C) 2021 ARM Ltd and ARM Germany GmbH. All rights reserved.
License Information: kave rafie, ravis, LIC=JL28G-VKMBM-KPNZY-IWNX7-YXSRH-FIU8E
 
Tool Versions:
Toolchain:       MDK-ARM Plus  Version: 5.34.0.0
Toolchain Path:  C:\Keil_v5\ARM\ARMCC\Bin
C Compiler:      Armcc.exe V5.06 update 7 (build 960)
Assembler:       Armasm.exe V5.06 update 7 (build 960)
Linker/Locator:  ArmLink.exe V5.06 update 7 (build 960)
Library Manager: ArmAr.exe V5.06 update 7 (build 960)
Hex Converter:   FromElf.exe V5.06 update 7 (build 960)
CPU DLL:         SARMCM3.DLL V5.34.0.0
Dialog DLL:      DCM.DLL V1.17.3.0
Target DLL:      STLink\ST-LINKIII-KEIL_SWO.dll V3.0.8.0
Dialog DLL:      TCM.DLL V1.48.0.0
 
<h2>Project:</h2>
C:\Users\kave\Desktop\Ravis_Kave\ravis_shared\GSM\GSM_STM32F103\MDK-ARM\GSM_STM32F103.uvprojx
Project File Date:  09/29/2024

<h2>Output:</h2>
*** Using Compiler 'V5.06 update 7 (build 960)', folder: 'C:\Keil_v5\ARM\ARMCC\Bin'
Build target 'GSM_STM32F103'
compiling mc60_mqtt.c...
../Core/Inc/../LIB/STM32f1_Peripheral/Clock.h(8): warning:  #1-D: last line of file ends without a newline
  #endif
../Core/Inc/../LIB/STM32f1_Peripheral/USART.h(27): warning:  #1-D: last line of file ends without a newline
  #endif
../Core/Inc/../LIB/STM32f1_Peripheral/CAN.h(6): warning:  #1295-D: Deprecated declaration MX_CAN_Init - give arg types
  void MX_CAN_Init();
../Core/Inc/../LIB/STM32f1_Peripheral/CAN.h(12): warning:  #1-D: last line of file ends without a newline
  #endif
../Core/Inc/../LIB/STM32f1_Peripheral/TIMER.h(9): warning:  #1-D: last line of file ends without a newline
  #endif
../Core/Inc/../LIB/STM32f1_Peripheral/DMA.h(8): warning:  #1-D: last line of file ends without a newline
  #endif
../Core/Inc/../LIB/GSM/Initialization.H(8): warning:  #1-D: last line of file ends without a newline
  #endif /* __INITIALIZATION_H */
../Core/Inc/../LIB/GSM/test.H(6): warning:  #1295-D: Deprecated declaration read_json_advance - give arg types
  void read_json_advance();
../Core/Inc/../LIB/GSM/test.H(15): warning:  #1-D: last line of file ends without a newline
  #endif /* __TEST_H */
../Core/Inc/../LIB/GSM/ESP8266.H(7): warning:  #1295-D: Deprecated declaration esp_random_connect_to_server - give arg types
  void esp_random_connect_to_server();
../Core/Inc/../LIB/GSM/ESP8266.H(8): warning:  #1295-D: Deprecated declaration esp8266_connection_test - give arg types
  void esp8266_connection_test();
../Core/Inc/../LIB/GSM/ESP8266.H(9): warning:  #1295-D: Deprecated declaration manage_esp_responce - give arg types
  void manage_esp_responce();
../Core/Inc/../LIB/GSM/ESP8266.H(12): warning:  #1295-D: Deprecated declaration clear_esp_buffer - give arg types
  void clear_esp_buffer();
../Core/Inc/../LIB/GSM/ESP8266.H(13): warning:  #1295-D: Deprecated declaration esp8266_send_en_user - give arg types
  void esp8266_send_en_user();
../Core/Inc/../LIB/GSM/ESP8266.H(45): warning:  #1-D: last line of file ends without a newline
  #endif /* ESP8266 */
../Core/Inc/../LIB/GSM/modbus_gsm.H(8): warning:  #1295-D: Deprecated declaration modbus_slave_manager_recive - give arg types
  void modbus_slave_manager_recive();
../Core/Inc/../LIB/GSM/modbus_gsm.H(10): warning:  #1-D: last line of file ends without a newline
  #endif /* __MODBUS_GSM_H */
../Core/Inc/../LIB/GSM/advance.h(7): warning:  #1295-D: Deprecated declaration advance_led_show - give arg types
  void advance_led_show();
../Core/Inc/../LIB/GSM/advance.h(8): warning:  #1295-D: Deprecated declaration advance_connection_test - give arg types
  void advance_connection_test();
../Core/Inc/../LIB/GSM/advance.h(10): warning:  #1295-D: Deprecated declaration manage_advance_responce - give arg types
  void manage_advance_responce();
../Core/Inc/../LIB/GSM/advance.h(11): warning:  #1295-D: Deprecated declaration advance_manager - give arg types
  void advance_manager();
../Core/Inc/../LIB/GSM/advance.h(21): warning:  #1-D: last line of file ends without a newline
  #endif /* __ADVANCE_H */
../Core/Inc/../LIB/GSM/sim800.h(8): warning:  #1295-D: Deprecated declaration sim800_turn_on_internet - give arg types
  void sim800_turn_on_internet();
../Core/Inc/../LIB/GSM/sim800.h(9): warning:  #1295-D: Deprecated declaration clear_sim_buffer - give arg types
  void clear_sim_buffer();
../Core/Inc/../LIB/GSM/sim800.h(14): warning:  #1295-D: Deprecated declaration sim800_led_show - give arg types
  void sim800_led_show();
../Core/Inc/../LIB/GSM/sim800.h(22): warning:  #1-D: last line of file ends without a newline
  #endif /* __SIM800_H */
../Core/Inc/../LIB/GSM/mqtt_tcp.h(7): warning:  #1295-D: Deprecated declaration mqtt_tcp_packet_connect - give arg types
  void mqtt_tcp_packet_connect();
../Core/Inc/../LIB/GSM/mqtt_tcp.h(8): warning:  #1295-D: Deprecated declaration SIM_MQTT - give arg types
  void SIM_MQTT();
../Core/Inc/../LIB/GSM/mqtt_tcp.h(10): warning:  #1-D: last line of file ends without a newline
  #endif /* __MQTT_TCP_H */
../Core/Inc/../LIB/GSM/mc60_mqtt.h(8): warning:  #1-D: last line of file ends without a newline
  #endif /* __MC60_MQTT_H */
../Core/Inc/../LIB/GSM/JSON/json.H(13): warning:  #1295-D: Deprecated declaration json_get_data_dma - give arg types
  void json_get_data_dma();
../Core/Inc/../LIB/GSM/JSON/json.H(14): warning:  #1295-D: Deprecated declaration read_protocol_json - give arg types
  void read_protocol_json();
../Core/Inc/../LIB/GSM/JSON/json.H(15): warning:  #1295-D: Deprecated declaration reset_json - give arg types
  void reset_json();
../Core/Inc/../LIB/GSM/JSON/json.H(44): warning:  #1-D: last line of file ends without a newline
  #endif /* __JSON_H */
../Core/Inc/../LIB/MODBUS/CRC.h(8): warning:  #1-D: last line of file ends without a newline
  #endif
../Core/Inc/../LIB/MODBUS/modbus.h(12): warning:  #1295-D: Deprecated declaration modbus_master_1ms - give arg types
  void modbus_master_1ms();
../Core/Inc/../LIB/MODBUS/modbus.h(13): warning:  #1295-D: Deprecated declaration modbus_time_out_get - give arg types
  char modbus_time_out_get();
../Core/Inc/../LIB/MODBUS/modbus.h(14): warning:  #1295-D: Deprecated declaration modbus_master_read_reginter_it - give arg types
  void modbus_master_read_reginter_it();
../Core/Inc/../LIB/MODBUS/modbus.h(20): warning:  #1295-D: Deprecated declaration modbus_slave_manage - give arg types
  char modbus_slave_manage();
../Core/Inc/../LIB/MODBUS/modbus.h(22): warning:  #1295-D: Deprecated declaration modbus_test - give arg types
  void modbus_test();
../Core/Inc/../LIB/MODBUS/modbus.h(45): warning:  #1-D: last line of file ends without a newline
  #endif
../Core/Inc/../LIB/SOFT_WARE_TIMER/CPU_TIMER.H(26): warning:  #1295-D: Deprecated declaration ini_cpu_timer - give arg types
  	void ini_cpu_timer();
../Core/Inc/../LIB/SOFT_WARE_TIMER/CPU_TIMER.H(27): warning:  #1295-D: Deprecated declaration timer_second_manager - give arg types
  	void timer_second_manager();
../Core/Inc/../LIB/SOFT_WARE_TIMER/CPU_TIMER.H(28): warning:  #1295-D: Deprecated declaration timer_basic_manager - give arg types
  	void timer_basic_manager();
..\Core\LIB\GSM\mc60_mqtt.c(31): warning:  #188-D: enumerated type mixed with another type
  	if ( mc60_status.SIM_CART_INSERT != 1 ) LED_SIM(0);
..\Core\LIB\GSM\mc60_mqtt.c(33): warning:  #188-D: enumerated type mixed with another type
  	if ( mc60_status.MQTT_READY == 1 && mc60_status.SIM_CART_INSERT == 1  ) LED_SIM(1);
..\Core\LIB\GSM\mc60_mqtt.c(52): warning:  #223-D: function "osDelay" declared implicitly
  	osDelay(1000);
..\Core\LIB\GSM\mc60_mqtt.c(92): warning:  #167-D: argument of type "volatile uint8_t *" is incompatible with parameter of type "char *"
  					mc60_mqtt_pub("gsm",modbus_slave.buf);
..\Core\LIB\GSM\mc60_mqtt.c(81): warning:  #177-D: variable "num"  was declared but never referenced
  			int num=0;
..\Core\LIB\GSM\mc60_mqtt.c(134): warning:  #223-D: function "osDelay" declared implicitly
  	osDelay(100);
..\Core\LIB\GSM\mc60_mqtt.c(151): warning:  #223-D: function "osDelay" declared implicitly
  	osDelay(5);
..\Core\LIB\GSM\mc60_mqtt.c: 51 warnings, 0 errors
linking...
Program Size: Code=22808 RO-data=564 RW-data=184 ZI-data=11720  
FromELF: creating hex file...
"GSM_STM32F103\GSM_STM32F103.axf" - 0 Error(s), 51 Warning(s).

<h2>Software Packages used:</h2>

Package Vendor: ARM
                http://www.keil.com/pack/ARM.CMSIS.5.9.0.pack
                ARM.CMSIS.5.9.0
                CMSIS (Common Microcontroller Software Interface Standard)
   * Component: CORE Version: 5.6.0

Package Vendor: Keil
                https://www.keil.com/pack/Keil.ARM_Compiler.1.7.2.pack
                Keil.ARM_Compiler.1.7.2
                Keil ARM Compiler extensions for ARM Compiler 5 and ARM Compiler 6
   * Component: STDOUT Variant: User Version: 1.2.0

Package Vendor: Keil
                https://www.keil.com/pack/Keil.STM32F1xx_DFP.2.4.1.pack
                Keil.STM32F1xx_DFP.2.4.1
                STMicroelectronics STM32F1 Series Device Support, Drivers and Examples

<h2>Collection of Component include folders:</h2>
  .\RTE\_GSM_STM32F103
  C:\Users\kave\AppData\Local\Arm\Packs\ARM\CMSIS\5.9.0\CMSIS\Core\Include
  C:\Users\kave\AppData\Local\Arm\Packs\Keil\STM32F1xx_DFP\2.4.1\Device\Include

<h2>Collection of Component Files used:</h2>

   * Component: ARM::CMSIS:CORE:5.6.0

   * Component: Keil.ARM Compiler::Compiler:I/O:STDOUT:User:1.2.0
      Source file:   Template\stdout_display.c
      Source file:   Source\retarget_io.c
      Source file:   Template\stdout_user.c
      Source file:   Template\stdout_USART.c
Build Time Elapsed:  00:00:22
</pre>
</body>
</html>
